../Middlewares/lvgl/src/draw/../../include/lvgl/core/../font/../draw/../stdlib/lv_string.h:73:20:lv_memzero	16	static
../Middlewares/lvgl/src/draw/lv_draw_buf.c:52:6:lv_draw_buf_init_handlers	8	static
../Middlewares/lvgl/src/draw/lv_draw_buf.c:59:6:lv_draw_buf_init_with_default_handlers	32	static
../Middlewares/lvgl/src/draw/lv_draw_buf.c:66:6:lv_draw_buf_handlers_init	24	static
../Middlewares/lvgl/src/draw/lv_draw_buf.c:87:26:lv_draw_buf_get_handlers	4	static
../Middlewares/lvgl/src/draw/lv_draw_buf.c:92:26:lv_draw_buf_get_font_handlers	4	static
../Middlewares/lvgl/src/draw/lv_draw_buf.c:97:26:lv_draw_buf_get_image_handlers	4	static
../Middlewares/lvgl/src/draw/lv_draw_buf.c:102:10:lv_draw_buf_width_to_stride	16	static
../Middlewares/lvgl/src/draw/lv_draw_buf.c:107:10:lv_draw_buf_width_to_stride_ex	24	static
../Middlewares/lvgl/src/draw/lv_draw_buf.c:116:8:lv_draw_buf_align	16	static
../Middlewares/lvgl/src/draw/lv_draw_buf.c:123:8:lv_draw_buf_align_ex	24	static
../Middlewares/lvgl/src/draw/lv_draw_buf.c:132:6:lv_draw_buf_invalidate_cache	40	static
../Middlewares/lvgl/src/draw/lv_draw_buf.c:154:6:lv_draw_buf_flush_cache	40	static
../Middlewares/lvgl/src/draw/lv_draw_buf.c:176:6:lv_draw_buf_clear	16	static
../Middlewares/lvgl/src/draw/lv_draw_buf.c:182:6:lv_draw_buf_clear_ex	88	static
../Middlewares/lvgl/src/draw/lv_draw_buf.c:239:13:lv_draw_buf_init	32	static
../Middlewares/lvgl/src/draw/lv_draw_buf.c:272:17:lv_draw_buf_create	32	static
../Middlewares/lvgl/src/draw/lv_draw_buf.c:277:17:lv_draw_buf_create_ex	40	static
../Middlewares/lvgl/src/draw/lv_draw_buf.c:317:17:lv_draw_buf_dup	16	static
../Middlewares/lvgl/src/draw/lv_draw_buf.c:324:17:lv_draw_buf_dup_ex	40	static
../Middlewares/lvgl/src/draw/lv_draw_buf.c:350:17:lv_draw_buf_reshape	32	static
../Middlewares/lvgl/src/draw/lv_draw_buf.c:376:6:lv_draw_buf_destroy	24	static
../Middlewares/lvgl/src/draw/lv_draw_buf.c:402:6:lv_draw_buf_copy	32	static
../Middlewares/lvgl/src/draw/lv_draw_buf.c:417:6:lv_draw_buf_is_position_valid	24	static
../Middlewares/lvgl/src/draw/lv_draw_buf.c:422:8:lv_draw_buf_goto_xy	32	static
../Middlewares/lvgl/src/draw/lv_draw_buf.c:442:13:lv_draw_buf_adjust_stride	72	static
../Middlewares/lvgl/src/draw/lv_draw_buf.c:511:13:lv_draw_buf_premultiply	40	static
../Middlewares/lvgl/src/draw/lv_draw_buf.c:538:6:lv_draw_buf_set_palette	32	static
../Middlewares/lvgl/src/draw/lv_draw_buf.c:548:13:lv_draw_buf_from_image	48	static
../Middlewares/lvgl/src/draw/lv_draw_buf.c:563:6:lv_draw_buf_to_image	16	static
../Middlewares/lvgl/src/draw/lv_draw_buf.c:571:6:lv_image_buf_set_palette	24	static
../Middlewares/lvgl/src/draw/lv_draw_buf.c:579:6:lv_image_buf_free	16	static
../Middlewares/lvgl/src/draw/lv_draw_buf.c:592:6:lv_draw_buf_has_flag	16	static
../Middlewares/lvgl/src/draw/lv_draw_buf.c:598:6:lv_draw_buf_set_flag	16	static
../Middlewares/lvgl/src/draw/lv_draw_buf.c:604:6:lv_draw_buf_clear_flag	16	static
../Middlewares/lvgl/src/draw/lv_draw_buf.c:614:15:buf_malloc	16	static
../Middlewares/lvgl/src/draw/lv_draw_buf.c:623:13:buf_free	16	static
../Middlewares/lvgl/src/draw/lv_draw_buf.c:628:13:buf_copy	56	static
../Middlewares/lvgl/src/draw/lv_draw_buf.c:691:15:buf_align	24	static
../Middlewares/lvgl/src/draw/lv_draw_buf.c:702:17:width_to_stride	24	static
../Middlewares/lvgl/src/draw/lv_draw_buf.c:711:15:draw_buf_malloc	24	static
../Middlewares/lvgl/src/draw/lv_draw_buf.c:718:13:draw_buf_free	16	static
../Middlewares/lvgl/src/draw/lv_draw_buf.c:730:17:_calculate_draw_buf_size	32	static
../Middlewares/lvgl/src/draw/lv_draw_buf.c:748:13:draw_buf_get_full_area	32	static
