../Libs/lvgl/src/widgets/roller/lv_roller.c:373:13:lv_roller_destructor	0	static
../Libs/lvgl/src/widgets/roller/lv_roller.c:953:13:set_y_anim	0	static
../Libs/lvgl/src/widgets/roller/../../core/lv_obj_style_internal_gen.h:1245:33:lv_obj_get_style_text_font_internal	16	static
../Libs/lvgl/src/widgets/roller/lv_roller.c:921:19:get_label	0	static
../Libs/lvgl/src/widgets/roller/../../core/lv_obj_style_internal_gen.h:1271:23:lv_obj_get_style_text_line_space_internal.constprop	16	static
../Libs/lvgl/src/widgets/roller/lv_roller.c:716:13:get_sel_area	40	static
../Libs/lvgl/src/widgets/roller/lv_roller.c:893:13:inf_normalize	24	static
../Libs/lvgl/src/widgets/roller/lv_roller.c:945:13:scroll_anim_completed_cb	8	static
../Libs/lvgl/src/widgets/roller/lv_roller.c:741:13:refr_position	136	static
../Libs/lvgl/src/widgets/roller/lv_roller.c:574:13:draw_main	288	static
../Libs/lvgl/src/widgets/roller/lv_roller.c:959:13:transform_vect_recursive	48	static
../Libs/lvgl/src/widgets/roller/lv_roller.c:927:16:get_selected_label_width	40	static
../Libs/lvgl/src/widgets/roller/lv_roller.c:542:13:lv_roller_label_event	232	static
../Libs/lvgl/src/widgets/roller/lv_roller.c:115:12:lv_roller_create	8	static
../Libs/lvgl/src/widgets/roller/lv_roller.c:127:6:lv_roller_set_options	48	static
../Libs/lvgl/src/widgets/roller/lv_roller.c:350:13:lv_roller_constructor	16	static
../Libs/lvgl/src/widgets/roller/lv_roller.c:170:6:lv_roller_set_selected	16	static
../Libs/lvgl/src/widgets/roller/lv_roller.c:396:13:lv_roller_event	56	static
../Libs/lvgl/src/widgets/roller/lv_roller.c:234:6:lv_roller_set_visible_row_count	32	static
../Libs/lvgl/src/widgets/roller/lv_roller.c:248:10:lv_roller_get_selected	0	static
../Libs/lvgl/src/widgets/roller/lv_roller.c:1079:13:roller_value_observer_cb	16	static
../Libs/lvgl/src/widgets/roller/lv_roller.c:1067:13:roller_value_changed_event_cb	16	static
../Libs/lvgl/src/widgets/roller/lv_roller.c:276:14:lv_roller_get_options	8	static
../Libs/lvgl/src/widgets/roller/lv_roller.c:204:6:lv_roller_set_selected_str	32	static
../Libs/lvgl/src/widgets/roller/lv_roller.c:283:10:lv_roller_get_option_count	0	static
../Libs/lvgl/src/widgets/roller/lv_roller.c:298:17:lv_roller_bind_value	16	static
../Libs/lvgl/src/widgets/roller/lv_roller.c:314:13:lv_roller_get_option_str	24	static
../Libs/lvgl/src/widgets/roller/lv_roller.c:262:6:lv_roller_get_selected_str	4	static
