../Libs/lvgl/src/widgets/spinbox/lv_spinbox.c:115:12:lv_spinbox_create	24	static
../Libs/lvgl/src/widgets/spinbox/lv_spinbox.c:127:6:lv_spinbox_set_value	24	static
../Libs/lvgl/src/widgets/spinbox/lv_spinbox.c:140:6:lv_spinbox_set_rollover	24	static
../Libs/lvgl/src/widgets/spinbox/lv_spinbox.c:148:6:lv_spinbox_set_digit_format	64	static
../Libs/lvgl/src/widgets/spinbox/lv_spinbox.c:169:6:lv_spinbox_set_digit_count	24	static
../Libs/lvgl/src/widgets/spinbox/lv_spinbox.c:181:6:lv_spinbox_set_dec_point_pos	24	static
../Libs/lvgl/src/widgets/spinbox/lv_spinbox.c:191:6:lv_spinbox_set_step	24	static
../Libs/lvgl/src/widgets/spinbox/lv_spinbox.c:200:6:lv_spinbox_set_range	32	static
../Libs/lvgl/src/widgets/spinbox/lv_spinbox.c:214:6:lv_spinbox_set_min_value	24	static
../Libs/lvgl/src/widgets/spinbox/lv_spinbox.c:226:6:lv_spinbox_set_max_value	24	static
../Libs/lvgl/src/widgets/spinbox/lv_spinbox.c:238:6:lv_spinbox_set_cursor_pos	32	static
../Libs/lvgl/src/widgets/spinbox/lv_spinbox.c:252:6:lv_spinbox_set_digit_step_direction	24	static
../Libs/lvgl/src/widgets/spinbox/lv_spinbox.c:264:9:lv_spinbox_get_value	24	static
../Libs/lvgl/src/widgets/spinbox/lv_spinbox.c:272:9:lv_spinbox_get_step	24	static
../Libs/lvgl/src/widgets/spinbox/lv_spinbox.c:284:6:lv_spinbox_step_next	24	static
../Libs/lvgl/src/widgets/spinbox/lv_spinbox.c:295:6:lv_spinbox_step_prev	32	static
../Libs/lvgl/src/widgets/spinbox/lv_spinbox.c:307:6:lv_spinbox_get_rollover	24	static
../Libs/lvgl/src/widgets/spinbox/lv_spinbox.c:315:10:lv_spinbox_get_digit_count	24	static
../Libs/lvgl/src/widgets/spinbox/lv_spinbox.c:322:10:lv_spinbox_get_dec_point_pos	24	static
../Libs/lvgl/src/widgets/spinbox/lv_spinbox.c:329:9:lv_spinbox_get_min_value	24	static
../Libs/lvgl/src/widgets/spinbox/lv_spinbox.c:336:9:lv_spinbox_get_max_value	24	static
../Libs/lvgl/src/widgets/spinbox/lv_spinbox.c:343:10:lv_spinbox_get_digit_step_direction	24	static
../Libs/lvgl/src/widgets/spinbox/lv_spinbox.c:350:6:lv_spinbox_increment	24	static
../Libs/lvgl/src/widgets/spinbox/lv_spinbox.c:379:6:lv_spinbox_decrement	24	static
../Libs/lvgl/src/widgets/spinbox/lv_spinbox.c:409:17:lv_spinbox_bind_value	24	static
../Libs/lvgl/src/widgets/spinbox/lv_spinbox.c:429:13:lv_spinbox_constructor	24	static
../Libs/lvgl/src/widgets/spinbox/lv_spinbox.c:455:13:lv_spinbox_event	88	static
../Libs/lvgl/src/widgets/spinbox/lv_spinbox.c:562:13:lv_spinbox_updatevalue	88	static
../Libs/lvgl/src/widgets/spinbox/lv_spinbox.c:640:13:spinbox_value_changed_event_cb	24	static
../Libs/lvgl/src/widgets/spinbox/lv_spinbox.c:659:13:spinbox_value_observer_cb	16	static
