../Libs/lvgl/src/widgets/image/../../core/lv_obj_style_internal_gen.h:964:24:lv_obj_get_style_image_opa_internal	24	static
../Libs/lvgl/src/widgets/image/../../core/lv_obj_style_internal_gen.h:1245:33:lv_obj_get_style_text_font_internal	24	static
../Libs/lvgl/src/widgets/image/../../core/lv_obj_style_internal_gen.h:1258:23:lv_obj_get_style_text_letter_space_internal	24	static
../Libs/lvgl/src/widgets/image/../../core/lv_obj_style_internal_gen.h:1271:23:lv_obj_get_style_text_line_space_internal	24	static
../Libs/lvgl/src/widgets/image/../../core/lv_obj_style_internal_gen.h:1522:23:lv_obj_get_style_radius_internal	24	static
../Libs/lvgl/src/widgets/image/lv_image.c:136:12:lv_image_create	24	static
../Libs/lvgl/src/widgets/image/lv_image.c:148:6:lv_image_set_src	80	static
../Libs/lvgl/src/widgets/image/lv_image.c:262:6:lv_image_set_offset_x	24	static
../Libs/lvgl/src/widgets/image/lv_image.c:272:6:lv_image_set_offset_y	24	static
../Libs/lvgl/src/widgets/image/lv_image.c:282:6:lv_image_set_rotation	80	static
../Libs/lvgl/src/widgets/image/lv_image.c:327:6:lv_image_set_pivot	88	static
../Libs/lvgl/src/widgets/image/lv_image.c:370:6:lv_image_set_pivot_x	24	static
../Libs/lvgl/src/widgets/image/lv_image.c:378:6:lv_image_set_pivot_y	24	static
../Libs/lvgl/src/widgets/image/lv_image.c:386:6:lv_image_set_scale	24	static
../Libs/lvgl/src/widgets/image/lv_image.c:402:6:lv_image_set_scale_x	24	static
../Libs/lvgl/src/widgets/image/lv_image.c:418:6:lv_image_set_scale_y	24	static
../Libs/lvgl/src/widgets/image/lv_image.c:434:6:lv_image_set_blend_mode	24	static
../Libs/lvgl/src/widgets/image/lv_image.c:448:6:lv_image_set_antialias	24	static
../Libs/lvgl/src/widgets/image/lv_image.c:459:6:lv_image_set_inner_align	24	static
../Libs/lvgl/src/widgets/image/lv_image.c:478:6:lv_image_set_bitmap_map_src	24	static
../Libs/lvgl/src/widgets/image/lv_image.c:490:14:lv_image_get_src	24	static
../Libs/lvgl/src/widgets/image/lv_image.c:499:9:lv_image_get_offset_x	24	static
../Libs/lvgl/src/widgets/image/lv_image.c:508:9:lv_image_get_offset_y	24	static
../Libs/lvgl/src/widgets/image/lv_image.c:517:9:lv_image_get_rotation	24	static
../Libs/lvgl/src/widgets/image/lv_image.c:526:6:lv_image_get_pivot	24	static
../Libs/lvgl/src/widgets/image/lv_image.c:537:9:lv_image_get_scale	24	static
../Libs/lvgl/src/widgets/image/lv_image.c:546:9:lv_image_get_scale_x	24	static
../Libs/lvgl/src/widgets/image/lv_image.c:555:9:lv_image_get_scale_y	24	static
../Libs/lvgl/src/widgets/image/lv_image.c:564:9:lv_image_get_src_width	24	static
../Libs/lvgl/src/widgets/image/lv_image.c:574:9:lv_image_get_src_height	24	static
../Libs/lvgl/src/widgets/image/lv_image.c:584:9:lv_image_get_transformed_width	80	static
../Libs/lvgl/src/widgets/image/lv_image.c:600:9:lv_image_get_transformed_height	80	static
../Libs/lvgl/src/widgets/image/lv_image.c:616:17:lv_image_get_blend_mode	24	static
../Libs/lvgl/src/widgets/image/lv_image.c:625:6:lv_image_get_antialias	24	static
../Libs/lvgl/src/widgets/image/lv_image.c:634:18:lv_image_get_inner_align	24	static
../Libs/lvgl/src/widgets/image/lv_image.c:643:24:lv_image_get_bitmap_map_src	24	static
../Libs/lvgl/src/widgets/image/lv_image.c:654:17:lv_image_bind_src	24	static
../Libs/lvgl/src/widgets/image/lv_image.c:673:13:lv_image_constructor	24	static
../Libs/lvgl/src/widgets/image/lv_image.c:700:13:lv_image_destructor	24	static
../Libs/lvgl/src/widgets/image/lv_image.c:712:13:lv_image_event	144	static
../Libs/lvgl/src/widgets/image/lv_image.c:799:13:draw_image	304	static
../Libs/lvgl/src/widgets/image/lv_image.c:965:13:scale_update	88	static
../Libs/lvgl/src/widgets/image/lv_image.c:1001:13:update_align	56	static
../Libs/lvgl/src/widgets/image/lv_image.c:1047:13:reset_image_attributes	24	static
../Libs/lvgl/src/widgets/image/lv_image.c:1065:13:image_src_observer_cb	16	static
