../Libs/lvgl/src/widgets/image/lv_image.c:673:13:lv_image_constructor	16	static
../Libs/lvgl/src/widgets/image/lv_image.c:1047:13:reset_image_attributes	8	static
../Libs/lvgl/src/widgets/image/lv_image.c:700:13:lv_image_destructor	8	static
../Libs/lvgl/src/widgets/image/lv_image.c:136:12:lv_image_create	8	static
../Libs/lvgl/src/widgets/image/lv_image.c:262:6:lv_image_set_offset_x	0	static
../Libs/lvgl/src/widgets/image/lv_image.c:272:6:lv_image_set_offset_y	0	static
../Libs/lvgl/src/widgets/image/lv_image.c:434:6:lv_image_set_blend_mode	0	static
../Libs/lvgl/src/widgets/image/lv_image.c:448:6:lv_image_set_antialias	0	static
../Libs/lvgl/src/widgets/image/lv_image.c:478:6:lv_image_set_bitmap_map_src	0	static
../Libs/lvgl/src/widgets/image/lv_image.c:490:14:lv_image_get_src	0	static
../Libs/lvgl/src/widgets/image/lv_image.c:499:9:lv_image_get_offset_x	0	static
../Libs/lvgl/src/widgets/image/lv_image.c:508:9:lv_image_get_offset_y	0	static
../Libs/lvgl/src/widgets/image/lv_image.c:517:9:lv_image_get_rotation	0	static
../Libs/lvgl/src/widgets/image/lv_image.c:526:6:lv_image_get_pivot	16	static
../Libs/lvgl/src/widgets/image/lv_image.c:965:13:scale_update	72	static
../Libs/lvgl/src/widgets/image/lv_image.c:386:6:lv_image_set_scale	0	static
../Libs/lvgl/src/widgets/image/lv_image.c:402:6:lv_image_set_scale_x	0	static
../Libs/lvgl/src/widgets/image/lv_image.c:418:6:lv_image_set_scale_y	0	static
../Libs/lvgl/src/widgets/image/lv_image.c:282:6:lv_image_set_rotation	64	static
../Libs/lvgl/src/widgets/image/lv_image.c:327:6:lv_image_set_pivot	72	static
../Libs/lvgl/src/widgets/image/lv_image.c:1001:13:update_align	16	static
../Libs/lvgl/src/widgets/image/lv_image.c:148:6:lv_image_set_src	64	static
../Libs/lvgl/src/widgets/image/lv_image.c:1065:13:image_src_observer_cb	0	static
../Libs/lvgl/src/widgets/image/lv_image.c:459:6:lv_image_set_inner_align	16	static
../Libs/lvgl/src/widgets/image/lv_image.c:370:6:lv_image_set_pivot_x	0	static
../Libs/lvgl/src/widgets/image/lv_image.c:378:6:lv_image_set_pivot_y	0	static
../Libs/lvgl/src/widgets/image/lv_image.c:712:13:lv_image_event	232	static
../Libs/lvgl/src/widgets/image/lv_image.c:537:9:lv_image_get_scale	0	static
../Libs/lvgl/src/widgets/image/lv_image.c:546:9:lv_image_get_scale_x	0	static
../Libs/lvgl/src/widgets/image/lv_image.c:555:9:lv_image_get_scale_y	0	static
../Libs/lvgl/src/widgets/image/lv_image.c:564:9:lv_image_get_src_width	8	static
../Libs/lvgl/src/widgets/image/lv_image.c:574:9:lv_image_get_src_height	8	static
../Libs/lvgl/src/widgets/image/lv_image.c:584:9:lv_image_get_transformed_width	56	static
../Libs/lvgl/src/widgets/image/lv_image.c:600:9:lv_image_get_transformed_height	56	static
../Libs/lvgl/src/widgets/image/lv_image.c:616:17:lv_image_get_blend_mode	0	static
../Libs/lvgl/src/widgets/image/lv_image.c:625:6:lv_image_get_antialias	0	static
../Libs/lvgl/src/widgets/image/lv_image.c:634:18:lv_image_get_inner_align	0	static
../Libs/lvgl/src/widgets/image/lv_image.c:643:24:lv_image_get_bitmap_map_src	0	static
../Libs/lvgl/src/widgets/image/lv_image.c:654:17:lv_image_bind_src	4	static
