../Libs/lvgl/src/misc/cache/class/../../../../include/lvgl/core/../font/../draw/../stdlib/lv_string.h:73:20:lv_memzero	16	static
../Libs/lvgl/src/misc/cache/class/lv_cache_lru_ll.c:144:15:alloc_new_node	32	static
../Libs/lvgl/src/misc/cache/class/lv_cache_lru_ll.c:166:15:alloc_cb	16	static
../Libs/lvgl/src/misc/cache/class/lv_cache_lru_ll.c:179:13:init_cnt_cb	32	static
../Libs/lvgl/src/misc/cache/class/lv_cache_lru_ll.c:197:13:init_size_cb	32	static
../Libs/lvgl/src/misc/cache/class/lv_cache_lru_ll.c:215:13:destroy_cb	24	static
../Libs/lvgl/src/misc/cache/class/lv_cache_lru_ll.c:231:27:get_cb	40	static
../Libs/lvgl/src/misc/cache/class/lv_cache_lru_ll.c:262:27:add_cb	32	static
../Libs/lvgl/src/misc/cache/class/lv_cache_lru_ll.c:285:13:remove_cb	32	static
../Libs/lvgl/src/misc/cache/class/lv_cache_lru_ll.c:305:13:drop_cb	40	static
../Libs/lvgl/src/misc/cache/class/lv_cache_lru_ll.c:329:13:drop_all_cb	32	static
../Libs/lvgl/src/misc/cache/class/lv_cache_lru_ll.c:361:27:get_victim_cb	32	static
../Libs/lvgl/src/misc/cache/class/lv_cache_lru_ll.c:380:36:reserve_cond_cb	32	static
../Libs/lvgl/src/misc/cache/class/lv_cache_lru_ll.c:404:17:cnt_get_data_size_cb	16	static
../Libs/lvgl/src/misc/cache/class/lv_cache_lru_ll.c:410:17:size_get_data_size_cb	24	static
../Libs/lvgl/src/misc/cache/class/lv_cache_lru_ll.c:416:20:cache_iter_create_cb	16	static
../Libs/lvgl/src/misc/cache/class/lv_cache_lru_ll.c:421:20:cache_iter_next_cb	40	static
