../Libs/lvgl/src/widgets/menu/lv_menu.c:671:13:lv_menu_destructor	0	static
../Libs/lvgl/src/widgets/menu/lv_menu.c:721:13:lv_menu_section_constructor	8	static
../Libs/lvgl/src/widgets/menu/lv_menu.c:712:13:lv_menu_cont_constructor	8	static
../Libs/lvgl/src/widgets/menu/lv_menu.c:603:13:lv_menu_constructor	16	static
../Libs/lvgl/src/widgets/menu/lv_menu.c:698:13:lv_menu_page_destructor	8	static
../Libs/lvgl/src/widgets/menu/lv_menu.c:844:13:lv_menu_obj_delete_event_cb	8	static
../Libs/lvgl/src/widgets/menu/lv_menu.c:685:13:lv_menu_page_constructor	8	static
../Libs/lvgl/src/widgets/menu/lv_menu.c:891:13:lv_menu_value_changed_event_cb	8	static
../Libs/lvgl/src/widgets/menu/lv_menu.c:765:13:lv_menu_refr_main_header_mode	8	static
../Libs/lvgl/src/widgets/menu/lv_menu.c:729:13:lv_menu_refr_sidebar_header_mode	8	static
../Libs/lvgl/src/widgets/menu/lv_menu.c:136:12:lv_menu_create	8	static
../Libs/lvgl/src/widgets/menu/lv_menu.c:163:12:lv_menu_cont_create	8	static
../Libs/lvgl/src/widgets/menu/lv_menu.c:178:12:lv_menu_section_create	8	static
../Libs/lvgl/src/widgets/menu/lv_menu.c:189:12:lv_menu_separator_create	8	static
../Libs/lvgl/src/widgets/menu/lv_menu.c:373:6:lv_menu_set_mode_header	8	static
../Libs/lvgl/src/widgets/menu/lv_menu.c:400:6:lv_menu_set_load_page_event	40	static
../Libs/lvgl/src/widgets/menu/lv_menu.c:443:6:lv_menu_set_page_title	16	static
../Libs/lvgl/src/widgets/menu/lv_menu.c:145:12:lv_menu_page_create	16	static
../Libs/lvgl/src/widgets/menu/lv_menu.c:471:6:lv_menu_set_page_title_static	16	static
../Libs/lvgl/src/widgets/menu/lv_menu.c:499:12:lv_menu_get_cur_main_page	0	static
../Libs/lvgl/src/widgets/menu/lv_menu.c:508:12:lv_menu_get_cur_sidebar_page	0	static
../Libs/lvgl/src/widgets/menu/lv_menu.c:517:12:lv_menu_get_main_header	0	static
../Libs/lvgl/src/widgets/menu/lv_menu.c:526:12:lv_menu_get_main_header_back_button	0	static
../Libs/lvgl/src/widgets/menu/lv_menu.c:535:12:lv_menu_get_sidebar_header	0	static
../Libs/lvgl/src/widgets/menu/lv_menu.c:544:12:lv_menu_get_sidebar_header_back_button	0	static
../Libs/lvgl/src/widgets/menu/lv_menu.c:553:6:lv_menu_back_button_is_root	0	static
../Libs/lvgl/src/widgets/menu/lv_menu.c:570:23:lv_menu_get_mode_header	0	static
../Libs/lvgl/src/widgets/menu/lv_menu.c:578:33:lv_menu_get_mode_root_back_button	0	static
../Libs/lvgl/src/widgets/menu/lv_menu.c:586:6:lv_menu_clear_history	8	static
../Libs/lvgl/src/widgets/menu/lv_menu.c:228:6:lv_menu_set_page	16	static
../Libs/lvgl/src/widgets/menu/lv_menu.c:851:13:lv_menu_back_event_cb	24	static
../Libs/lvgl/src/widgets/menu/lv_menu.c:200:6:lv_menu_refr	24	static
../Libs/lvgl/src/widgets/menu/lv_menu.c:309:6:lv_menu_set_sidebar_page	24	static
../Libs/lvgl/src/widgets/menu/lv_menu.c:387:6:lv_menu_set_mode_root_back_button	4	static
../Libs/lvgl/src/widgets/menu/lv_menu.c:802:13:lv_menu_load_page_event_cb	16	static
