../Libs/lvgl/src/widgets/bar/lv_bar.c:351:13:lv_bar_destructor	8	static
../Libs/lvgl/src/widgets/bar/lv_bar.c:738:13:lv_bar_anim_completed	0	static
../Libs/lvgl/src/widgets/bar/lv_bar.c:729:13:lv_bar_anim	0	static
../Libs/lvgl/src/widgets/bar/lv_bar.c:755:13:lv_bar_set_value_with_anim	136	static
../Libs/lvgl/src/widgets/bar/lv_bar.c:130:12:lv_bar_create	8	static
../Libs/lvgl/src/widgets/bar/lv_bar.c:142:6:lv_bar_set_value	24	static
../Libs/lvgl/src/widgets/bar/lv_bar.c:322:13:lv_bar_constructor	16	static
../Libs/lvgl/src/widgets/bar/lv_bar.c:812:13:bar_value_observer_cb	16	static
../Libs/lvgl/src/widgets/bar/lv_bar.c:157:6:lv_bar_set_start_value	16	static
../Libs/lvgl/src/widgets/bar/lv_bar.c:175:6:lv_bar_set_range	16	static
../Libs/lvgl/src/widgets/bar/lv_bar.c:219:6:lv_bar_set_mode	0	static
../Libs/lvgl/src/widgets/bar/lv_bar.c:232:6:lv_bar_set_orientation	0	static
../Libs/lvgl/src/widgets/bar/lv_bar.c:245:9:lv_bar_get_value	0	static
../Libs/lvgl/src/widgets/bar/lv_bar.c:253:9:lv_bar_get_start_value	0	static
../Libs/lvgl/src/widgets/bar/lv_bar.c:263:9:lv_bar_get_min_value	0	static
../Libs/lvgl/src/widgets/bar/lv_bar.c:212:6:lv_bar_set_max_value	8	static
../Libs/lvgl/src/widgets/bar/lv_bar.c:270:9:lv_bar_get_max_value	0	static
../Libs/lvgl/src/widgets/bar/lv_bar.c:205:6:lv_bar_set_min_value	8	static
../Libs/lvgl/src/widgets/bar/lv_bar.c:278:15:lv_bar_get_mode	0	static
../Libs/lvgl/src/widgets/bar/lv_bar.c:286:22:lv_bar_get_orientation	0	static
../Libs/lvgl/src/widgets/bar/lv_bar.c:294:6:lv_bar_is_symmetrical	0	static
../Libs/lvgl/src/widgets/bar/lv_bar.c:361:13:draw_indic	696	static
../Libs/lvgl/src/widgets/bar/lv_bar.c:686:13:lv_bar_event	32	static
../Libs/lvgl/src/widgets/bar/lv_bar.c:304:17:lv_bar_bind_value	4	static
