../Middlewares/lvgl/src/misc/lv_area.c:40:6:lv_area_set	24	static
../Middlewares/lvgl/src/misc/lv_area.c:49:6:lv_area_set_width	16	static
../Middlewares/lvgl/src/misc/lv_area.c:55:6:lv_area_set_height	16	static
../Middlewares/lvgl/src/misc/lv_area.c:61:6:lv_area_set_pos	32	static
../Middlewares/lvgl/src/misc/lv_area.c:72:10:lv_area_get_size	24	static
../Middlewares/lvgl/src/misc/lv_area.c:82:6:lv_area_increase	24	static
../Middlewares/lvgl/src/misc/lv_area.c:91:6:lv_area_move	24	static
../Middlewares/lvgl/src/misc/lv_area.c:100:6:lv_area_intersect	32	static
../Middlewares/lvgl/src/misc/lv_area.c:120:8:lv_area_diff	88	static
../Middlewares/lvgl/src/misc/lv_area.c:188:6:lv_area_join	24	static
../Middlewares/lvgl/src/misc/lv_area.c:199:6:lv_area_is_point_on	56	static
../Middlewares/lvgl/src/misc/lv_area.c:261:6:lv_area_is_on	16	static
../Middlewares/lvgl/src/misc/lv_area.c:273:6:lv_area_is_in	40	static
../Middlewares/lvgl/src/misc/lv_area.c:305:6:lv_area_is_out	32	static
../Middlewares/lvgl/src/misc/lv_area.c:334:6:lv_area_is_equal	16	static
../Middlewares/lvgl/src/misc/lv_area.c:341:6:lv_area_align	48	static
../Middlewares/lvgl/src/misc/lv_area.c:469:6:lv_point_transform	40	static
../Middlewares/lvgl/src/misc/lv_area.c:477:6:lv_point_array_transform	80	static
../Middlewares/lvgl/src/misc/lv_area.c:543:9:lv_area_get_width	16	static
../Middlewares/lvgl/src/misc/lv_area.c:549:9:lv_area_get_height	16	static
../Middlewares/lvgl/src/misc/lv_area.c:555:12:lv_point_from_precise	32	static
../Middlewares/lvgl/src/misc/lv_area.c:567:20:lv_point_to_precise	32	static
../Middlewares/lvgl/src/misc/lv_area.c:579:6:lv_point_set	24	static
../Middlewares/lvgl/src/misc/lv_area.c:586:6:lv_point_precise_set	24	static
../Middlewares/lvgl/src/misc/lv_area.c:593:6:lv_point_swap	24	static
../Middlewares/lvgl/src/misc/lv_area.c:602:6:lv_point_precise_swap	24	static
../Middlewares/lvgl/src/misc/lv_area.c:611:9:lv_pct	16	static
../Middlewares/lvgl/src/misc/lv_area.c:616:9:lv_pct_to_px	16	static
../Middlewares/lvgl/src/misc/lv_area.c:625:6:lv_area_copy	16	static
../Middlewares/lvgl/src/misc/lv_area.c:636:13:lv_point_within_circle	48	static
