../Middlewares/lvgl/src/misc/../../include/lvgl/core/../font/../draw/../stdlib/lv_string.h:73:20:lv_memzero	16	static
../Middlewares/lvgl/src/misc/../misc/lv_array.h:85:24:lv_array_size	16	static
../Middlewares/lvgl/src/misc/lv_event.c:64:6:lv_event_push	16	static
../Middlewares/lvgl/src/misc/lv_event.c:74:6:lv_event_pop	16	static
../Middlewares/lvgl/src/misc/lv_event.c:79:13:lv_event_push_and_send	56	static
../Middlewares/lvgl/src/misc/lv_event.c:102:13:lv_event_send	80	static
../Middlewares/lvgl/src/misc/lv_event.c:154:18:lv_event_add	32	static
../Middlewares/lvgl/src/misc/lv_event.c:191:6:lv_event_remove_dsc	32	static
../Middlewares/lvgl/src/misc/lv_event.c:215:10:lv_event_get_count	16	static
../Middlewares/lvgl/src/misc/lv_event.c:221:18:lv_event_get_dsc	24	static
../Middlewares/lvgl/src/misc/lv_event.c:228:15:lv_event_dsc_get_cb	16	static
../Middlewares/lvgl/src/misc/lv_event.c:234:8:lv_event_dsc_get_user_data	16	static
../Middlewares/lvgl/src/misc/lv_event.c:241:6:lv_event_remove	24	static
../Middlewares/lvgl/src/misc/lv_event.c:257:6:lv_event_remove_all	24	static
../Middlewares/lvgl/src/misc/lv_event.c:275:8:lv_event_get_current_target	16	static
../Middlewares/lvgl/src/misc/lv_event.c:281:8:lv_event_get_target	16	static
../Middlewares/lvgl/src/misc/lv_event.c:287:17:lv_event_get_code	16	static
../Middlewares/lvgl/src/misc/lv_event.c:293:8:lv_event_get_param	16	static
../Middlewares/lvgl/src/misc/lv_event.c:299:8:lv_event_get_user_data	16	static
../Middlewares/lvgl/src/misc/lv_event.c:305:6:lv_event_stop_bubbling	16	static
../Middlewares/lvgl/src/misc/lv_event.c:311:6:lv_event_stop_trickling	16	static
../Middlewares/lvgl/src/misc/lv_event.c:317:6:lv_event_stop_processing	16	static
../Middlewares/lvgl/src/misc/lv_event.c:323:6:lv_event_free_user_data_cb	24	static
../Middlewares/lvgl/src/misc/lv_event.c:330:10:lv_event_register_id	4	static
../Middlewares/lvgl/src/misc/lv_event.c:341:6:lv_event_mark_deleted	24	static
../Middlewares/lvgl/src/misc/lv_event.c:351:14:lv_event_code_get_name	16	static
../Middlewares/lvgl/src/misc/lv_event.c:475:13:cleanup_event_list_core	40	static
../Middlewares/lvgl/src/misc/lv_event.c:493:13:cleanup_event_list	16	static
../Middlewares/lvgl/src/misc/lv_event.c:503:13:event_mark_deleting	16	static
../Middlewares/lvgl/src/misc/lv_event.c:508:13:event_is_marked_deleting	16	static
../Middlewares/lvgl/src/misc/lv_event.c:512:17:event_array_size	16	static
../Middlewares/lvgl/src/misc/lv_event.c:516:26:event_array_at	16	static
