../Libs/lvgl/src/draw/lv_draw.c:53:6:lv_draw_init	0	static
../Libs/lvgl/src/draw/lv_draw.c:60:6:lv_draw_deinit	16	static
../Libs/lvgl/src/draw/lv_draw.c:76:8:lv_draw_create_unit	8	static
../Libs/lvgl/src/draw/lv_draw.c:90:18:lv_draw_add_task	24	static
../Libs/lvgl/src/draw/lv_draw.c:200:6:lv_draw_wait_for_finish	0	static
../Libs/lvgl/src/draw/lv_draw.c:310:6:lv_draw_dispatch_wait_for_request	0	static
../Libs/lvgl/src/draw/lv_draw.c:322:6:lv_draw_dispatch_request	0	static
../Libs/lvgl/src/draw/lv_draw.c:333:10:lv_draw_get_unit_count	0	static
../Libs/lvgl/src/draw/lv_draw.c:350:18:lv_draw_get_next_available_task	40	static
../Libs/lvgl/src/draw/lv_draw.c:338:18:lv_draw_get_available_task	4	static
../Libs/lvgl/src/draw/lv_draw.c:384:10:lv_draw_get_dependent_count	16	static
../Libs/lvgl/src/draw/lv_draw.c:405:6:lv_draw_unit_send_event	48	static
../Libs/lvgl/src/draw/lv_draw.c:435:6:lv_layer_reset	8	static
../Libs/lvgl/src/draw/lv_draw.c:428:6:lv_layer_init	8	static
../Libs/lvgl/src/draw/lv_draw.c:470:6:lv_draw_layer_init	24	static
../Libs/lvgl/src/draw/lv_draw.c:446:14:lv_draw_layer_create	24	static
../Libs/lvgl/src/draw/lv_draw.c:501:8:lv_draw_layer_alloc_buf	24	static
../Libs/lvgl/src/draw/lv_draw.c:545:8:lv_draw_layer_go_to_xy	0	static
../Libs/lvgl/src/draw/lv_draw.c:552:21:lv_draw_task_get_type	0	static
../Libs/lvgl/src/draw/lv_draw.c:559:8:lv_draw_task_get_draw_dsc	0	static
../Libs/lvgl/src/draw/lv_draw.c:566:6:lv_draw_task_get_area	8	static
../Libs/lvgl/src/draw/lv_draw.c:574:14:lv_draw_layer_create_drop_shadow	32	static
../Libs/lvgl/src/draw/lv_draw.c:594:6:lv_draw_layer_finish_drop_shadow	216	static
../Libs/lvgl/src/draw/lv_draw.c:670:6:lv_draw_layer_dealloc_buf	8	static
../Libs/lvgl/src/draw/lv_draw.c:782:6:lv_draw_cleanup_task	16	static
../Libs/lvgl/src/draw/lv_draw.c:239:6:lv_draw_dispatch_layer	16	static
../Libs/lvgl/src/draw/lv_draw.c:219:6:lv_draw_dispatch	16	static
../Libs/lvgl/src/draw/lv_draw.c:129:6:lv_draw_finalize_task_creation	24	static
../Libs/lvgl/src/draw/lv_draw.c:621:6:lv_draw_layer_deinit	16	static
../Libs/lvgl/src/draw/lv_draw.c:661:6:lv_draw_layer_delete	8	static
