../Libs/lvgl/src/fs/../../include/lvgl/core/../font/../draw/../stdlib/lv_string.h:73:20:lv_memzero	16	static
../Libs/lvgl/src/fs/lv_fs.c:51:6:lv_fs_init	8	static
../Libs/lvgl/src/fs/lv_fs.c:56:6:lv_fs_deinit	8	static
../Libs/lvgl/src/fs/lv_fs.c:61:6:lv_fs_is_ready	24	static
../Libs/lvgl/src/fs/lv_fs.c:72:13:lv_fs_open	48	static
../Libs/lvgl/src/fs/lv_fs.c:142:6:lv_fs_make_path_from_buffer	40	static
../Libs/lvgl/src/fs/lv_fs.c:160:13:lv_fs_get_buffer_from_path	32	static
../Libs/lvgl/src/fs/lv_fs.c:192:13:lv_fs_close	24	static
../Libs/lvgl/src/fs/lv_fs.c:226:13:lv_fs_read	48	static
../Libs/lvgl/src/fs/lv_fs.c:260:13:lv_fs_write	48	static
../Libs/lvgl/src/fs/lv_fs.c:294:13:lv_fs_seek	40	static
../Libs/lvgl/src/fs/lv_fs.c:324:13:lv_fs_tell	24	static
../Libs/lvgl/src/fs/lv_fs.c:355:13:lv_fs_get_size	24	static
../Libs/lvgl/src/fs/lv_fs.c:383:13:lv_fs_path_get_size	32	static
../Libs/lvgl/src/fs/lv_fs.c:408:13:lv_fs_load_to_buf	48	static
../Libs/lvgl/src/fs/lv_fs.c:437:8:lv_fs_load_with_alloc	40	static
../Libs/lvgl/src/fs/lv_fs.c:476:13:lv_fs_dir_open	32	static
../Libs/lvgl/src/fs/lv_fs.c:516:13:lv_fs_dir_read	40	static
../Libs/lvgl/src/fs/lv_fs.c:541:13:lv_fs_dir_close	24	static
../Libs/lvgl/src/fs/lv_fs.c:565:6:lv_fs_drv_init	16	static
../Libs/lvgl/src/fs/lv_fs.c:572:6:lv_fs_drv_register	24	static
../Libs/lvgl/src/fs/lv_fs.c:585:6:lv_fs_remove_drive	24	static
../Libs/lvgl/src/fs/lv_fs.c:599:15:lv_fs_get_drv	24	static
../Libs/lvgl/src/fs/lv_fs.c:612:8:lv_fs_get_letters	24	static
../Libs/lvgl/src/fs/lv_fs.c:629:14:lv_fs_get_ext	24	static
../Libs/lvgl/src/fs/lv_fs.c:646:8:lv_fs_up	24	static
../Libs/lvgl/src/fs/lv_fs.c:674:14:lv_fs_get_last	24	static
../Libs/lvgl/src/fs/lv_fs.c:702:5:lv_fs_path_join	48	static
../Libs/lvgl/src/fs/lv_fs.c:739:24:lv_fs_resolve_path	24	static
../Libs/lvgl/src/fs/lv_fs.c:769:20:lv_fs_read_cached	88	static
../Libs/lvgl/src/fs/lv_fs.c:857:20:lv_fs_write_cached	64	static
../Libs/lvgl/src/fs/lv_fs.c:904:20:lv_fs_seek_cached	40	static
