../Libs/lvgl/src/widgets/animimage/lv_animimage.c:88:12:lv_animimg_create	24	static
../Libs/lvgl/src/widgets/animimage/lv_animimage.c:96:6:lv_animimg_set_src	24	static
../Libs/lvgl/src/widgets/animimage/lv_animimage.c:104:6:lv_animimg_set_src_reverse	24	static
../Libs/lvgl/src/widgets/animimage/lv_animimage.c:112:6:lv_animimg_start	24	static
../Libs/lvgl/src/widgets/animimage/lv_animimage.c:119:6:lv_animimg_delete	24	static
../Libs/lvgl/src/widgets/animimage/lv_animimage.c:130:6:lv_animimg_set_duration	24	static
../Libs/lvgl/src/widgets/animimage/lv_animimage.c:138:6:lv_animimg_set_repeat_count	24	static
../Libs/lvgl/src/widgets/animimage/lv_animimage.c:145:6:lv_animimg_set_reverse_duration	24	static
../Libs/lvgl/src/widgets/animimage/lv_animimage.c:152:6:lv_animimg_set_reverse_delay	24	static
../Libs/lvgl/src/widgets/animimage/lv_animimage.c:159:6:lv_animimg_set_start_cb	24	static
../Libs/lvgl/src/widgets/animimage/lv_animimage.c:166:6:lv_animimg_set_completed_cb	24	static
../Libs/lvgl/src/widgets/animimage/lv_animimage.c:177:15:lv_animimg_get_src	24	static
../Libs/lvgl/src/widgets/animimage/lv_animimage.c:184:9:lv_animimg_get_src_count	24	static
../Libs/lvgl/src/widgets/animimage/lv_animimage.c:191:10:lv_animimg_get_duration	24	static
../Libs/lvgl/src/widgets/animimage/lv_animimage.c:198:10:lv_animimg_get_repeat_count	24	static
../Libs/lvgl/src/widgets/animimage/lv_animimage.c:205:13:lv_animimg_get_anim	24	static
../Libs/lvgl/src/widgets/animimage/lv_animimage.c:216:13:lv_animimg_constructor	24	static
../Libs/lvgl/src/widgets/animimage/lv_animimage.c:236:13:index_change	24	static
../Libs/lvgl/src/widgets/animimage/lv_animimage.c:251:13:lv_animimg_set_src_inner	32	static
