../Middlewares/lvgl/src/layouts/flex/../../core/lv_obj_style_internal_gen.h:28:23:lv_obj_get_style_width_internal	24	static
../Middlewares/lvgl/src/layouts/flex/../../core/lv_obj_style_internal_gen.h:70:23:lv_obj_get_style_height_internal	24	static
../Middlewares/lvgl/src/layouts/flex/../../core/lv_obj_style_internal_gen.h:203:23:lv_obj_get_style_translate_x_internal	24	static
../Middlewares/lvgl/src/layouts/flex/../../core/lv_obj_style_internal_gen.h:218:23:lv_obj_get_style_translate_y_internal	24	static
../Middlewares/lvgl/src/layouts/flex/../../core/lv_obj_style_internal_gen.h:392:23:lv_obj_get_style_pad_row_internal	24	static
../Middlewares/lvgl/src/layouts/flex/../../core/lv_obj_style_internal_gen.h:405:23:lv_obj_get_style_pad_column_internal	24	static
../Middlewares/lvgl/src/layouts/flex/../../core/lv_obj_style_internal_gen.h:431:23:lv_obj_get_style_margin_top_internal	24	static
../Middlewares/lvgl/src/layouts/flex/../../core/lv_obj_style_internal_gen.h:444:23:lv_obj_get_style_margin_bottom_internal	24	static
../Middlewares/lvgl/src/layouts/flex/../../core/lv_obj_style_internal_gen.h:457:23:lv_obj_get_style_margin_left_internal	24	static
../Middlewares/lvgl/src/layouts/flex/../../core/lv_obj_style_internal_gen.h:470:23:lv_obj_get_style_margin_right_internal	24	static
../Middlewares/lvgl/src/layouts/flex/../../core/lv_obj_style_internal_gen.h:1707:24:lv_obj_get_style_layout_internal	24	static
../Middlewares/lvgl/src/layouts/flex/../../core/lv_obj_style_internal_gen.h:1720:29:lv_obj_get_style_base_dir_internal	24	static
../Middlewares/lvgl/src/layouts/flex/../../core/lv_obj_style_internal_gen.h:1762:30:lv_obj_get_style_flex_flow_internal	24	static
../Middlewares/lvgl/src/layouts/flex/../../core/lv_obj_style_internal_gen.h:1775:31:lv_obj_get_style_flex_main_place_internal	24	static
../Middlewares/lvgl/src/layouts/flex/../../core/lv_obj_style_internal_gen.h:1788:31:lv_obj_get_style_flex_cross_place_internal	24	static
../Middlewares/lvgl/src/layouts/flex/../../core/lv_obj_style_internal_gen.h:1801:31:lv_obj_get_style_flex_track_place_internal	24	static
../Middlewares/lvgl/src/layouts/flex/../../core/lv_obj_style_internal_gen.h:1814:23:lv_obj_get_style_flex_grow_internal	24	static
../Middlewares/lvgl/src/layouts/flex/../../core/lv_obj_style_internal.h:40:23:lv_obj_get_style_space_left_internal	32	static
../Middlewares/lvgl/src/layouts/flex/../../core/lv_obj_style_internal.h:49:23:lv_obj_get_style_space_right_internal	32	static
../Middlewares/lvgl/src/layouts/flex/../../core/lv_obj_style_internal.h:58:23:lv_obj_get_style_space_top_internal	32	static
../Middlewares/lvgl/src/layouts/flex/../../core/lv_obj_style_internal.h:67:23:lv_obj_get_style_space_bottom_internal	32	static
../Middlewares/lvgl/src/layouts/flex/lv_flex.c:72:23:div_round_closest	16	static
../Middlewares/lvgl/src/layouts/flex/lv_flex.c:102:6:lv_flex_init	4	static
../Middlewares/lvgl/src/layouts/flex/lv_flex.c:109:6:lv_obj_set_flex_flow	16	static
../Middlewares/lvgl/src/layouts/flex/lv_flex.c:117:6:lv_obj_set_flex_align	16	static
../Middlewares/lvgl/src/layouts/flex/lv_flex.c:128:6:lv_obj_set_flex_grow	24	static
../Middlewares/lvgl/src/layouts/flex/lv_flex.c:141:13:get_flex_info	24	static
../Middlewares/lvgl/src/layouts/flex/lv_flex.c:154:13:calc_min_size	96	static
../Middlewares/lvgl/src/layouts/flex/lv_flex.c:208:13:flex_update	152	static
../Middlewares/lvgl/src/layouts/flex/lv_flex.c:314:16:find_track_end	96	static
../Middlewares/lvgl/src/layouts/flex/lv_flex.c:439:13:children_repos	168	static
../Middlewares/lvgl/src/layouts/flex/lv_flex.c:604:13:place_content	24	static
../Middlewares/lvgl/src/layouts/flex/lv_flex.c:645:19:get_next_item	24	static
../Middlewares/lvgl/src/layouts/flex/lv_flex.c:660:16:lv_obj_get_width_with_margin	24	static
../Middlewares/lvgl/src/layouts/flex/lv_flex.c:668:16:lv_obj_get_height_with_margin	24	static
