../Libs/lvgl/src/widgets/textarea/../../font/lv_font_private.h:61:23:lv_font_get_line_height_internal	16	static
../Libs/lvgl/src/widgets/textarea/../../core/lv_obj_style_internal_gen.h:340:23:lv_obj_get_style_pad_top_internal	24	static
../Libs/lvgl/src/widgets/textarea/../../core/lv_obj_style_internal_gen.h:353:23:lv_obj_get_style_pad_bottom_internal	24	static
../Libs/lvgl/src/widgets/textarea/../../core/lv_obj_style_internal_gen.h:366:23:lv_obj_get_style_pad_left_internal	24	static
../Libs/lvgl/src/widgets/textarea/../../core/lv_obj_style_internal_gen.h:379:23:lv_obj_get_style_pad_right_internal	24	static
../Libs/lvgl/src/widgets/textarea/../../core/lv_obj_style_internal_gen.h:759:23:lv_obj_get_style_border_width_internal	24	static
../Libs/lvgl/src/widgets/textarea/../../core/lv_obj_style_internal_gen.h:1204:26:lv_obj_get_style_text_color_internal	24	static
../Libs/lvgl/src/widgets/textarea/../../core/lv_obj_style_internal_gen.h:1245:33:lv_obj_get_style_text_font_internal	24	static
../Libs/lvgl/src/widgets/textarea/../../core/lv_obj_style_internal_gen.h:1258:23:lv_obj_get_style_text_letter_space_internal	24	static
../Libs/lvgl/src/widgets/textarea/../../core/lv_obj_style_internal_gen.h:1271:23:lv_obj_get_style_text_line_space_internal	24	static
../Libs/lvgl/src/widgets/textarea/../../core/lv_obj_style_internal_gen.h:1301:31:lv_obj_get_style_text_align_internal	24	static
../Libs/lvgl/src/widgets/textarea/../../core/lv_obj_style_internal_gen.h:1666:24:lv_obj_get_style_anim_duration_internal	24	static
../Libs/lvgl/src/widgets/textarea/../../core/lv_obj_style_internal_gen.h:1720:29:lv_obj_get_style_base_dir_internal	24	static
../Libs/lvgl/src/widgets/textarea/../../core/lv_obj_style_internal.h:28:31:lv_obj_calculate_style_text_align_internal	32	static
../Libs/lvgl/src/widgets/textarea/lv_textarea.c:171:12:lv_textarea_create	24	static
../Libs/lvgl/src/widgets/textarea/lv_textarea.c:183:6:lv_textarea_add_char	24	static
../Libs/lvgl/src/widgets/textarea/lv_textarea.c:194:6:lv_textarea_add_text	48	static
../Libs/lvgl/src/widgets/textarea/lv_textarea.c:243:6:lv_textarea_delete_char	56	static
../Libs/lvgl/src/widgets/textarea/lv_textarea.c:288:6:lv_textarea_delete_char_forward	24	static
../Libs/lvgl/src/widgets/textarea/lv_textarea.c:301:6:lv_textarea_set_text	32	static
../Libs/lvgl/src/widgets/textarea/lv_textarea.c:347:6:lv_textarea_set_placeholder_text	32	static
../Libs/lvgl/src/widgets/textarea/lv_textarea.c:380:6:lv_textarea_set_cursor_pos	16	static
../Libs/lvgl/src/widgets/textarea/lv_textarea.c:391:6:lv_textarea_set_cursor_click_pos	24	static
../Libs/lvgl/src/widgets/textarea/lv_textarea.c:399:6:lv_textarea_set_password_mode	24	static
../Libs/lvgl/src/widgets/textarea/lv_textarea.c:431:6:lv_textarea_set_password_bullet	24	static
../Libs/lvgl/src/widgets/textarea/lv_textarea.c:461:6:lv_textarea_set_one_line	32	static
../Libs/lvgl/src/widgets/textarea/lv_textarea.c:488:6:lv_textarea_set_accepted_chars	24	static
../Libs/lvgl/src/widgets/textarea/lv_textarea.c:505:6:lv_textarea_set_accepted_chars_static	24	static
../Libs/lvgl/src/widgets/textarea/lv_textarea.c:517:6:lv_textarea_set_max_length	24	static
../Libs/lvgl/src/widgets/textarea/lv_textarea.c:526:6:lv_textarea_set_insert_replace	16	static
../Libs/lvgl/src/widgets/textarea/lv_textarea.c:534:6:lv_textarea_set_text_selection	24	static
../Libs/lvgl/src/widgets/textarea/lv_textarea.c:550:6:lv_textarea_set_password_show_time	24	static
../Libs/lvgl/src/widgets/textarea/lv_textarea.c:559:6:lv_textarea_set_align	16	static
../Libs/lvgl/src/widgets/textarea/lv_textarea.c:571:14:lv_textarea_get_text	24	static
../Libs/lvgl/src/widgets/textarea/lv_textarea.c:588:14:lv_textarea_get_placeholder_text	24	static
../Libs/lvgl/src/widgets/textarea/lv_textarea.c:597:12:lv_textarea_get_label	24	static
../Libs/lvgl/src/widgets/textarea/lv_textarea.c:605:10:lv_textarea_get_cursor_pos	24	static
../Libs/lvgl/src/widgets/textarea/lv_textarea.c:613:6:lv_textarea_get_cursor_click_pos	24	static
../Libs/lvgl/src/widgets/textarea/lv_textarea.c:621:6:lv_textarea_get_password_mode	24	static
../Libs/lvgl/src/widgets/textarea/lv_textarea.c:629:14:lv_textarea_get_password_bullet	64	static
../Libs/lvgl/src/widgets/textarea/lv_textarea.c:647:6:lv_textarea_get_one_line	24	static
../Libs/lvgl/src/widgets/textarea/lv_textarea.c:655:14:lv_textarea_get_accepted_chars	24	static
../Libs/lvgl/src/widgets/textarea/lv_textarea.c:664:10:lv_textarea_get_max_length	24	static
../Libs/lvgl/src/widgets/textarea/lv_textarea.c:672:6:lv_textarea_text_is_selected	24	static
../Libs/lvgl/src/widgets/textarea/lv_textarea.c:692:6:lv_textarea_get_text_selection	24	static
../Libs/lvgl/src/widgets/textarea/lv_textarea.c:705:10:lv_textarea_get_password_show_time	24	static
../Libs/lvgl/src/widgets/textarea/lv_textarea.c:714:10:lv_textarea_get_current_char	32	static
../Libs/lvgl/src/widgets/textarea/lv_textarea.c:731:6:lv_textarea_clear_selection	24	static
../Libs/lvgl/src/widgets/textarea/lv_textarea.c:748:6:lv_textarea_cursor_right	24	static
../Libs/lvgl/src/widgets/textarea/lv_textarea.c:757:6:lv_textarea_cursor_left	24	static
../Libs/lvgl/src/widgets/textarea/lv_textarea.c:768:6:lv_textarea_cursor_down	56	static
../Libs/lvgl/src/widgets/textarea/lv_textarea.c:797:6:lv_textarea_cursor_up	56	static
../Libs/lvgl/src/widgets/textarea/lv_textarea.c:825:13:lv_textarea_constructor	32	static
../Libs/lvgl/src/widgets/textarea/lv_textarea.c:867:13:lv_textarea_destructor	24	static
../Libs/lvgl/src/widgets/textarea/lv_textarea.c:888:13:lv_textarea_event	40	static
../Libs/lvgl/src/widgets/textarea/lv_textarea.c:946:13:label_event_cb	32	static
../Libs/lvgl/src/widgets/textarea/lv_textarea.c:969:13:cursor_blink_anim_cb	48	static
../Libs/lvgl/src/widgets/textarea/lv_textarea.c:991:13:pwd_char_hider_anim	16	static
../Libs/lvgl/src/widgets/textarea/lv_textarea.c:1001:13:pwd_char_hider_anim_completed	24	static
../Libs/lvgl/src/widgets/textarea/lv_textarea.c:1011:13:pwd_char_hider	48	static
../Libs/lvgl/src/widgets/textarea/lv_textarea.c:1047:13:char_is_accepted	40	static
../Libs/lvgl/src/widgets/textarea/lv_textarea.c:1068:13:start_cursor_blink	120	static
../Libs/lvgl/src/widgets/textarea/lv_textarea.c:1090:13:refr_cursor_area	136	static
../Libs/lvgl/src/widgets/textarea/lv_textarea.c:1174:13:update_cursor_position_on_click	88	static
../Libs/lvgl/src/widgets/textarea/lv_textarea.c:1292:20:insert_handler	16	static
../Libs/lvgl/src/widgets/textarea/lv_textarea.c:1312:13:draw_placeholder	192	static
../Libs/lvgl/src/widgets/textarea/lv_textarea.c:1341:13:draw_cursor	360	static
../Libs/lvgl/src/widgets/textarea/lv_textarea.c:1390:13:auto_hide_characters	120	static
../Libs/lvgl/src/widgets/textarea/lv_textarea.c:1410:13:auto_hide_characters_cancel	16	static
../Libs/lvgl/src/widgets/textarea/lv_textarea.c:1415:20:is_valid_but_non_printable_char	16	static
../Libs/lvgl/src/widgets/textarea/lv_textarea.c:1424:13:lv_textarea_scroll_to_cursor_pos	56	static
../Libs/lvgl/src/widgets/textarea/lv_textarea.c:1462:13:set_cursor_pos_internal	32	static
../Libs/lvgl/src/widgets/textarea/lv_textarea.c:1476:13:add_text	40	static
../Libs/lvgl/src/widgets/textarea/lv_textarea.c:1503:20:add_char	64	static
../Libs/lvgl/src/widgets/textarea/lv_textarea.c:1576:13:calc_placeholder_text_size	168	static
