../Middlewares/lvgl/src/core/lv_obj_style_internal_gen.h:28:23:lv_obj_get_style_width_internal	24	static
../Middlewares/lvgl/src/core/lv_obj_style_internal_gen.h:42:23:lv_obj_get_style_min_width_internal	24	static
../Middlewares/lvgl/src/core/lv_obj_style_internal_gen.h:56:23:lv_obj_get_style_max_width_internal	24	static
../Middlewares/lvgl/src/core/lv_obj_style_internal_gen.h:70:23:lv_obj_get_style_height_internal	24	static
../Middlewares/lvgl/src/core/lv_obj_style_internal_gen.h:84:23:lv_obj_get_style_min_height_internal	24	static
../Middlewares/lvgl/src/core/lv_obj_style_internal_gen.h:98:23:lv_obj_get_style_max_height_internal	24	static
../Middlewares/lvgl/src/core/lv_obj_style_internal_gen.h:127:23:lv_obj_get_style_x_internal	24	static
../Middlewares/lvgl/src/core/lv_obj_style_internal_gen.h:142:23:lv_obj_get_style_y_internal	24	static
../Middlewares/lvgl/src/core/lv_obj_style_internal_gen.h:160:26:lv_obj_get_style_align_internal	24	static
../Middlewares/lvgl/src/core/lv_obj_style_internal_gen.h:203:23:lv_obj_get_style_translate_x_internal	24	static
../Middlewares/lvgl/src/core/lv_obj_style_internal_gen.h:218:23:lv_obj_get_style_translate_y_internal	24	static
../Middlewares/lvgl/src/core/lv_obj_style_internal_gen.h:273:23:lv_obj_get_style_transform_rotation_internal	24	static
../Middlewares/lvgl/src/core/lv_obj_style_internal_gen.h:286:23:lv_obj_get_style_transform_pivot_x_internal	24	static
../Middlewares/lvgl/src/core/lv_obj_style_internal_gen.h:299:23:lv_obj_get_style_transform_pivot_y_internal	24	static
../Middlewares/lvgl/src/core/lv_obj_style_internal_gen.h:431:23:lv_obj_get_style_margin_top_internal	24	static
../Middlewares/lvgl/src/core/lv_obj_style_internal_gen.h:444:23:lv_obj_get_style_margin_bottom_internal	24	static
../Middlewares/lvgl/src/core/lv_obj_style_internal_gen.h:457:23:lv_obj_get_style_margin_left_internal	24	static
../Middlewares/lvgl/src/core/lv_obj_style_internal_gen.h:470:23:lv_obj_get_style_margin_right_internal	24	static
../Middlewares/lvgl/src/core/lv_obj_style_internal_gen.h:1707:24:lv_obj_get_style_layout_internal	24	static
../Middlewares/lvgl/src/core/lv_obj_style_internal_gen.h:1720:29:lv_obj_get_style_base_dir_internal	24	static
../Middlewares/lvgl/src/core/lv_obj_style_internal.h:40:23:lv_obj_get_style_space_left_internal	32	static
../Middlewares/lvgl/src/core/lv_obj_style_internal.h:49:23:lv_obj_get_style_space_right_internal	32	static
../Middlewares/lvgl/src/core/lv_obj_style_internal.h:58:23:lv_obj_get_style_space_top_internal	32	static
../Middlewares/lvgl/src/core/lv_obj_style_internal.h:67:23:lv_obj_get_style_space_bottom_internal	32	static
../Middlewares/lvgl/src/core/lv_obj_style_internal.h:76:23:lv_obj_get_style_transform_scale_x_safe_internal	24	static
../Middlewares/lvgl/src/core/lv_obj_style_internal.h:83:23:lv_obj_get_style_transform_scale_y_safe_internal	24	static
../Middlewares/lvgl/src/core/lv_obj_pos.c:67:6:lv_obj_set_pos	24	static
../Middlewares/lvgl/src/core/lv_obj_pos.c:75:6:lv_obj_set_x	24	static
../Middlewares/lvgl/src/core/lv_obj_pos.c:89:6:lv_obj_set_y	24	static
../Middlewares/lvgl/src/core/lv_obj_pos.c:103:9:lv_obj_calc_dynamic_width	16	static
../Middlewares/lvgl/src/core/lv_obj_pos.c:111:9:lv_obj_calc_dynamic_height	16	static
../Middlewares/lvgl/src/core/lv_obj_pos.c:119:6:lv_obj_refr_size	120	static
../Middlewares/lvgl/src/core/lv_obj_pos.c:232:6:lv_obj_set_size	24	static
../Middlewares/lvgl/src/core/lv_obj_pos.c:240:6:lv_obj_set_width	24	static
../Middlewares/lvgl/src/core/lv_obj_pos.c:253:6:lv_obj_set_height	24	static
../Middlewares/lvgl/src/core/lv_obj_pos.c:266:6:lv_obj_set_content_width	24	static
../Middlewares/lvgl/src/core/lv_obj_pos.c:275:6:lv_obj_set_content_height	24	static
../Middlewares/lvgl/src/core/lv_obj_pos.c:284:6:lv_obj_set_layout	16	static
../Middlewares/lvgl/src/core/lv_obj_pos.c:293:6:lv_obj_is_layout_positioned	24	static
../Middlewares/lvgl/src/core/lv_obj_pos.c:307:6:lv_obj_mark_layout_as_dirty	24	static
../Middlewares/lvgl/src/core/lv_obj_pos.c:322:6:lv_obj_update_layout	32	static
../Middlewares/lvgl/src/core/lv_obj_pos.c:359:6:lv_obj_set_align	16	static
../Middlewares/lvgl/src/core/lv_obj_pos.c:366:6:lv_obj_align	24	static
../Middlewares/lvgl/src/core/lv_obj_pos.c:373:6:lv_obj_align_to	64	static
../Middlewares/lvgl/src/core/lv_obj_pos.c:528:6:lv_obj_get_coords	16	static
../Middlewares/lvgl/src/core/lv_obj_pos.c:536:9:lv_obj_get_x	24	static
../Middlewares/lvgl/src/core/lv_obj_pos.c:553:9:lv_obj_get_x2	24	static
../Middlewares/lvgl/src/core/lv_obj_pos.c:560:9:lv_obj_get_y	24	static
../Middlewares/lvgl/src/core/lv_obj_pos.c:577:9:lv_obj_get_y2	24	static
../Middlewares/lvgl/src/core/lv_obj_pos.c:584:9:lv_obj_get_x_aligned	16	static
../Middlewares/lvgl/src/core/lv_obj_pos.c:591:9:lv_obj_get_y_aligned	16	static
../Middlewares/lvgl/src/core/lv_obj_pos.c:598:9:lv_obj_get_width	16	static
../Middlewares/lvgl/src/core/lv_obj_pos.c:605:9:lv_obj_get_height	16	static
../Middlewares/lvgl/src/core/lv_obj_pos.c:612:9:lv_obj_get_content_width	24	static
../Middlewares/lvgl/src/core/lv_obj_pos.c:622:9:lv_obj_get_content_height	24	static
../Middlewares/lvgl/src/core/lv_obj_pos.c:632:6:lv_obj_get_content_coords	16	static
../Middlewares/lvgl/src/core/lv_obj_pos.c:645:9:lv_obj_get_self_width	24	static
../Middlewares/lvgl/src/core/lv_obj_pos.c:654:9:lv_obj_get_self_height	24	static
../Middlewares/lvgl/src/core/lv_obj_pos.c:663:9:lv_obj_get_style_clamped_width	32	static
../Middlewares/lvgl/src/core/lv_obj_pos.c:683:9:lv_obj_get_style_clamped_height	32	static
../Middlewares/lvgl/src/core/lv_obj_pos.c:703:6:lv_obj_is_style_any_width_content	32	static
../Middlewares/lvgl/src/core/lv_obj_pos.c:713:6:lv_obj_is_style_any_height_content	32	static
../Middlewares/lvgl/src/core/lv_obj_pos.c:723:6:lv_obj_is_width_min	24	static
../Middlewares/lvgl/src/core/lv_obj_pos.c:732:6:lv_obj_is_height_min	24	static
../Middlewares/lvgl/src/core/lv_obj_pos.c:741:6:lv_obj_is_width_max	24	static
../Middlewares/lvgl/src/core/lv_obj_pos.c:750:6:lv_obj_is_height_max	24	static
../Middlewares/lvgl/src/core/lv_obj_pos.c:759:6:lv_obj_refresh_self_size	24	static
../Middlewares/lvgl/src/core/lv_obj_pos.c:780:6:lv_obj_refr_pos	64	static
../Middlewares/lvgl/src/core/lv_obj_pos.c:891:6:lv_obj_move_to	88	static
../Middlewares/lvgl/src/core/lv_obj_pos.c:962:6:lv_obj_move_children_by	40	static
../Middlewares/lvgl/src/core/lv_obj_pos.c:980:6:lv_obj_transform_point	24	static
../Middlewares/lvgl/src/core/lv_obj_pos.c:988:6:lv_obj_transform_point_array	32	static
../Middlewares/lvgl/src/core/lv_obj_pos.c:1009:6:lv_obj_get_transformed_area	56	static
../Middlewares/lvgl/src/core/lv_obj_pos.c:1044:31:blur_expand_walk_cb	72	static
../Middlewares/lvgl/src/core/lv_obj_pos.c:1080:6:lv_obj_invalidate_expand_blur	24	static
../Middlewares/lvgl/src/core/lv_obj_pos.c:1104:13:lv_obj_invalidate_area	24	static
../Middlewares/lvgl/src/core/lv_obj_pos.c:1119:13:lv_obj_invalidate	56	static
../Middlewares/lvgl/src/core/lv_obj_pos.c:1140:6:lv_obj_area_is_visible	80	static
../Middlewares/lvgl/src/core/lv_obj_pos.c:1195:6:lv_obj_is_visible	48	static
../Middlewares/lvgl/src/core/lv_obj_pos.c:1210:6:lv_obj_set_ext_click_area	16	static
../Middlewares/lvgl/src/core/lv_obj_pos.c:1220:6:lv_obj_get_click_area	24	static
../Middlewares/lvgl/src/core/lv_obj_pos.c:1231:6:lv_obj_hit_test	48	static
../Middlewares/lvgl/src/core/lv_obj_pos.c:1254:9:lv_clamp_width	24	static
../Middlewares/lvgl/src/core/lv_obj_pos.c:1261:9:lv_clamp_height	24	static
../Middlewares/lvgl/src/core/lv_obj_pos.c:1268:6:lv_obj_center	16	static
../Middlewares/lvgl/src/core/lv_obj_pos.c:1275:6:lv_obj_set_transform	16	static
../Middlewares/lvgl/src/core/lv_obj_pos.c:1313:6:lv_obj_reset_transform	16	static
../Middlewares/lvgl/src/core/lv_obj_pos.c:1343:21:lv_obj_get_transform	16	static
../Middlewares/lvgl/src/core/lv_obj_pos.c:1361:20:obj_invalidate_area_internal	40	static
../Middlewares/lvgl/src/core/lv_obj_pos.c:1372:13:is_transformed	16	static
../Middlewares/lvgl/src/core/lv_obj_pos.c:1381:16:calc_content_width	72	static
../Middlewares/lvgl/src/core/lv_obj_pos.c:1491:16:calc_content_height	56	static
../Middlewares/lvgl/src/core/lv_obj_pos.c:1558:13:layout_update_core	32	static
../Middlewares/lvgl/src/core/lv_obj_pos.c:1583:13:transform_point_array	72	static
../Middlewares/lvgl/src/core/lv_obj_pos.c:1642:20:invalidate_area_core	24	static
../Middlewares/lvgl/src/core/lv_obj_pos.c:1675:16:calc_dynamic_width	48	static
../Middlewares/lvgl/src/core/lv_obj_pos.c:1714:16:calc_dynamic_height	48	static
../Middlewares/lvgl/src/core/lv_obj_pos.c:1751:13:size_in_effect_is_pct	32	static
