../Middlewares/lvgl/src/core/lv_obj_tree.c:54:6:lv_obj_delete	32	static
../Middlewares/lvgl/src/core/lv_obj_tree.c:91:6:lv_obj_clean	24	static
../Middlewares/lvgl/src/core/lv_obj_tree.c:121:6:lv_obj_delete_delayed	112	static
../Middlewares/lvgl/src/core/lv_obj_tree.c:135:6:lv_obj_delete_anim_completed_cb	16	static
../Middlewares/lvgl/src/core/lv_obj_tree.c:142:6:lv_obj_delete_async	16	static
../Middlewares/lvgl/src/core/lv_obj_tree.c:149:6:lv_obj_set_parent	16	static
../Middlewares/lvgl/src/core/lv_obj_tree.c:192:6:lv_obj_move_to_index	32	static
../Middlewares/lvgl/src/core/lv_obj_tree.c:241:6:lv_obj_swap	32	static
../Middlewares/lvgl/src/core/lv_obj_tree.c:274:12:lv_obj_get_screen	24	static
../Middlewares/lvgl/src/core/lv_obj_tree.c:289:16:lv_obj_get_display	32	static
../Middlewares/lvgl/src/core/lv_obj_tree.c:311:12:lv_obj_get_parent	16	static
../Middlewares/lvgl/src/core/lv_obj_tree.c:318:12:lv_obj_get_child	24	static
../Middlewares/lvgl/src/core/lv_obj_tree.c:335:12:lv_obj_get_child_by_type	32	static
../Middlewares/lvgl/src/core/lv_obj_tree.c:364:12:lv_obj_get_sibling	24	static
../Middlewares/lvgl/src/core/lv_obj_tree.c:376:12:lv_obj_get_sibling_by_type	32	static
../Middlewares/lvgl/src/core/lv_obj_tree.c:389:10:lv_obj_get_child_count	16	static
../Middlewares/lvgl/src/core/lv_obj_tree.c:396:10:lv_obj_get_child_count_by_type	24	static
../Middlewares/lvgl/src/core/lv_obj_tree.c:578:9:lv_obj_get_index	24	static
../Middlewares/lvgl/src/core/lv_obj_tree.c:595:9:lv_obj_get_index_by_type	32	static
../Middlewares/lvgl/src/core/lv_obj_tree.c:617:6:lv_obj_tree_walk	24	static
../Middlewares/lvgl/src/core/lv_obj_tree.c:624:6:lv_obj_dump_tree	24	static
../Middlewares/lvgl/src/core/lv_obj_tree.c:645:13:lv_obj_delete_async_cb	16	static
../Middlewares/lvgl/src/core/lv_obj_tree.c:650:13:obj_indev_reset	16	static
../Middlewares/lvgl/src/core/lv_obj_tree.c:664:13:obj_delete_core	56	static
../Middlewares/lvgl/src/core/lv_obj_tree.c:757:31:walk_core	40	static
../Middlewares/lvgl/src/core/lv_obj_tree.c:787:13:dump_tree_core	24	static
../Middlewares/lvgl/src/core/lv_obj_tree.c:812:19:lv_obj_get_first_not_deleting_child	24	static
