../Middlewares/lvgl/src/core/../../include/lvgl/core/../font/../draw/../stdlib/lv_string.h:73:20:lv_memzero	16	static
../Middlewares/lvgl/src/core/../../include/lvgl/core/lv_obj_style.h:289:26:lv_obj_style_get_selector_state	16	static
../Middlewares/lvgl/src/core/../../include/lvgl/core/lv_obj_style.h:294:25:lv_obj_style_get_selector_part	16	static
../Middlewares/lvgl/src/core/../misc/lv_style_private.h:30:20:lv_style_is_const_internal	16	static
../Middlewares/lvgl/src/core/../misc/lv_style_private.h:36:30:lv_style_get_prop_internal	48	static
../Middlewares/lvgl/src/core/lv_obj_style_internal_gen.h:160:26:lv_obj_get_style_align_internal	24	static
../Middlewares/lvgl/src/core/lv_obj_style_internal_gen.h:174:23:lv_obj_get_style_transform_width_internal	24	static
../Middlewares/lvgl/src/core/lv_obj_style_internal_gen.h:188:23:lv_obj_get_style_transform_height_internal	24	static
../Middlewares/lvgl/src/core/lv_obj_style_internal_gen.h:340:23:lv_obj_get_style_pad_top_internal	24	static
../Middlewares/lvgl/src/core/lv_obj_style_internal_gen.h:366:23:lv_obj_get_style_pad_left_internal	24	static
../Middlewares/lvgl/src/core/lv_obj_style_internal_gen.h:483:26:lv_obj_get_style_bg_color_internal	24	static
../Middlewares/lvgl/src/core/lv_obj_style_internal_gen.h:511:24:lv_obj_get_style_bg_opa_internal	24	static
../Middlewares/lvgl/src/core/lv_obj_style_internal_gen.h:551:29:lv_obj_get_style_bg_grad_dir_internal	24	static
../Middlewares/lvgl/src/core/lv_obj_style_internal_gen.h:592:24:lv_obj_get_style_bg_main_opa_internal	24	static
../Middlewares/lvgl/src/core/lv_obj_style_internal_gen.h:605:24:lv_obj_get_style_bg_grad_opa_internal	24	static
../Middlewares/lvgl/src/core/lv_obj_style_internal_gen.h:621:37:lv_obj_get_style_bg_grad_internal	24	static
../Middlewares/lvgl/src/core/lv_obj_style_internal_gen.h:718:26:lv_obj_get_style_border_color_internal	24	static
../Middlewares/lvgl/src/core/lv_obj_style_internal_gen.h:746:24:lv_obj_get_style_border_opa_internal	24	static
../Middlewares/lvgl/src/core/lv_obj_style_internal_gen.h:759:23:lv_obj_get_style_border_width_internal	24	static
../Middlewares/lvgl/src/core/lv_obj_style_internal_gen.h:788:20:lv_obj_get_style_border_post_internal	24	static
../Middlewares/lvgl/src/core/lv_obj_style_internal_gen.h:868:23:lv_obj_get_style_shadow_width_internal	24	static
../Middlewares/lvgl/src/core/lv_obj_style_internal_gen.h:908:23:lv_obj_get_style_shadow_spread_internal	24	static
../Middlewares/lvgl/src/core/lv_obj_style_internal_gen.h:921:26:lv_obj_get_style_shadow_color_internal	24	static
../Middlewares/lvgl/src/core/lv_obj_style_internal_gen.h:949:24:lv_obj_get_style_shadow_opa_internal	24	static
../Middlewares/lvgl/src/core/lv_obj_style_internal_gen.h:1384:23:lv_obj_get_style_blur_radius_internal	24	static
../Middlewares/lvgl/src/core/lv_obj_style_internal_gen.h:1399:20:lv_obj_get_style_blur_backdrop_internal	24	static
../Middlewares/lvgl/src/core/lv_obj_style_internal_gen.h:1522:23:lv_obj_get_style_radius_internal	24	static
../Middlewares/lvgl/src/core/lv_obj_style_internal_gen.h:1549:20:lv_obj_get_style_clip_corner_internal	24	static
../Middlewares/lvgl/src/core/lv_obj_style_internal_gen.h:1564:24:lv_obj_get_style_opa_internal	24	static
../Middlewares/lvgl/src/core/lv_obj_style_internal_gen.h:1707:24:lv_obj_get_style_layout_internal	24	static
../Middlewares/lvgl/src/core/lv_obj.c:370:12:lv_obj_create	24	static
../Middlewares/lvgl/src/core/lv_obj.c:393:6:lv_obj_add_flag	16	static
../Middlewares/lvgl/src/core/lv_obj.c:445:6:lv_obj_remove_flag	16	static
../Middlewares/lvgl/src/core/lv_obj.c:493:6:lv_obj_set_flag	24	static
../Middlewares/lvgl/src/core/lv_obj.c:506:6:lv_obj_set_hidden	32	static
../Middlewares/lvgl/src/core/lv_obj.c:539:6:lv_obj_set_clickable	16	static
../Middlewares/lvgl/src/core/lv_obj.c:546:6:lv_obj_set_click_focusable	16	static
../Middlewares/lvgl/src/core/lv_obj.c:552:6:lv_obj_set_checkable	16	static
../Middlewares/lvgl/src/core/lv_obj.c:558:6:lv_obj_set_scrollable	80	static
../Middlewares/lvgl/src/core/lv_obj.c:583:6:lv_obj_set_scroll_elastic	16	static
../Middlewares/lvgl/src/core/lv_obj.c:589:6:lv_obj_set_scroll_momentum	16	static
../Middlewares/lvgl/src/core/lv_obj.c:595:6:lv_obj_set_scroll_one	16	static
../Middlewares/lvgl/src/core/lv_obj.c:601:6:lv_obj_set_scroll_chain	16	static
../Middlewares/lvgl/src/core/lv_obj.c:608:6:lv_obj_set_scroll_chain_hor	16	static
../Middlewares/lvgl/src/core/lv_obj.c:614:6:lv_obj_set_scroll_chain_ver	16	static
../Middlewares/lvgl/src/core/lv_obj.c:620:6:lv_obj_set_scroll_on_focus	16	static
../Middlewares/lvgl/src/core/lv_obj.c:626:6:lv_obj_set_scroll_with_arrow	16	static
../Middlewares/lvgl/src/core/lv_obj.c:632:6:lv_obj_set_snappable	16	static
../Middlewares/lvgl/src/core/lv_obj.c:638:6:lv_obj_set_press_lock	16	static
../Middlewares/lvgl/src/core/lv_obj.c:644:6:lv_obj_set_event_bubble	16	static
../Middlewares/lvgl/src/core/lv_obj.c:650:6:lv_obj_set_gesture_bubble	16	static
../Middlewares/lvgl/src/core/lv_obj.c:656:6:lv_obj_set_adv_hittest	16	static
../Middlewares/lvgl/src/core/lv_obj.c:662:6:lv_obj_set_ignore_layout	24	static
../Middlewares/lvgl/src/core/lv_obj.c:678:6:lv_obj_set_floating	24	static
../Middlewares/lvgl/src/core/lv_obj.c:694:6:lv_obj_set_send_draw_task_events	16	static
../Middlewares/lvgl/src/core/lv_obj.c:700:6:lv_obj_set_overflow_visible	16	static
../Middlewares/lvgl/src/core/lv_obj.c:706:6:lv_obj_set_event_trickle	16	static
../Middlewares/lvgl/src/core/lv_obj.c:712:6:lv_obj_set_state_trickle	16	static
../Middlewares/lvgl/src/core/lv_obj.c:718:6:lv_obj_set_radio_button	16	static
../Middlewares/lvgl/src/core/lv_obj.c:724:6:lv_obj_set_flex_in_new_track	16	static
../Middlewares/lvgl/src/core/lv_obj.c:745:6:lv_obj_add_state	24	static
../Middlewares/lvgl/src/core/lv_obj.c:758:6:lv_obj_remove_state	24	static
../Middlewares/lvgl/src/core/lv_obj.c:771:6:lv_obj_set_state	16	static
../Middlewares/lvgl/src/core/lv_obj.c:777:6:lv_obj_set_alt	16	static
../Middlewares/lvgl/src/core/lv_obj.c:783:6:lv_obj_set_checked	16	static
../Middlewares/lvgl/src/core/lv_obj.c:789:6:lv_obj_set_focused	16	static
../Middlewares/lvgl/src/core/lv_obj.c:795:6:lv_obj_set_focus_key	16	static
../Middlewares/lvgl/src/core/lv_obj.c:801:6:lv_obj_set_edited	16	static
../Middlewares/lvgl/src/core/lv_obj.c:807:6:lv_obj_set_hovered	16	static
../Middlewares/lvgl/src/core/lv_obj.c:813:6:lv_obj_set_pressed	16	static
../Middlewares/lvgl/src/core/lv_obj.c:819:6:lv_obj_set_scrolled	16	static
../Middlewares/lvgl/src/core/lv_obj.c:825:6:lv_obj_set_disabled	16	static
../Middlewares/lvgl/src/core/lv_obj.c:831:6:lv_obj_set_state_user_1	16	static
../Middlewares/lvgl/src/core/lv_obj.c:837:6:lv_obj_set_state_user_2	16	static
../Middlewares/lvgl/src/core/lv_obj.c:843:6:lv_obj_set_state_user_3	16	static
../Middlewares/lvgl/src/core/lv_obj.c:849:6:lv_obj_set_state_user_4	16	static
../Middlewares/lvgl/src/core/lv_obj.c:859:6:lv_obj_has_flag	16	static
../Middlewares/lvgl/src/core/lv_obj.c:902:6:lv_obj_has_flag_any	16	static
../Middlewares/lvgl/src/core/lv_obj.c:947:6:lv_obj_is_hidden	16	static
../Middlewares/lvgl/src/core/lv_obj.c:953:6:lv_obj_is_clickable	16	static
../Middlewares/lvgl/src/core/lv_obj.c:959:6:lv_obj_is_click_focusable	16	static
../Middlewares/lvgl/src/core/lv_obj.c:965:6:lv_obj_is_checkable	16	static
../Middlewares/lvgl/src/core/lv_obj.c:971:6:lv_obj_is_scrollable	16	static
../Middlewares/lvgl/src/core/lv_obj.c:977:6:lv_obj_is_scroll_elastic	16	static
../Middlewares/lvgl/src/core/lv_obj.c:983:6:lv_obj_is_scroll_momentum	16	static
../Middlewares/lvgl/src/core/lv_obj.c:989:6:lv_obj_is_scroll_one	16	static
../Middlewares/lvgl/src/core/lv_obj.c:995:6:lv_obj_is_scroll_chain_hor	16	static
../Middlewares/lvgl/src/core/lv_obj.c:1001:6:lv_obj_is_scroll_chain_ver	16	static
../Middlewares/lvgl/src/core/lv_obj.c:1007:6:lv_obj_is_scroll_on_focus	16	static
../Middlewares/lvgl/src/core/lv_obj.c:1013:6:lv_obj_is_scroll_with_arrow	16	static
../Middlewares/lvgl/src/core/lv_obj.c:1019:6:lv_obj_is_snappable	16	static
../Middlewares/lvgl/src/core/lv_obj.c:1025:6:lv_obj_is_press_lock	16	static
../Middlewares/lvgl/src/core/lv_obj.c:1031:6:lv_obj_is_event_bubble	16	static
../Middlewares/lvgl/src/core/lv_obj.c:1037:6:lv_obj_is_gesture_bubble	16	static
../Middlewares/lvgl/src/core/lv_obj.c:1043:6:lv_obj_is_adv_hittest	16	static
../Middlewares/lvgl/src/core/lv_obj.c:1049:6:lv_obj_is_ignore_layout	16	static
../Middlewares/lvgl/src/core/lv_obj.c:1055:6:lv_obj_is_floating	16	static
../Middlewares/lvgl/src/core/lv_obj.c:1061:6:lv_obj_is_send_draw_task_events	16	static
../Middlewares/lvgl/src/core/lv_obj.c:1067:6:lv_obj_is_overflow_visible	16	static
../Middlewares/lvgl/src/core/lv_obj.c:1073:6:lv_obj_is_event_trickle	16	static
../Middlewares/lvgl/src/core/lv_obj.c:1079:6:lv_obj_is_state_trickle	16	static
../Middlewares/lvgl/src/core/lv_obj.c:1085:6:lv_obj_is_radio_button	16	static
../Middlewares/lvgl/src/core/lv_obj.c:1091:6:lv_obj_is_flex_in_new_track	16	static
../Middlewares/lvgl/src/core/lv_obj.c:1103:12:lv_obj_get_state	16	static
../Middlewares/lvgl/src/core/lv_obj.c:1110:6:lv_obj_has_state	16	static
../Middlewares/lvgl/src/core/lv_obj.c:1116:6:lv_obj_is_alt	16	static
../Middlewares/lvgl/src/core/lv_obj.c:1122:6:lv_obj_is_checked	16	static
../Middlewares/lvgl/src/core/lv_obj.c:1128:6:lv_obj_is_focused	16	static
../Middlewares/lvgl/src/core/lv_obj.c:1134:6:lv_obj_is_focus_key	16	static
../Middlewares/lvgl/src/core/lv_obj.c:1140:6:lv_obj_is_edited	16	static
../Middlewares/lvgl/src/core/lv_obj.c:1146:6:lv_obj_is_hovered	16	static
../Middlewares/lvgl/src/core/lv_obj.c:1152:6:lv_obj_is_pressed	16	static
../Middlewares/lvgl/src/core/lv_obj.c:1158:6:lv_obj_is_scrolled	16	static
../Middlewares/lvgl/src/core/lv_obj.c:1164:6:lv_obj_is_disabled	16	static
../Middlewares/lvgl/src/core/lv_obj.c:1170:6:lv_obj_is_state_user_1	16	static
../Middlewares/lvgl/src/core/lv_obj.c:1176:6:lv_obj_is_state_user_2	16	static
../Middlewares/lvgl/src/core/lv_obj.c:1182:6:lv_obj_is_state_user_3	16	static
../Middlewares/lvgl/src/core/lv_obj.c:1188:6:lv_obj_is_state_user_4	16	static
../Middlewares/lvgl/src/core/lv_obj.c:1194:14:lv_obj_get_group	16	static
../Middlewares/lvgl/src/core/lv_obj.c:1206:13:lv_obj_add_child	24	static
../Middlewares/lvgl/src/core/lv_obj.c:1225:6:lv_obj_remove_child	24	static
../Middlewares/lvgl/src/core/lv_obj.c:1251:22:lv_obj_allocate_spec_attr	24	static
../Middlewares/lvgl/src/core/lv_obj.c:1272:6:lv_obj_check_type	16	static
../Middlewares/lvgl/src/core/lv_obj.c:1279:6:lv_obj_has_class	24	static
../Middlewares/lvgl/src/core/lv_obj.c:1293:24:lv_obj_get_class	16	static
../Middlewares/lvgl/src/core/lv_obj.c:1299:6:lv_obj_is_in_widget_tree	32	static
../Middlewares/lvgl/src/core/lv_obj.c:1325:6:lv_obj_null_on_delete	16	static
../Middlewares/lvgl/src/core/lv_obj.c:1350:6:lv_obj_add_screen_load_event	32	static
../Middlewares/lvgl/src/core/lv_obj.c:1368:6:lv_obj_add_screen_create_event	32	static
../Middlewares/lvgl/src/core/lv_obj.c:1386:6:lv_obj_add_play_timeline_event	32	static
../Middlewares/lvgl/src/core/lv_obj.c:1403:6:lv_obj_set_user_data	16	static
../Middlewares/lvgl/src/core/lv_obj.c:1409:6:lv_obj_set_user_flag	32	static
../Middlewares/lvgl/src/core/lv_obj.c:1422:8:lv_obj_get_user_data	16	static
../Middlewares/lvgl/src/core/lv_obj.c:1429:6:lv_obj_get_user_flag	16	static
../Middlewares/lvgl/src/core/lv_obj.c:1438:19:lv_obj_add_delete_cb	32	static
../Middlewares/lvgl/src/core/lv_obj.c:1459:6:lv_obj_remove_delete_cb	24	static
../Middlewares/lvgl/src/core/lv_obj.c:1477:13:lv_obj_constructor	40	static
../Middlewares/lvgl/src/core/lv_obj.c:1517:13:lv_obj_destructor	24	static
../Middlewares/lvgl/src/core/lv_obj.c:1566:13:lv_obj_draw	376	static
../Middlewares/lvgl/src/core/lv_obj.c:1698:13:draw_scrollbar	264	static
../Middlewares/lvgl/src/core/lv_obj.c:1744:20:scrollbar_init_draw_dsc	32	static
../Middlewares/lvgl/src/core/lv_obj.c:1792:13:lv_obj_event	176	static
../Middlewares/lvgl/src/core/lv_obj.c:2000:13:update_obj_state	24	static
../Middlewares/lvgl/src/core/lv_obj.c:2060:13:obj_transition_states	80	static
../Middlewares/lvgl/src/core/lv_obj.c:2119:13:lv_obj_children_add_state	32	static
../Middlewares/lvgl/src/core/lv_obj.c:2136:13:lv_obj_children_remove_state	32	static
../Middlewares/lvgl/src/core/lv_obj.c:2148:13:null_on_delete_cb	24	static
../Middlewares/lvgl/src/core/lv_obj.c:2154:13:screen_load_on_trigger_event_cb	40	static
../Middlewares/lvgl/src/core/lv_obj.c:2161:13:screen_create_on_trigger_event_cb	32	static
../Middlewares/lvgl/src/core/lv_obj.c:2171:13:play_timeline_on_trigger_event_cb	24	static
../Middlewares/lvgl/src/core/lv_obj.c:2196:13:delete_on_screen_unloaded_event_cb	16	static
../Middlewares/lvgl/src/core/lv_obj.c:2201:13:call_delete_cb	24	static
../Middlewares/lvgl/src/core/lv_obj.c:2217:20:set_state	16	static
../Middlewares/lvgl/src/core/lv_obj.c:2224:20:has_state	16	static
