../Middlewares/lvgl/src/layouts/grid/../../../include/lvgl/core/../font/../draw/../stdlib/lv_string.h:73:20:lv_memzero	16	static
../Middlewares/lvgl/src/layouts/grid/../../core/lv_obj_style_internal_gen.h:28:23:lv_obj_get_style_width_internal	24	static
../Middlewares/lvgl/src/layouts/grid/../../core/lv_obj_style_internal_gen.h:70:23:lv_obj_get_style_height_internal	24	static
../Middlewares/lvgl/src/layouts/grid/../../core/lv_obj_style_internal_gen.h:203:23:lv_obj_get_style_translate_x_internal	24	static
../Middlewares/lvgl/src/layouts/grid/../../core/lv_obj_style_internal_gen.h:218:23:lv_obj_get_style_translate_y_internal	24	static
../Middlewares/lvgl/src/layouts/grid/../../core/lv_obj_style_internal_gen.h:392:23:lv_obj_get_style_pad_row_internal	24	static
../Middlewares/lvgl/src/layouts/grid/../../core/lv_obj_style_internal_gen.h:405:23:lv_obj_get_style_pad_column_internal	24	static
../Middlewares/lvgl/src/layouts/grid/../../core/lv_obj_style_internal_gen.h:431:23:lv_obj_get_style_margin_top_internal	24	static
../Middlewares/lvgl/src/layouts/grid/../../core/lv_obj_style_internal_gen.h:444:23:lv_obj_get_style_margin_bottom_internal	24	static
../Middlewares/lvgl/src/layouts/grid/../../core/lv_obj_style_internal_gen.h:457:23:lv_obj_get_style_margin_left_internal	24	static
../Middlewares/lvgl/src/layouts/grid/../../core/lv_obj_style_internal_gen.h:470:23:lv_obj_get_style_margin_right_internal	24	static
../Middlewares/lvgl/src/layouts/grid/../../core/lv_obj_style_internal_gen.h:1720:29:lv_obj_get_style_base_dir_internal	24	static
../Middlewares/lvgl/src/layouts/grid/../../core/lv_obj_style_internal_gen.h:1830:31:lv_obj_get_style_grid_column_dsc_array_internal	24	static
../Middlewares/lvgl/src/layouts/grid/../../core/lv_obj_style_internal_gen.h:1843:31:lv_obj_get_style_grid_column_align_internal	24	static
../Middlewares/lvgl/src/layouts/grid/../../core/lv_obj_style_internal_gen.h:1856:31:lv_obj_get_style_grid_row_dsc_array_internal	24	static
../Middlewares/lvgl/src/layouts/grid/../../core/lv_obj_style_internal_gen.h:1869:31:lv_obj_get_style_grid_row_align_internal	24	static
../Middlewares/lvgl/src/layouts/grid/../../core/lv_obj_style_internal_gen.h:1882:23:lv_obj_get_style_grid_cell_column_pos_internal	24	static
../Middlewares/lvgl/src/layouts/grid/../../core/lv_obj_style_internal_gen.h:1895:31:lv_obj_get_style_grid_cell_x_align_internal	24	static
../Middlewares/lvgl/src/layouts/grid/../../core/lv_obj_style_internal_gen.h:1908:23:lv_obj_get_style_grid_cell_column_span_internal	24	static
../Middlewares/lvgl/src/layouts/grid/../../core/lv_obj_style_internal_gen.h:1921:23:lv_obj_get_style_grid_cell_row_pos_internal	24	static
../Middlewares/lvgl/src/layouts/grid/../../core/lv_obj_style_internal_gen.h:1934:31:lv_obj_get_style_grid_cell_y_align_internal	24	static
../Middlewares/lvgl/src/layouts/grid/../../core/lv_obj_style_internal_gen.h:1947:23:lv_obj_get_style_grid_cell_row_span_internal	24	static
../Middlewares/lvgl/src/layouts/grid/../../core/lv_obj_style_internal.h:40:23:lv_obj_get_style_space_left_internal	32	static
../Middlewares/lvgl/src/layouts/grid/../../core/lv_obj_style_internal.h:58:23:lv_obj_get_style_space_top_internal	32	static
../Middlewares/lvgl/src/layouts/grid/lv_grid.c:68:31:get_col_dsc	16	static
../Middlewares/lvgl/src/layouts/grid/lv_grid.c:72:31:get_row_dsc	16	static
../Middlewares/lvgl/src/layouts/grid/lv_grid.c:76:23:get_col_pos	16	static
../Middlewares/lvgl/src/layouts/grid/lv_grid.c:80:23:get_row_pos	16	static
../Middlewares/lvgl/src/layouts/grid/lv_grid.c:84:23:get_col_span	16	static
../Middlewares/lvgl/src/layouts/grid/lv_grid.c:88:23:get_row_span	16	static
../Middlewares/lvgl/src/layouts/grid/lv_grid.c:92:31:get_cell_col_align	16	static
../Middlewares/lvgl/src/layouts/grid/lv_grid.c:96:31:get_cell_row_align	16	static
../Middlewares/lvgl/src/layouts/grid/lv_grid.c:100:31:get_grid_col_align	16	static
../Middlewares/lvgl/src/layouts/grid/lv_grid.c:104:31:get_grid_row_align	16	static
../Middlewares/lvgl/src/layouts/grid/lv_grid.c:108:23:get_margin_hor	24	static
../Middlewares/lvgl/src/layouts/grid/lv_grid.c:113:23:get_margin_ver	24	static
../Middlewares/lvgl/src/layouts/grid/lv_grid.c:119:23:lv_div_round_closest	16	static
../Middlewares/lvgl/src/layouts/grid/lv_grid.c:146:6:lv_grid_init	4	static
../Middlewares/lvgl/src/layouts/grid/lv_grid.c:153:6:lv_obj_set_grid_dsc_array	24	static
../Middlewares/lvgl/src/layouts/grid/lv_grid.c:162:6:lv_obj_set_grid_align	16	static
../Middlewares/lvgl/src/layouts/grid/lv_grid.c:175:6:lv_obj_set_grid_cell	24	static
../Middlewares/lvgl/src/layouts/grid/lv_grid.c:191:9:lv_grid_fr	16	static
../Middlewares/lvgl/src/layouts/grid/lv_grid.c:200:13:grid_update	104	static
../Middlewares/lvgl/src/layouts/grid/lv_grid.c:247:20:calc	80	static
../Middlewares/lvgl/src/layouts/grid/lv_grid.c:290:13:calc_free	16	static
../Middlewares/lvgl/src/layouts/grid/lv_grid.c:299:20:calc_cols	104	static
../Middlewares/lvgl/src/layouts/grid/lv_grid.c:401:20:calc_rows	104	static
../Middlewares/lvgl/src/layouts/grid/lv_grid.c:506:13:item_repos	136	static
../Middlewares/lvgl/src/layouts/grid/lv_grid.c:688:16:grid_align	40	static
../Middlewares/lvgl/src/layouts/grid/lv_grid.c:758:17:count_tracks	24	static
