../Libs/lvgl/src/widgets/buttonmatrix/lv_buttonmatrix.c:1153:13:free_map	16	static
../Libs/lvgl/src/widgets/buttonmatrix/lv_buttonmatrix.c:349:13:lv_buttonmatrix_destructor	8	static
../Libs/lvgl/src/widgets/buttonmatrix/../../core/lv_obj_style_internal_gen.h:405:23:lv_obj_get_style_pad_column_internal.constprop	16	static
../Libs/lvgl/src/widgets/buttonmatrix/lv_buttonmatrix.c:981:13:invalidate_button_area	64	static
../Libs/lvgl/src/widgets/buttonmatrix/lv_buttonmatrix.c:638:13:draw_main	712	static
../Libs/lvgl/src/widgets/buttonmatrix/lv_buttonmatrix.c:1068:13:update_map	120	static
../Libs/lvgl/src/widgets/buttonmatrix/lv_buttonmatrix.c:926:17:get_button_from_point	88	static
../Libs/lvgl/src/widgets/buttonmatrix/lv_buttonmatrix.c:101:12:lv_buttonmatrix_create	8	static
../Libs/lvgl/src/widgets/buttonmatrix/lv_buttonmatrix.c:113:6:lv_buttonmatrix_set_map	48	static
../Libs/lvgl/src/widgets/buttonmatrix/lv_buttonmatrix.c:327:13:lv_buttonmatrix_constructor	0	static
../Libs/lvgl/src/widgets/buttonmatrix/lv_buttonmatrix.c:154:6:lv_buttonmatrix_set_ctrl_map	8	static
../Libs/lvgl/src/widgets/buttonmatrix/lv_buttonmatrix.c:165:6:lv_buttonmatrix_set_selected_button	16	static
../Libs/lvgl/src/widgets/buttonmatrix/lv_buttonmatrix.c:198:6:lv_buttonmatrix_clear_button_ctrl	16	static
../Libs/lvgl/src/widgets/buttonmatrix/lv_buttonmatrix.c:225:6:lv_buttonmatrix_clear_button_ctrl_all	16	static
../Libs/lvgl/src/widgets/buttonmatrix/lv_buttonmatrix.c:178:6:lv_buttonmatrix_set_button_ctrl	16	static
../Libs/lvgl/src/widgets/buttonmatrix/lv_buttonmatrix.c:214:6:lv_buttonmatrix_set_button_ctrl_all	16	static
../Libs/lvgl/src/widgets/buttonmatrix/lv_buttonmatrix.c:236:6:lv_buttonmatrix_set_button_width	4	static
../Libs/lvgl/src/widgets/buttonmatrix/lv_buttonmatrix.c:263:22:lv_buttonmatrix_get_map	0	static
../Libs/lvgl/src/widgets/buttonmatrix/lv_buttonmatrix.c:271:10:lv_buttonmatrix_get_selected_button	0	static
../Libs/lvgl/src/widgets/buttonmatrix/lv_buttonmatrix.c:279:14:lv_buttonmatrix_get_button_text	24	static
../Libs/lvgl/src/widgets/buttonmatrix/lv_buttonmatrix.c:304:6:lv_buttonmatrix_has_button_ctrl	0	static
../Libs/lvgl/src/widgets/buttonmatrix/lv_buttonmatrix.c:1025:13:make_one_button_checked	16	static
../Libs/lvgl/src/widgets/buttonmatrix/lv_buttonmatrix.c:362:13:lv_buttonmatrix_event	48	static
../Libs/lvgl/src/widgets/buttonmatrix/lv_buttonmatrix.c:248:6:lv_buttonmatrix_set_one_checked	0	static
../Libs/lvgl/src/widgets/buttonmatrix/lv_buttonmatrix.c:314:6:lv_buttonmatrix_get_one_checked	0	static
