../Libs/lvgl/src/widgets/table/../../core/lv_obj_style_internal_gen.h:366:23:lv_obj_get_style_pad_left_internal	16	static
../Libs/lvgl/src/widgets/table/../../core/lv_obj_style_internal_gen.h:379:23:lv_obj_get_style_pad_right_internal	16	static
../Libs/lvgl/src/widgets/table/../../core/lv_obj_style_internal_gen.h:340:23:lv_obj_get_style_pad_top_internal	16	static
../Libs/lvgl/src/widgets/table/lv_table.c:946:16:get_row_height	72	static
../Libs/lvgl/src/widgets/table/lv_table.c:536:13:lv_table_destructor	16	static
../Libs/lvgl/src/widgets/table/lv_table.c:514:13:lv_table_constructor	8	static
../Libs/lvgl/src/widgets/table/lv_table.c:1115:13:get_cell_area	40	static
../Libs/lvgl/src/widgets/table/lv_table.c:1170:13:scroll_to_selected_cell	32	static
../Libs/lvgl/src/widgets/table/lv_table.c:882:13:refr_size_form_row.constprop	88	static
../Libs/lvgl/src/widgets/table/lv_table.c:911:13:refr_cell_size	96	static
../Libs/lvgl/src/widgets/table/lv_table.c:677:13:draw_main	776	static
../Libs/lvgl/src/widgets/table/lv_table.c:555:13:lv_table_event	40	static
../Libs/lvgl/src/widgets/table/lv_table.c:96:12:lv_table_create	8	static
../Libs/lvgl/src/widgets/table/lv_table.c:221:6:lv_table_set_row_count	24	static
../Libs/lvgl/src/widgets/table/lv_table.c:260:6:lv_table_set_column_count	56	static
../Libs/lvgl/src/widgets/table/lv_table.c:108:6:lv_table_set_cell_value	40	static
../Libs/lvgl/src/widgets/table/lv_table.c:143:6:lv_table_set_cell_value_fmt	44	static
../Libs/lvgl/src/widgets/table/lv_table.c:315:6:lv_table_set_column_width	16	static
../Libs/lvgl/src/widgets/table/lv_table.c:328:6:lv_table_set_cell_ctrl	32	static
../Libs/lvgl/src/widgets/table/lv_table.c:354:6:lv_table_clear_cell_ctrl	24	static
../Libs/lvgl/src/widgets/table/lv_table.c:379:6:lv_table_set_cell_user_data	24	static
../Libs/lvgl/src/widgets/table/lv_table.c:404:6:lv_table_set_selected_cell	24	static
../Libs/lvgl/src/widgets/table/lv_table.c:428:14:lv_table_get_cell_value	0	static
../Libs/lvgl/src/widgets/table/lv_table.c:441:10:lv_table_get_row_count	0	static
../Libs/lvgl/src/widgets/table/lv_table.c:449:10:lv_table_get_column_count	0	static
../Libs/lvgl/src/widgets/table/lv_table.c:457:9:lv_table_get_column_width	0	static
../Libs/lvgl/src/widgets/table/lv_table.c:471:6:lv_table_has_cell_ctrl	8	static
../Libs/lvgl/src/widgets/table/lv_table.c:486:6:lv_table_get_selected_cell	0	static
../Libs/lvgl/src/widgets/table/lv_table.c:497:8:lv_table_get_cell_user_data	0	static
