../Libs/lvgl/src/core/../misc/lv_style_private.h:36:30:lv_style_get_prop_internal	16	static
../Libs/lvgl/src/core/lv_obj_style.c:1097:23:get_prop_core	48	static
../Libs/lvgl/src/core/lv_obj_style.c:1458:13:full_cache_refresh	24	static
../Libs/lvgl/src/core/lv_obj_style.c:1544:23:get_selector_style_prop	32	static
../Libs/lvgl/src/core/lv_obj_style.c:1686:25:find_style	16	static
../Libs/lvgl/src/core/../../include/lvgl/core/lv_style.h:624:20:lv_style_prop_has_flag	8	static
../Libs/lvgl/src/core/lv_obj_style.c:1208:13:remove_trans_styles	32	static
../Libs/lvgl/src/core/lv_obj_style.c:1183:13:refresh_children_style	24	static
../Libs/lvgl/src/core/lv_obj_style.c:1511:13:fade_anim_cb	0	static
../Libs/lvgl/src/core/lv_obj_style.c:1521:13:style_has_flag.constprop	16	static
../Libs/lvgl/src/core/lv_obj_style.c:1056:25:get_trans_style	24	static
../Libs/lvgl/src/core/lv_obj_style.c:102:6:lv_obj_style_init	0	static
../Libs/lvgl/src/core/lv_obj_style.c:107:6:lv_obj_style_deinit	8	static
../Libs/lvgl/src/core/lv_obj_style.c:346:6:lv_obj_get_style_enabled	8	static
../Libs/lvgl/src/core/lv_obj_style.c:366:6:lv_obj_style_get_disabled	8	static
../Libs/lvgl/src/core/lv_obj_style.c:379:6:lv_obj_enable_style_refresh	0	static
../Libs/lvgl/src/core/lv_obj_style.c:390:18:lv_obj_get_style_prop_internal	24	static
../Libs/lvgl/src/core/lv_obj_style.c:384:18:lv_obj_get_style_prop	8	static
../Libs/lvgl/src/core/lv_obj_style.c:402:18:lv_obj_style_apply_color_filter_internal	16	static
../Libs/lvgl/src/core/lv_obj_style.c:420:6:lv_obj_has_style_prop	16	static
../Libs/lvgl/src/core/lv_obj_style.c:471:16:lv_obj_get_local_style_prop	16	static
../Libs/lvgl/src/core/lv_obj_style.c:571:18:lv_obj_style_apply_color_filter	24	static
../Libs/lvgl/src/core/lv_obj_style.c:577:22:lv_obj_style_state_compare	48	static
../Libs/lvgl/src/core/lv_obj_style.c:664:6:lv_obj_fade_in	112	static
../Libs/lvgl/src/core/lv_obj_style.c:679:6:lv_obj_fade_out	120	static
../Libs/lvgl/src/core/lv_obj_style.c:693:17:lv_obj_calculate_style_text_align	24	static
../Libs/lvgl/src/core/lv_obj_style.c:700:10:lv_obj_get_style_opa_recursive	24	static
../Libs/lvgl/src/core/lv_obj_style.c:750:6:lv_obj_update_layer_type	24	static
../Libs/lvgl/src/core/lv_obj_style.c:764:6:lv_obj_update_blur_status	32	static
../Libs/lvgl/src/core/lv_obj_style.c:271:6:lv_obj_refresh_style	48	static
../Libs/lvgl/src/core/lv_obj_style.c:184:6:lv_obj_replace_style	48	static
../Libs/lvgl/src/core/lv_obj_style.c:1616:13:remove_style_core	48	static
../Libs/lvgl/src/core/lv_obj_style.c:236:6:lv_obj_remove_style	0	static
../Libs/lvgl/src/core/lv_obj_style.c:1373:13:trans_anim_completed_cb	24	static
../Libs/lvgl/src/core/lv_obj_style.c:243:6:lv_obj_remove_theme	0	static
../Libs/lvgl/src/core/lv_obj_style.c:250:6:lv_obj_remove_style_all	0	static
../Libs/lvgl/src/core/lv_obj_style.c:116:6:lv_obj_add_style	32	static
../Libs/lvgl/src/core/lv_obj_style.c:1161:13:report_style_change_core	24	static
../Libs/lvgl/src/core/lv_obj_style.c:257:6:lv_obj_report_style_change	16	static
../Libs/lvgl/src/core/lv_obj_style.c:324:6:lv_obj_set_style_enabled	24	static
../Libs/lvgl/src/core/lv_obj_style.c:357:6:lv_obj_style_set_disabled	4	static
../Libs/lvgl/src/core/lv_obj_style.c:1703:13:bind_style_observer_cb	16	static
../Libs/lvgl/src/core/lv_obj_style.c:433:6:lv_obj_set_local_style_prop	48	static
../Libs/lvgl/src/core/lv_obj_style.c:1712:13:bind_style_prop_observer_cb	24	static
../Libs/lvgl/src/core/lv_obj_style.c:488:6:lv_obj_remove_local_style_prop	24	static
../Libs/lvgl/src/core/lv_obj_style.c:1516:13:fade_in_anim_completed	0	static
../Libs/lvgl/src/core/lv_obj_style.c:513:6:lv_obj_style_create_transition	136	static
../Libs/lvgl/src/core/lv_obj_style.c:1333:13:trans_anim_start_cb	24	static
../Libs/lvgl/src/core/lv_obj_style.c:1250:13:trans_anim_cb	32	static
../Libs/lvgl/src/core/lv_obj_style.c:784:14:lv_obj_style_apply_recolor	32	static
../Libs/lvgl/src/core/lv_obj_style.c:799:14:lv_obj_get_style_recolor_recursive	32	static
../Libs/lvgl/src/core/lv_obj_style.c:827:6:lv_obj_set_style_pad_all	16	static
../Libs/lvgl/src/core/lv_obj_style.c:836:6:lv_obj_set_style_pad_hor	16	static
../Libs/lvgl/src/core/lv_obj_style.c:843:6:lv_obj_set_style_pad_ver	16	static
../Libs/lvgl/src/core/lv_obj_style.c:850:6:lv_obj_set_style_margin_all	16	static
../Libs/lvgl/src/core/lv_obj_style.c:859:6:lv_obj_set_style_margin_hor	16	static
../Libs/lvgl/src/core/lv_obj_style.c:866:6:lv_obj_set_style_margin_ver	16	static
../Libs/lvgl/src/core/lv_obj_style.c:873:6:lv_obj_set_style_pad_gap	16	static
../Libs/lvgl/src/core/lv_obj_style.c:880:6:lv_obj_set_style_size	16	static
../Libs/lvgl/src/core/lv_obj_style.c:887:6:lv_obj_set_style_transform_scale	16	static
../Libs/lvgl/src/core/lv_obj_style.c:894:9:lv_obj_get_style_space_left	24	static
../Libs/lvgl/src/core/lv_obj_style.c:900:9:lv_obj_get_style_space_right	24	static
../Libs/lvgl/src/core/lv_obj_style.c:906:9:lv_obj_get_style_space_top	24	static
../Libs/lvgl/src/core/lv_obj_style.c:912:9:lv_obj_get_style_space_bottom	24	static
../Libs/lvgl/src/core/lv_obj_style.c:918:9:lv_obj_get_style_transform_scale_x_safe	8	static
../Libs/lvgl/src/core/lv_obj_style.c:924:9:lv_obj_get_style_transform_scale_y_safe	8	static
../Libs/lvgl/src/core/lv_obj_style.c:933:17:lv_obj_bind_style	24	static
../Libs/lvgl/src/core/lv_obj_style.c:963:17:lv_obj_bind_style_prop	24	static
