../Libs/lvgl/src/core/lv_obj_style_internal_gen.h:1441:23:lv_obj_get_style_drop_shadow_offset_x_internal	16	static
../Libs/lvgl/src/core/lv_obj_style_internal_gen.h:1454:23:lv_obj_get_style_drop_shadow_offset_y_internal	16	static
../Libs/lvgl/src/core/lv_obj_style_internal_gen.h:1217:26:lv_obj_get_style_text_color_filtered_internal	32	static
../Libs/lvgl/src/core/lv_obj_draw.c:547:13:set_ext_draw_size_event_cb	8	static
../Libs/lvgl/src/core/lv_obj_draw.c:507:21:image_apply_layer_recolor.isra	40	static
../Libs/lvgl/src/core/lv_obj_draw.c:488:19:normal_apply_layer_recolor.isra	48	static
../Libs/lvgl/src/core/lv_obj_draw.c:472:24:get_layer_opa.isra	16	static
../Libs/lvgl/src/core/lv_obj_draw.c:533:13:drop_shadow_init	24	static
../Libs/lvgl/src/core/lv_obj_draw.c:49:6:lv_obj_init_draw_rect_dsc	64	static
../Libs/lvgl/src/core/lv_obj_draw.c:174:6:lv_obj_init_draw_label_dsc	24	static
../Libs/lvgl/src/core/lv_obj_draw.c:218:6:lv_obj_init_draw_image_dsc	48	static
../Libs/lvgl/src/core/lv_obj_draw.c:263:6:lv_obj_init_draw_line_dsc	32	static
../Libs/lvgl/src/core/lv_obj_draw.c:309:6:lv_obj_init_draw_arc_dsc	32	static
../Libs/lvgl/src/core/lv_obj_draw.c:350:6:lv_obj_init_draw_blur_dsc	24	static
../Libs/lvgl/src/core/lv_obj_draw.c:370:6:lv_obj_set_ext_draw_size	16	static
../Libs/lvgl/src/core/lv_obj_draw.c:378:9:lv_obj_calculate_ext_draw_size	32	static
../Libs/lvgl/src/core/lv_obj_draw.c:452:9:lv_obj_get_ext_draw_size	0	static
../Libs/lvgl/src/core/lv_obj_draw.c:425:6:lv_obj_refresh_ext_draw_size	24	static
../Libs/lvgl/src/core/lv_obj_draw.c:460:17:lv_obj_get_layer_type	0	static
