../Libs/lvgl/src/core/lv_obj_style_internal_gen.h:1720:29:lv_obj_get_style_base_dir_internal	16	static
../Libs/lvgl/src/core/lv_obj_style_internal.h:67:23:lv_obj_get_style_space_bottom_internal.constprop	16	static
../Libs/lvgl/src/core/lv_obj_style_internal.h:58:23:lv_obj_get_style_space_top_internal.constprop	16	static
../Libs/lvgl/src/core/lv_obj_style_internal.h:49:23:lv_obj_get_style_space_right_internal.constprop	16	static
../Libs/lvgl/src/core/lv_obj_style_internal.h:40:23:lv_obj_get_style_space_left_internal.constprop	16	static
../Libs/lvgl/src/core/lv_obj_scroll.c:768:13:scroll_end_cb	0	static
../Libs/lvgl/src/core/lv_obj_scroll.c:62:6:lv_obj_set_scrollbar_mode	16	static
../Libs/lvgl/src/core/lv_obj_scroll.c:75:6:lv_obj_set_scroll_dir	16	static
../Libs/lvgl/src/core/lv_obj_scroll.c:88:6:lv_obj_set_scroll_snap_x	16	static
../Libs/lvgl/src/core/lv_obj_scroll.c:98:6:lv_obj_set_scroll_snap_y	16	static
../Libs/lvgl/src/core/lv_obj_scroll.c:112:21:lv_obj_get_scrollbar_mode	0	static
../Libs/lvgl/src/core/lv_obj_scroll.c:120:10:lv_obj_get_scroll_dir	0	static
../Libs/lvgl/src/core/lv_obj_scroll.c:128:18:lv_obj_get_scroll_snap_x	0	static
../Libs/lvgl/src/core/lv_obj_scroll.c:136:18:lv_obj_get_scroll_snap_y	0	static
../Libs/lvgl/src/core/lv_obj_scroll.c:144:9:lv_obj_get_scroll_x	0	static
../Libs/lvgl/src/core/lv_obj_scroll.c:152:9:lv_obj_get_scroll_y	0	static
../Libs/lvgl/src/core/lv_obj_scroll.c:160:9:lv_obj_get_scroll_top	0	static
../Libs/lvgl/src/core/lv_obj_scroll.c:168:9:lv_obj_get_scroll_bottom	40	static
../Libs/lvgl/src/core/lv_obj_scroll.c:196:9:lv_obj_get_scroll_left	48	static
../Libs/lvgl/src/core/lv_obj_scroll.c:239:9:lv_obj_get_scroll_right	40	static
../Libs/lvgl/src/core/lv_obj_scroll.c:276:6:lv_obj_get_scroll_end	16	static
../Libs/lvgl/src/core/lv_obj_scroll.c:462:13:lv_obj_scroll_by_raw	16	static
../Libs/lvgl/src/core/lv_obj_scroll.c:763:13:scroll_y_anim	8	static
../Libs/lvgl/src/core/lv_obj_scroll.c:758:13:scroll_x_anim	8	static
../Libs/lvgl/src/core/lv_obj_scroll.c:343:6:lv_obj_scroll_by	120	static
../Libs/lvgl/src/core/lv_obj_scroll.c:293:6:lv_obj_scroll_by_bounded	32	static
../Libs/lvgl/src/core/lv_obj_scroll.c:410:6:lv_obj_scroll_to_x	16	static
../Libs/lvgl/src/core/lv_obj_scroll.c:422:6:lv_obj_scroll_to_y	16	static
../Libs/lvgl/src/core/lv_obj_scroll.c:402:6:lv_obj_scroll_to	16	static
../Libs/lvgl/src/core/lv_obj_scroll.c:774:13:scroll_area_into_view	72	static
../Libs/lvgl/src/core/lv_obj_scroll.c:434:6:lv_obj_scroll_to_view	24	static
../Libs/lvgl/src/core/lv_obj_scroll.c:445:6:lv_obj_scroll_to_view_recursive	24	static
../Libs/lvgl/src/core/lv_obj_scroll.c:482:6:lv_obj_is_scrolling	16	static
../Libs/lvgl/src/core/lv_obj_scroll.c:500:6:lv_obj_stop_scroll_anim	8	static
../Libs/lvgl/src/core/lv_obj_scroll.c:508:6:lv_obj_update_snap	24	static
../Libs/lvgl/src/core/lv_obj_scroll.c:520:6:lv_obj_get_scrollbar_area	112	static
../Libs/lvgl/src/core/lv_obj_scroll.c:700:6:lv_obj_scrollbar_invalidate	40	static
../Libs/lvgl/src/core/lv_obj_scroll.c:714:6:lv_obj_readjust_scroll	24	static
