../Libs/lvgl/src/core/lv_obj.c:2148:13:null_on_delete_cb	8	static
../Libs/lvgl/src/core/lv_obj.c:2154:13:screen_load_on_trigger_event_cb	16	static
../Libs/lvgl/src/core/lv_obj.c:2161:13:screen_create_on_trigger_event_cb	24	static
../Libs/lvgl/src/core/lv_obj.c:2196:13:delete_on_screen_unloaded_event_cb	8	static
../Libs/lvgl/src/core/lv_obj.c:2171:13:play_timeline_on_trigger_event_cb	16	static
../Libs/lvgl/src/core/lv_obj.c:1477:13:lv_obj_constructor	32	static
../Libs/lvgl/src/core/lv_obj.c:2000:13:update_obj_state	80	static
../Libs/lvgl/src/core/lv_obj.c:1566:13:lv_obj_draw	280	static
../Libs/lvgl/src/core/lv_obj.c:370:12:lv_obj_create	8	static
../Libs/lvgl/src/core/lv_obj.c:539:6:lv_obj_set_clickable	0	static
../Libs/lvgl/src/core/lv_obj.c:546:6:lv_obj_set_click_focusable	0	static
../Libs/lvgl/src/core/lv_obj.c:552:6:lv_obj_set_checkable	0	static
../Libs/lvgl/src/core/lv_obj.c:558:6:lv_obj_set_scrollable	48	static
../Libs/lvgl/src/core/lv_obj.c:583:6:lv_obj_set_scroll_elastic	0	static
../Libs/lvgl/src/core/lv_obj.c:589:6:lv_obj_set_scroll_momentum	0	static
../Libs/lvgl/src/core/lv_obj.c:595:6:lv_obj_set_scroll_one	0	static
../Libs/lvgl/src/core/lv_obj.c:601:6:lv_obj_set_scroll_chain	0	static
../Libs/lvgl/src/core/lv_obj.c:608:6:lv_obj_set_scroll_chain_hor	0	static
../Libs/lvgl/src/core/lv_obj.c:614:6:lv_obj_set_scroll_chain_ver	0	static
../Libs/lvgl/src/core/lv_obj.c:620:6:lv_obj_set_scroll_on_focus	0	static
../Libs/lvgl/src/core/lv_obj.c:626:6:lv_obj_set_scroll_with_arrow	0	static
../Libs/lvgl/src/core/lv_obj.c:632:6:lv_obj_set_snappable	0	static
../Libs/lvgl/src/core/lv_obj.c:638:6:lv_obj_set_press_lock	0	static
../Libs/lvgl/src/core/lv_obj.c:644:6:lv_obj_set_event_bubble	0	static
../Libs/lvgl/src/core/lv_obj.c:650:6:lv_obj_set_gesture_bubble	0	static
../Libs/lvgl/src/core/lv_obj.c:656:6:lv_obj_set_adv_hittest	0	static
../Libs/lvgl/src/core/lv_obj.c:662:6:lv_obj_set_ignore_layout	16	static
../Libs/lvgl/src/core/lv_obj.c:678:6:lv_obj_set_floating	16	static
../Libs/lvgl/src/core/lv_obj.c:694:6:lv_obj_set_send_draw_task_events	0	static
../Libs/lvgl/src/core/lv_obj.c:700:6:lv_obj_set_overflow_visible	0	static
../Libs/lvgl/src/core/lv_obj.c:706:6:lv_obj_set_event_trickle	0	static
../Libs/lvgl/src/core/lv_obj.c:712:6:lv_obj_set_state_trickle	0	static
../Libs/lvgl/src/core/lv_obj.c:718:6:lv_obj_set_radio_button	0	static
../Libs/lvgl/src/core/lv_obj.c:745:6:lv_obj_add_state	24	static
../Libs/lvgl/src/core/lv_obj.c:758:6:lv_obj_remove_state	24	static
../Libs/lvgl/src/core/lv_obj.c:2217:20:set_state	0	static
../Libs/lvgl/src/core/lv_obj.c:771:6:lv_obj_set_state	0	static
../Libs/lvgl/src/core/lv_obj.c:777:6:lv_obj_set_alt	0	static
../Libs/lvgl/src/core/lv_obj.c:783:6:lv_obj_set_checked	0	static
../Libs/lvgl/src/core/lv_obj.c:789:6:lv_obj_set_focused	0	static
../Libs/lvgl/src/core/lv_obj.c:795:6:lv_obj_set_focus_key	0	static
../Libs/lvgl/src/core/lv_obj.c:801:6:lv_obj_set_edited	0	static
../Libs/lvgl/src/core/lv_obj.c:807:6:lv_obj_set_hovered	0	static
../Libs/lvgl/src/core/lv_obj.c:813:6:lv_obj_set_pressed	0	static
../Libs/lvgl/src/core/lv_obj.c:819:6:lv_obj_set_scrolled	0	static
../Libs/lvgl/src/core/lv_obj.c:825:6:lv_obj_set_disabled	0	static
../Libs/lvgl/src/core/lv_obj.c:831:6:lv_obj_set_state_user_1	0	static
../Libs/lvgl/src/core/lv_obj.c:837:6:lv_obj_set_state_user_2	0	static
../Libs/lvgl/src/core/lv_obj.c:843:6:lv_obj_set_state_user_3	0	static
../Libs/lvgl/src/core/lv_obj.c:849:6:lv_obj_set_state_user_4	0	static
../Libs/lvgl/src/core/lv_obj.c:859:6:lv_obj_has_flag	0	static
../Libs/lvgl/src/core/lv_obj.c:902:6:lv_obj_has_flag_any	0	static
../Libs/lvgl/src/core/lv_obj.c:947:6:lv_obj_is_hidden	0	static
../Libs/lvgl/src/core/lv_obj.c:953:6:lv_obj_is_clickable	0	static
../Libs/lvgl/src/core/lv_obj.c:959:6:lv_obj_is_click_focusable	0	static
../Libs/lvgl/src/core/lv_obj.c:965:6:lv_obj_is_checkable	0	static
../Libs/lvgl/src/core/lv_obj.c:971:6:lv_obj_is_scrollable	0	static
../Libs/lvgl/src/core/lv_obj.c:977:6:lv_obj_is_scroll_elastic	0	static
../Libs/lvgl/src/core/lv_obj.c:983:6:lv_obj_is_scroll_momentum	0	static
../Libs/lvgl/src/core/lv_obj.c:989:6:lv_obj_is_scroll_one	0	static
../Libs/lvgl/src/core/lv_obj.c:995:6:lv_obj_is_scroll_chain_hor	0	static
../Libs/lvgl/src/core/lv_obj.c:1001:6:lv_obj_is_scroll_chain_ver	0	static
../Libs/lvgl/src/core/lv_obj.c:1007:6:lv_obj_is_scroll_on_focus	0	static
../Libs/lvgl/src/core/lv_obj.c:1013:6:lv_obj_is_scroll_with_arrow	0	static
../Libs/lvgl/src/core/lv_obj.c:1019:6:lv_obj_is_snappable	0	static
../Libs/lvgl/src/core/lv_obj.c:1025:6:lv_obj_is_press_lock	0	static
../Libs/lvgl/src/core/lv_obj.c:1031:6:lv_obj_is_event_bubble	0	static
../Libs/lvgl/src/core/lv_obj.c:1037:6:lv_obj_is_gesture_bubble	0	static
../Libs/lvgl/src/core/lv_obj.c:1043:6:lv_obj_is_adv_hittest	0	static
../Libs/lvgl/src/core/lv_obj.c:1049:6:lv_obj_is_ignore_layout	0	static
../Libs/lvgl/src/core/lv_obj.c:1055:6:lv_obj_is_floating	0	static
../Libs/lvgl/src/core/lv_obj.c:1061:6:lv_obj_is_send_draw_task_events	0	static
../Libs/lvgl/src/core/lv_obj.c:1067:6:lv_obj_is_overflow_visible	0	static
../Libs/lvgl/src/core/lv_obj.c:1073:6:lv_obj_is_event_trickle	0	static
../Libs/lvgl/src/core/lv_obj.c:1079:6:lv_obj_is_state_trickle	0	static
../Libs/lvgl/src/core/lv_obj.c:1085:6:lv_obj_is_radio_button	0	static
../Libs/lvgl/src/core/lv_obj.c:1091:6:lv_obj_is_flex_in_new_track	0	static
../Libs/lvgl/src/core/lv_obj.c:1103:12:lv_obj_get_state	0	static
../Libs/lvgl/src/core/lv_obj.c:1110:6:lv_obj_has_state	0	static
../Libs/lvgl/src/core/lv_obj.c:1116:6:lv_obj_is_alt	0	static
../Libs/lvgl/src/core/lv_obj.c:1122:6:lv_obj_is_checked	0	static
../Libs/lvgl/src/core/lv_obj.c:1128:6:lv_obj_is_focused	0	static
../Libs/lvgl/src/core/lv_obj.c:1134:6:lv_obj_is_focus_key	0	static
../Libs/lvgl/src/core/lv_obj.c:1140:6:lv_obj_is_edited	0	static
../Libs/lvgl/src/core/lv_obj.c:1146:6:lv_obj_is_hovered	0	static
../Libs/lvgl/src/core/lv_obj.c:1152:6:lv_obj_is_pressed	0	static
../Libs/lvgl/src/core/lv_obj.c:1158:6:lv_obj_is_scrolled	0	static
../Libs/lvgl/src/core/lv_obj.c:1164:6:lv_obj_is_disabled	0	static
../Libs/lvgl/src/core/lv_obj.c:1170:6:lv_obj_is_state_user_1	0	static
../Libs/lvgl/src/core/lv_obj.c:1176:6:lv_obj_is_state_user_2	0	static
../Libs/lvgl/src/core/lv_obj.c:1182:6:lv_obj_is_state_user_3	0	static
../Libs/lvgl/src/core/lv_obj.c:1188:6:lv_obj_is_state_user_4	0	static
../Libs/lvgl/src/core/lv_obj.c:1194:14:lv_obj_get_group	0	static
../Libs/lvgl/src/core/lv_obj.c:1792:13:lv_obj_event	56	static
../Libs/lvgl/src/core/lv_obj.c:1517:13:lv_obj_destructor	8	static
../Libs/lvgl/src/core/lv_obj.c:506:6:lv_obj_set_hidden	16	static
../Libs/lvgl/src/core/lv_obj.c:1206:13:lv_obj_add_child	24	static
../Libs/lvgl/src/core/lv_obj.c:1225:6:lv_obj_remove_child	16	static
../Libs/lvgl/src/core/lv_obj.c:1251:22:lv_obj_allocate_spec_attr	8	static
../Libs/lvgl/src/core/lv_obj.c:393:6:lv_obj_add_flag	16	static
../Libs/lvgl/src/core/lv_obj.c:445:6:lv_obj_remove_flag	16	static
../Libs/lvgl/src/core/lv_obj.c:493:6:lv_obj_set_flag	0	static
../Libs/lvgl/src/core/lv_obj.c:724:6:lv_obj_set_flex_in_new_track	8	static
../Libs/lvgl/src/core/lv_obj.c:1272:6:lv_obj_check_type	0	static
../Libs/lvgl/src/core/lv_obj.c:1279:6:lv_obj_has_class	0	static
../Libs/lvgl/src/core/lv_obj.c:1293:24:lv_obj_get_class	0	static
../Libs/lvgl/src/core/lv_obj.c:1299:6:lv_obj_is_in_widget_tree	8	static
../Libs/lvgl/src/core/lv_obj.c:1325:6:lv_obj_null_on_delete	0	static
../Libs/lvgl/src/core/lv_obj.c:1350:6:lv_obj_add_screen_load_event	32	static
../Libs/lvgl/src/core/lv_obj.c:1368:6:lv_obj_add_screen_create_event	32	static
../Libs/lvgl/src/core/lv_obj.c:1386:6:lv_obj_add_play_timeline_event	32	static
../Libs/lvgl/src/core/lv_obj.c:1403:6:lv_obj_set_user_data	0	static
../Libs/lvgl/src/core/lv_obj.c:1409:6:lv_obj_set_user_flag	16	static
../Libs/lvgl/src/core/lv_obj.c:1422:8:lv_obj_get_user_data	0	static
../Libs/lvgl/src/core/lv_obj.c:1429:6:lv_obj_get_user_flag	0	static
../Libs/lvgl/src/core/lv_obj.c:1438:19:lv_obj_add_delete_cb	24	static
../Libs/lvgl/src/core/lv_obj.c:1459:6:lv_obj_remove_delete_cb	8	static
../Libs/lvgl/src/core/lv_obj.c:2201:13:call_delete_cb	8	static
