../Libs/lvgl/src/core/../../include/lvgl/core/../font/../draw/../stdlib/lv_string.h:73:20:lv_memzero	16	static
../Libs/lvgl/src/core/lv_obj_style_internal_gen.h:246:23:lv_obj_get_style_transform_scale_x_internal	24	static
../Libs/lvgl/src/core/lv_obj_style_internal_gen.h:260:23:lv_obj_get_style_transform_scale_y_internal	24	static
../Libs/lvgl/src/core/lv_obj_style_internal_gen.h:273:23:lv_obj_get_style_transform_rotation_internal	24	static
../Libs/lvgl/src/core/lv_obj_style_internal_gen.h:286:23:lv_obj_get_style_transform_pivot_x_internal	24	static
../Libs/lvgl/src/core/lv_obj_style_internal_gen.h:299:23:lv_obj_get_style_transform_pivot_y_internal	24	static
../Libs/lvgl/src/core/lv_obj_style_internal_gen.h:313:23:lv_obj_get_style_transform_skew_x_internal	24	static
../Libs/lvgl/src/core/lv_obj_style_internal_gen.h:327:23:lv_obj_get_style_transform_skew_y_internal	24	static
../Libs/lvgl/src/core/lv_obj_style_internal_gen.h:1522:23:lv_obj_get_style_radius_internal	24	static
../Libs/lvgl/src/core/lv_obj_style_internal_gen.h:1549:20:lv_obj_get_style_clip_corner_internal	24	static
../Libs/lvgl/src/core/lv_obj_style_internal_gen.h:1564:24:lv_obj_get_style_opa_internal	24	static
../Libs/lvgl/src/core/lv_obj_style_internal_gen.h:1580:24:lv_obj_get_style_opa_layered_internal	24	static
../Libs/lvgl/src/core/lv_obj_style_internal_gen.h:1693:31:lv_obj_get_style_blend_mode_internal	24	static
../Libs/lvgl/src/core/lv_obj_style_internal_gen.h:1734:28:lv_obj_get_style_bitmap_mask_src_internal	24	static
../Libs/lvgl/src/core/lv_refr.c:80:6:lv_refr_init	4	static
../Libs/lvgl/src/core/lv_refr.c:84:6:lv_refr_deinit	4	static
../Libs/lvgl/src/core/lv_refr.c:88:6:lv_refr_now	24	static
../Libs/lvgl/src/core/lv_refr.c:105:6:lv_obj_redraw	384	static
../Libs/lvgl/src/core/lv_refr.c:273:13:lv_inv_area	72	static
../Libs/lvgl/src/core/lv_refr.c:355:16:lv_refr_get_disp_refreshing	4	static
../Libs/lvgl/src/core/lv_refr.c:364:6:lv_refr_set_disp_refreshing	16	static
../Libs/lvgl/src/core/lv_refr.c:369:6:lv_display_refr_timer	40	static
../Libs/lvgl/src/core/lv_refr.c:470:12:lv_refr_get_top_obj	40	static
../Libs/lvgl/src/core/lv_refr.c:510:6:lv_obj_refr	256	static
../Libs/lvgl/src/core/lv_refr.c:638:13:lv_refr_join_area	40	static
../Libs/lvgl/src/core/lv_refr.c:677:13:refr_sync_areas	144	static
../Libs/lvgl/src/core/lv_refr.c:796:13:refr_invalid_areas	80	static
../Libs/lvgl/src/core/lv_refr.c:879:13:layer_reshape_draw_buf	48	static
../Libs/lvgl/src/core/lv_refr.c:895:13:refr_area	96	static
../Libs/lvgl/src/core/lv_refr.c:996:13:refr_configured_layer	48	static
../Libs/lvgl/src/core/lv_refr.c:1119:13:refr_obj_and_children	48	static
../Libs/lvgl/src/core/lv_refr.c:1172:20:layer_get_area	104	static
../Libs/lvgl/src/core/lv_refr.c:1216:13:alpha_test_area_on_obj	24	static
../Libs/lvgl/src/core/lv_refr.c:1353:17:get_max_row	64	static
../Libs/lvgl/src/core/lv_refr.c:1401:13:draw_buf_flush	24	static
../Libs/lvgl/src/core/lv_refr.c:1446:13:call_flush_cb	40	static
../Libs/lvgl/src/core/lv_refr.c:1486:13:wait_for_flushing	16	static
../Libs/lvgl/src/core/lv_refr.c:1510:13:call_sync_cb	40	static
../Libs/lvgl/src/core/lv_refr.c:1534:13:wait_for_syncing	16	static
