../Middlewares/lvgl/src/widgets/arc/../../core/lv_obj_style_internal_gen.h:340:23:lv_obj_get_style_pad_top_internal	24	static
../Middlewares/lvgl/src/widgets/arc/../../core/lv_obj_style_internal_gen.h:353:23:lv_obj_get_style_pad_bottom_internal	24	static
../Middlewares/lvgl/src/widgets/arc/../../core/lv_obj_style_internal_gen.h:366:23:lv_obj_get_style_pad_left_internal	24	static
../Middlewares/lvgl/src/widgets/arc/../../core/lv_obj_style_internal_gen.h:379:23:lv_obj_get_style_pad_right_internal	24	static
../Middlewares/lvgl/src/widgets/arc/../../core/lv_obj_style_internal_gen.h:511:24:lv_obj_get_style_bg_opa_internal	24	static
../Middlewares/lvgl/src/widgets/arc/../../core/lv_obj_style_internal_gen.h:635:28:lv_obj_get_style_bg_image_src_internal	24	static
../Middlewares/lvgl/src/widgets/arc/../../core/lv_obj_style_internal_gen.h:746:24:lv_obj_get_style_border_opa_internal	24	static
../Middlewares/lvgl/src/widgets/arc/../../core/lv_obj_style_internal_gen.h:759:23:lv_obj_get_style_border_width_internal	24	static
../Middlewares/lvgl/src/widgets/arc/../../core/lv_obj_style_internal_gen.h:801:23:lv_obj_get_style_outline_width_internal	24	static
../Middlewares/lvgl/src/widgets/arc/../../core/lv_obj_style_internal_gen.h:842:24:lv_obj_get_style_outline_opa_internal	24	static
../Middlewares/lvgl/src/widgets/arc/../../core/lv_obj_style_internal_gen.h:855:23:lv_obj_get_style_outline_pad_internal	24	static
../Middlewares/lvgl/src/widgets/arc/../../core/lv_obj_style_internal_gen.h:868:23:lv_obj_get_style_shadow_width_internal	24	static
../Middlewares/lvgl/src/widgets/arc/../../core/lv_obj_style_internal_gen.h:881:23:lv_obj_get_style_shadow_offset_x_internal	24	static
../Middlewares/lvgl/src/widgets/arc/../../core/lv_obj_style_internal_gen.h:894:23:lv_obj_get_style_shadow_offset_y_internal	24	static
../Middlewares/lvgl/src/widgets/arc/../../core/lv_obj_style_internal_gen.h:908:23:lv_obj_get_style_shadow_spread_internal	24	static
../Middlewares/lvgl/src/widgets/arc/../../core/lv_obj_style_internal_gen.h:949:24:lv_obj_get_style_shadow_opa_internal	24	static
../Middlewares/lvgl/src/widgets/arc/../../core/lv_obj_style_internal_gen.h:1125:23:lv_obj_get_style_arc_width_internal	24	static
../Middlewares/lvgl/src/widgets/arc/../../core/lv_obj_style_internal_gen.h:1138:20:lv_obj_get_style_arc_rounded_internal	24	static
../Middlewares/lvgl/src/widgets/arc/lv_arc.c:142:12:lv_arc_create	24	static
../Middlewares/lvgl/src/widgets/arc/lv_arc.c:162:6:lv_arc_set_start_angle	24	static
../Middlewares/lvgl/src/widgets/arc/lv_arc.c:170:6:lv_arc_set_end_angle	24	static
../Middlewares/lvgl/src/widgets/arc/lv_arc.c:178:6:lv_arc_set_angles	80	static
../Middlewares/lvgl/src/widgets/arc/lv_arc.c:229:6:lv_arc_set_bg_start_angle	24	static
../Middlewares/lvgl/src/widgets/arc/lv_arc.c:237:6:lv_arc_set_bg_end_angle	24	static
../Middlewares/lvgl/src/widgets/arc/lv_arc.c:245:6:lv_arc_set_bg_angles	56	static
../Middlewares/lvgl/src/widgets/arc/lv_arc.c:287:6:lv_arc_set_rotation	24	static
../Middlewares/lvgl/src/widgets/arc/lv_arc.c:300:6:lv_arc_set_mode	32	static
../Middlewares/lvgl/src/widgets/arc/lv_arc.c:328:6:lv_arc_set_value	24	static
../Middlewares/lvgl/src/widgets/arc/lv_arc.c:345:6:lv_arc_set_range	32	static
../Middlewares/lvgl/src/widgets/arc/lv_arc.c:365:6:lv_arc_set_min_value	16	static
../Middlewares/lvgl/src/widgets/arc/lv_arc.c:372:6:lv_arc_set_max_value	16	static
../Middlewares/lvgl/src/widgets/arc/lv_arc.c:379:6:lv_arc_set_change_rate	24	static
../Middlewares/lvgl/src/widgets/arc/lv_arc.c:387:6:lv_arc_set_knob_offset	24	static
../Middlewares/lvgl/src/widgets/arc/lv_arc.c:399:20:lv_arc_get_angle_start	16	static
../Middlewares/lvgl/src/widgets/arc/lv_arc.c:405:20:lv_arc_get_angle_end	16	static
../Middlewares/lvgl/src/widgets/arc/lv_arc.c:411:20:lv_arc_get_bg_angle_start	16	static
../Middlewares/lvgl/src/widgets/arc/lv_arc.c:417:20:lv_arc_get_bg_angle_end	16	static
../Middlewares/lvgl/src/widgets/arc/lv_arc.c:423:9:lv_arc_get_value	16	static
../Middlewares/lvgl/src/widgets/arc/lv_arc.c:429:9:lv_arc_get_min_value	16	static
../Middlewares/lvgl/src/widgets/arc/lv_arc.c:435:9:lv_arc_get_max_value	16	static
../Middlewares/lvgl/src/widgets/arc/lv_arc.c:441:15:lv_arc_get_mode	16	static
../Middlewares/lvgl/src/widgets/arc/lv_arc.c:447:9:lv_arc_get_rotation	16	static
../Middlewares/lvgl/src/widgets/arc/lv_arc.c:453:9:lv_arc_get_knob_offset	16	static
../Middlewares/lvgl/src/widgets/arc/lv_arc.c:459:10:lv_arc_get_change_rate	16	static
../Middlewares/lvgl/src/widgets/arc/lv_arc.c:470:17:lv_arc_bind_value	24	static
../Middlewares/lvgl/src/widgets/arc/lv_arc.c:488:6:lv_arc_align_obj_to_angle	64	static
../Middlewares/lvgl/src/widgets/arc/lv_arc.c:509:6:lv_arc_rotate_obj_to_angle	64	static
../Middlewares/lvgl/src/widgets/arc/lv_arc.c:540:13:lv_arc_constructor	24	static
../Middlewares/lvgl/src/widgets/arc/lv_arc.c:573:13:lv_arc_event	272	static
../Middlewares/lvgl/src/widgets/arc/lv_arc.c:846:13:lv_arc_draw	304	static
../Middlewares/lvgl/src/widgets/arc/lv_arc.c:898:13:inv_arc_area	80	static
../Middlewares/lvgl/src/widgets/arc/lv_arc.c:936:13:get_knob_inv_area	32	static
../Middlewares/lvgl/src/widgets/arc/lv_arc.c:966:13:inv_knob_area	32	static
../Middlewares/lvgl/src/widgets/arc/lv_arc.c:973:13:get_center	56	static
../Middlewares/lvgl/src/widgets/arc/lv_arc.c:992:27:get_angle	40	static
../Middlewares/lvgl/src/widgets/arc/lv_arc.c:1018:13:get_knob_area	64	static
../Middlewares/lvgl/src/widgets/arc/lv_arc.c:1050:13:value_update	56	static
../Middlewares/lvgl/src/widgets/arc/lv_arc.c:1093:16:knob_get_extra_size	24	static
../Middlewares/lvgl/src/widgets/arc/lv_arc.c:1131:13:lv_arc_angle_within_bg_bounds	32	static
../Middlewares/lvgl/src/widgets/arc/lv_arc.c:1184:16:get_indicator_max_pad	32	static
../Middlewares/lvgl/src/widgets/arc/lv_arc.c:1196:13:arc_value_changed_event_cb	24	static
../Middlewares/lvgl/src/widgets/arc/lv_arc.c:1216:13:arc_value_observer_cb	16	static
