../Libs/lvgl/src/draw/sw/blend/lv_draw_sw_blend_private.h:214:50:lv_color_mix32_inlined	40	static
../Libs/lvgl/src/draw/sw/blend/lv_draw_sw_blend_to_argb8888.c:1514:45:get_bit	0	static
../Libs/lvgl/src/draw/sw/blend/lv_draw_sw_blend_to_argb8888.c:1560:50:lv_color16_from_u16	0	static
../Libs/lvgl/src/draw/sw/blend/lv_draw_sw_blend_to_argb8888.c:1441:43:lv_color_32_32_mix_semi_transparent_bg	24	static
../Libs/lvgl/src/draw/sw/blend/lv_draw_sw_blend_to_argb8888.c:1482:50:lv_color_32_32_mix	24	static
../Libs/lvgl/src/draw/sw/blend/lv_draw_sw_blend_to_argb8888.c:1521:42:blend_non_normal_pixel	32	static
../Libs/lvgl/src/draw/sw/blend/lv_draw_sw_blend_to_argb8888.c:1276:50:lv_color_32_32_mix_premult_scaled	40	static
../Libs/lvgl/src/draw/sw/blend/lv_draw_sw_blend_to_argb8888.c:1470:50:lv_color_32_32_mix_mid	16	static
../Libs/lvgl/src/draw/sw/blend/lv_draw_sw_blend_to_argb8888.c:1417:42:lv_color_8_32_mix	0	static
../Libs/lvgl/src/draw/sw/blend/lv_draw_sw_blend_to_argb8888.c:1503:6:lv_color_mix_with_alpha_cache_init	8	static
../Libs/lvgl/src/draw/sw/blend/lv_draw_sw_blend_to_argb8888.c:1038:35:rgb888_image_blend	88	static
../Libs/lvgl/src/draw/sw/blend/lv_draw_sw_blend_to_argb8888.c:251:28:lv_draw_sw_blend_color_to_argb8888	96	static
../Libs/lvgl/src/draw/sw/blend/lv_draw_sw_blend_to_argb8888.c:400:28:lv_draw_sw_blend_image_to_argb8888	120	static
