../Libs/lvgl/src/draw/sw/blend/../../../../include/lvgl/core/../font/../draw/lv_color.h:456:46:lv_color_swap_16	16	static
../Libs/lvgl/src/draw/sw/blend/lv_draw_sw_blend_private.h:187:46:lv_color_16_16_mix_inlined	32	static
../Libs/lvgl/src/draw/sw/blend/lv_draw_sw_blend_to_rgb565.c:266:28:lv_draw_sw_blend_color_to_rgb565	280	static
../Libs/lvgl/src/draw/sw/blend/lv_draw_sw_blend_to_rgb565.c:445:28:lv_draw_sw_blend_image_to_rgb565	16	static
../Libs/lvgl/src/draw/sw/blend/lv_draw_sw_blend_to_rgb565.c:502:35:i1_image_blend	96	static
../Libs/lvgl/src/draw/sw/blend/lv_draw_sw_blend_to_rgb565.c:628:35:al88_image_blend	88	static
../Libs/lvgl/src/draw/sw/blend/lv_draw_sw_blend_to_rgb565.c:759:35:l8_image_blend	96	static
../Libs/lvgl/src/draw/sw/blend/lv_draw_sw_blend_to_rgb565.c:883:35:rgb565_image_blend	112	static
../Libs/lvgl/src/draw/sw/blend/lv_draw_sw_blend_to_rgb565.c:1037:35:rgb565_swapped_image_blend	88	static
../Libs/lvgl/src/draw/sw/blend/lv_draw_sw_blend_to_rgb565.c:1161:35:rgb888_image_blend	88	static
../Libs/lvgl/src/draw/sw/blend/lv_draw_sw_blend_to_rgb565.c:1284:35:argb8888_image_blend	88	static
../Libs/lvgl/src/draw/sw/blend/lv_draw_sw_blend_to_rgb565.c:1415:46:lv_color_24_16_mix_premult	24	static
../Libs/lvgl/src/draw/sw/blend/lv_draw_sw_blend_to_rgb565.c:1434:35:argb8888_premultiplied_image_blend	96	static
../Libs/lvgl/src/draw/sw/blend/lv_draw_sw_blend_to_rgb565.c:1587:46:l8_to_rgb565	16	static
../Libs/lvgl/src/draw/sw/blend/lv_draw_sw_blend_to_rgb565.c:1592:46:lv_color_8_16_mix	40	static
../Libs/lvgl/src/draw/sw/blend/lv_draw_sw_blend_to_rgb565.c:1609:46:lv_color_24_16_mix	40	static
../Libs/lvgl/src/draw/sw/blend/lv_draw_sw_blend_to_rgb565.c:1628:45:get_bit	16	static
../Libs/lvgl/src/draw/sw/blend/lv_draw_sw_blend_to_rgb565.c:1635:44:drawbuf_next_row	16	static
../Libs/lvgl/src/draw/sw/blend/lv_draw_sw_blend_to_rgb565.c:1641:50:lv_color16_from_u16	24	static
