../Middlewares/lvgl/src/draw/sw/blend/../../../../include/lvgl/core/../font/../draw/lv_color.h:456:46:lv_color_swap_16	16	static
../Middlewares/lvgl/src/draw/sw/blend/../../../../include/lvgl/core/../font/../draw/../stdlib/lv_string.h:73:20:lv_memzero	16	static
../Middlewares/lvgl/src/draw/sw/blend/lv_draw_sw_blend_private.h:214:50:lv_color_mix32_inlined	24	static
../Middlewares/lvgl/src/draw/sw/blend/lv_draw_sw_blend_to_argb8888.c:251:28:lv_draw_sw_blend_color_to_argb8888	144	static
../Middlewares/lvgl/src/draw/sw/blend/lv_draw_sw_blend_to_argb8888.c:400:28:lv_draw_sw_blend_image_to_argb8888	16	static
../Middlewares/lvgl/src/draw/sw/blend/lv_draw_sw_blend_to_argb8888.c:457:35:i1_image_blend	88	static
../Middlewares/lvgl/src/draw/sw/blend/lv_draw_sw_blend_to_argb8888.c:550:35:al88_image_blend	96	static
../Middlewares/lvgl/src/draw/sw/blend/lv_draw_sw_blend_to_argb8888.c:646:35:l8_image_blend	88	static
../Middlewares/lvgl/src/draw/sw/blend/lv_draw_sw_blend_to_argb8888.c:763:35:rgb565_masked_rows	88	static
../Middlewares/lvgl/src/draw/sw/blend/lv_draw_sw_blend_to_argb8888.c:804:35:rgb565_image_blend	120	static
../Middlewares/lvgl/src/draw/sw/blend/lv_draw_sw_blend_to_argb8888.c:909:35:rgb565_swapped_image_blend	104	static
../Middlewares/lvgl/src/draw/sw/blend/lv_draw_sw_blend_to_argb8888.c:1038:35:rgb888_image_blend	104	static
../Middlewares/lvgl/src/draw/sw/blend/lv_draw_sw_blend_to_argb8888.c:1155:35:argb8888_image_blend	88	static
../Middlewares/lvgl/src/draw/sw/blend/lv_draw_sw_blend_to_argb8888.c:1276:50:lv_color_32_32_mix_premult_scaled	40	static
../Middlewares/lvgl/src/draw/sw/blend/lv_draw_sw_blend_to_argb8888.c:1311:35:argb8888_premultiplied_image_blend	112	static
../Middlewares/lvgl/src/draw/sw/blend/lv_draw_sw_blend_to_argb8888.c:1417:42:lv_color_8_32_mix	24	static
../Middlewares/lvgl/src/draw/sw/blend/lv_draw_sw_blend_to_argb8888.c:1441:43:lv_color_32_32_mix_semi_transparent_bg	40	static
../Middlewares/lvgl/src/draw/sw/blend/lv_draw_sw_blend_to_argb8888.c:1470:50:lv_color_32_32_mix_mid	32	static
../Middlewares/lvgl/src/draw/sw/blend/lv_draw_sw_blend_to_argb8888.c:1482:50:lv_color_32_32_mix	32	static
../Middlewares/lvgl/src/draw/sw/blend/lv_draw_sw_blend_to_argb8888.c:1503:6:lv_color_mix_with_alpha_cache_init	16	static
../Middlewares/lvgl/src/draw/sw/blend/lv_draw_sw_blend_to_argb8888.c:1514:45:get_bit	16	static
../Middlewares/lvgl/src/draw/sw/blend/lv_draw_sw_blend_to_argb8888.c:1521:42:blend_non_normal_pixel	32	static
../Middlewares/lvgl/src/draw/sw/blend/lv_draw_sw_blend_to_argb8888.c:1554:44:drawbuf_next_row	16	static
../Middlewares/lvgl/src/draw/sw/blend/lv_draw_sw_blend_to_argb8888.c:1560:50:lv_color16_from_u16	24	static
