../Libs/lvgl/src/layouts/flex/lv_flex.c:604:13:place_content	16	static
../Libs/lvgl/src/layouts/flex/lv_flex.c:645:19:get_next_item	0	static
../Libs/lvgl/src/layouts/flex/../../core/lv_obj_style_internal.h:58:23:lv_obj_get_style_space_top_internal.constprop	16	static
../Libs/lvgl/src/layouts/flex/../../core/lv_obj_style_internal.h:40:23:lv_obj_get_style_space_left_internal.constprop	16	static
../Libs/lvgl/src/layouts/flex/lv_flex.c:141:13:get_flex_info	24	static
../Libs/lvgl/src/layouts/flex/lv_flex.c:660:16:lv_obj_get_width_with_margin	24	static
../Libs/lvgl/src/layouts/flex/lv_flex.c:668:16:lv_obj_get_height_with_margin	24	static
../Libs/lvgl/src/layouts/flex/lv_flex.c:314:16:find_track_end	64	static
../Libs/lvgl/src/layouts/flex/lv_flex.c:154:13:calc_min_size	88	static
../Libs/lvgl/src/layouts/flex/lv_flex.c:208:13:flex_update	216	static
../Libs/lvgl/src/layouts/flex/lv_flex.c:102:6:lv_flex_init	0	static
../Libs/lvgl/src/layouts/flex/lv_flex.c:109:6:lv_obj_set_flex_flow	8	static
../Libs/lvgl/src/layouts/flex/lv_flex.c:117:6:lv_obj_set_flex_align	16	static
../Libs/lvgl/src/layouts/flex/lv_flex.c:128:6:lv_obj_set_flex_grow	8	static
