../Libs/lvgl/src/stdlib/builtin/lv_string_builtin.c:61:30:lv_memcpy	48	static
../Libs/lvgl/src/stdlib/builtin/lv_string_builtin.c:137:28:lv_memset	40	static
../Libs/lvgl/src/stdlib/builtin/lv_string_builtin.c:178:30:lv_memmove	40	static
../Libs/lvgl/src/stdlib/builtin/lv_string_builtin.c:207:5:lv_memcmp	32	static
../Libs/lvgl/src/stdlib/builtin/lv_string_builtin.c:222:8:lv_strlen	24	static
../Libs/lvgl/src/stdlib/builtin/lv_string_builtin.c:232:8:lv_strnlen	24	static
../Libs/lvgl/src/stdlib/builtin/lv_string_builtin.c:242:8:lv_strlcpy	32	static
../Libs/lvgl/src/stdlib/builtin/lv_string_builtin.c:258:8:lv_strncpy	32	static
../Libs/lvgl/src/stdlib/builtin/lv_string_builtin.c:273:8:lv_strcpy	24	static
../Libs/lvgl/src/stdlib/builtin/lv_string_builtin.c:283:5:lv_strcmp	16	static
../Libs/lvgl/src/stdlib/builtin/lv_string_builtin.c:295:5:lv_strncmp	24	static
../Libs/lvgl/src/stdlib/builtin/lv_string_builtin.c:314:8:lv_strdup	24	static
../Libs/lvgl/src/stdlib/builtin/lv_string_builtin.c:326:8:lv_strndup	24	static
../Libs/lvgl/src/stdlib/builtin/lv_string_builtin.c:339:8:lv_strcat	16	static
../Libs/lvgl/src/stdlib/builtin/lv_string_builtin.c:348:8:lv_strncat	32	static
../Libs/lvgl/src/stdlib/builtin/lv_string_builtin.c:365:8:lv_strchr	16	static
