../Libs/lvgl/src/stdlib/builtin/lv_tlsf.c:97:15:tlsf_ffs	16	static
../Libs/lvgl/src/stdlib/builtin/lv_tlsf.c:104:15:tlsf_fls	24	static
../Libs/lvgl/src/stdlib/builtin/lv_tlsf.c:384:15:block_size	16	static
../Libs/lvgl/src/stdlib/builtin/lv_tlsf.c:389:13:block_set_size	24	static
../Libs/lvgl/src/stdlib/builtin/lv_tlsf.c:395:12:block_is_last	16	static
../Libs/lvgl/src/stdlib/builtin/lv_tlsf.c:400:12:block_is_free	16	static
../Libs/lvgl/src/stdlib/builtin/lv_tlsf.c:405:13:block_set_free	16	static
../Libs/lvgl/src/stdlib/builtin/lv_tlsf.c:410:13:block_set_used	16	static
../Libs/lvgl/src/stdlib/builtin/lv_tlsf.c:415:12:block_is_prev_free	16	static
../Libs/lvgl/src/stdlib/builtin/lv_tlsf.c:420:13:block_set_prev_free	16	static
../Libs/lvgl/src/stdlib/builtin/lv_tlsf.c:425:13:block_set_prev_used	16	static
../Libs/lvgl/src/stdlib/builtin/lv_tlsf.c:430:25:block_from_ptr	16	static
../Libs/lvgl/src/stdlib/builtin/lv_tlsf.c:436:15:block_to_ptr	16	static
../Libs/lvgl/src/stdlib/builtin/lv_tlsf.c:443:25:offset_to_block	16	static
../Libs/lvgl/src/stdlib/builtin/lv_tlsf.c:449:25:block_prev	16	static
../Libs/lvgl/src/stdlib/builtin/lv_tlsf.c:456:25:block_next	32	static
../Libs/lvgl/src/stdlib/builtin/lv_tlsf.c:465:25:block_link_next	24	static
../Libs/lvgl/src/stdlib/builtin/lv_tlsf.c:472:13:block_mark_as_free	24	static
../Libs/lvgl/src/stdlib/builtin/lv_tlsf.c:480:13:block_mark_as_used	24	static
../Libs/lvgl/src/stdlib/builtin/lv_tlsf.c:487:15:align_up	16	static
../Libs/lvgl/src/stdlib/builtin/lv_tlsf.c:493:15:align_down	16	static
../Libs/lvgl/src/stdlib/builtin/lv_tlsf.c:499:15:align_ptr	24	static
../Libs/lvgl/src/stdlib/builtin/lv_tlsf.c:511:15:adjust_request_size	24	static
../Libs/lvgl/src/stdlib/builtin/lv_tlsf.c:532:13:mapping_insert	32	static
../Libs/lvgl/src/stdlib/builtin/lv_tlsf.c:550:13:mapping_search	32	static
../Libs/lvgl/src/stdlib/builtin/lv_tlsf.c:559:25:search_suitable_block	40	static
../Libs/lvgl/src/stdlib/builtin/lv_tlsf.c:590:13:remove_free_block	32	static
../Libs/lvgl/src/stdlib/builtin/lv_tlsf.c:616:13:insert_free_block	32	static
../Libs/lvgl/src/stdlib/builtin/lv_tlsf.c:637:13:block_remove	24	static
../Libs/lvgl/src/stdlib/builtin/lv_tlsf.c:645:13:block_insert	24	static
../Libs/lvgl/src/stdlib/builtin/lv_tlsf.c:652:12:block_can_split	16	static
../Libs/lvgl/src/stdlib/builtin/lv_tlsf.c:658:25:block_split	24	static
../Libs/lvgl/src/stdlib/builtin/lv_tlsf.c:680:25:block_absorb	16	static
../Libs/lvgl/src/stdlib/builtin/lv_tlsf.c:690:25:block_merge_prev	24	static
../Libs/lvgl/src/stdlib/builtin/lv_tlsf.c:704:25:block_merge_next	24	static
../Libs/lvgl/src/stdlib/builtin/lv_tlsf.c:719:13:block_trim_free	32	static
../Libs/lvgl/src/stdlib/builtin/lv_tlsf.c:731:13:block_trim_used	32	static
../Libs/lvgl/src/stdlib/builtin/lv_tlsf.c:744:25:block_trim_free_leading	32	static
../Libs/lvgl/src/stdlib/builtin/lv_tlsf.c:759:25:block_locate_free	32	static
../Libs/lvgl/src/stdlib/builtin/lv_tlsf.c:786:15:block_prepare_used	32	static
../Libs/lvgl/src/stdlib/builtin/lv_tlsf.c:799:13:control_constructor	24	static
../Libs/lvgl/src/stdlib/builtin/lv_tlsf.c:826:13:integrity_walker	48	static
../Libs/lvgl/src/stdlib/builtin/lv_tlsf.c:843:5:lv_tlsf_check	56	static
../Libs/lvgl/src/stdlib/builtin/lv_tlsf.c:892:13:default_walker	24	static
../Libs/lvgl/src/stdlib/builtin/lv_tlsf.c:904:6:lv_tlsf_walk_pool	48	static
../Libs/lvgl/src/stdlib/builtin/lv_tlsf.c:920:8:lv_tlsf_block_size	24	static
../Libs/lvgl/src/stdlib/builtin/lv_tlsf.c:930:5:lv_tlsf_check_pool	24	static
../Libs/lvgl/src/stdlib/builtin/lv_tlsf.c:943:8:lv_tlsf_size	4	static
../Libs/lvgl/src/stdlib/builtin/lv_tlsf.c:948:8:lv_tlsf_align_size	4	static
../Libs/lvgl/src/stdlib/builtin/lv_tlsf.c:953:8:lv_tlsf_block_size_min	4	static
../Libs/lvgl/src/stdlib/builtin/lv_tlsf.c:958:8:lv_tlsf_block_size_max	4	static
../Libs/lvgl/src/stdlib/builtin/lv_tlsf.c:968:8:lv_tlsf_pool_overhead	4	static
../Libs/lvgl/src/stdlib/builtin/lv_tlsf.c:973:8:lv_tlsf_alloc_overhead	4	static
../Libs/lvgl/src/stdlib/builtin/lv_tlsf.c:978:11:lv_tlsf_add_pool	40	static
../Libs/lvgl/src/stdlib/builtin/lv_tlsf.c:1019:6:lv_tlsf_remove_pool	32	static
../Libs/lvgl/src/stdlib/builtin/lv_tlsf.c:1065:11:lv_tlsf_create	16	static
../Libs/lvgl/src/stdlib/builtin/lv_tlsf.c:1084:11:lv_tlsf_create_with_pool	32	static
../Libs/lvgl/src/stdlib/builtin/lv_tlsf.c:1091:6:lv_tlsf_destroy	16	static
../Libs/lvgl/src/stdlib/builtin/lv_tlsf.c:1097:11:lv_tlsf_get_pool	16	static
../Libs/lvgl/src/stdlib/builtin/lv_tlsf.c:1102:8:lv_tlsf_malloc	32	static
../Libs/lvgl/src/stdlib/builtin/lv_tlsf.c:1110:8:lv_tlsf_memalign	72	static
../Libs/lvgl/src/stdlib/builtin/lv_tlsf.c:1164:8:lv_tlsf_free	32	static
../Libs/lvgl/src/stdlib/builtin/lv_tlsf.c:1195:8:lv_tlsf_realloc	56	static
