../Libs/lvgl/src/widgets/tabview/../../core/lv_obj_style_internal_gen.h:392:23:lv_obj_get_style_pad_row_internal	24	static
../Libs/lvgl/src/widgets/tabview/../../core/lv_obj_style_internal_gen.h:405:23:lv_obj_get_style_pad_column_internal	24	static
../Libs/lvgl/src/widgets/tabview/../../core/lv_obj_style_internal_gen.h:1720:29:lv_obj_get_style_base_dir_internal	24	static
../Libs/lvgl/src/widgets/tabview/lv_tabview.c:84:12:lv_tabview_create	24	static
../Libs/lvgl/src/widgets/tabview/lv_tabview.c:93:12:lv_tabview_add_tab	56	static
../Libs/lvgl/src/widgets/tabview/lv_tabview.c:123:6:lv_tabview_set_tab_text	40	static
../Libs/lvgl/src/widgets/tabview/lv_tabview.c:150:6:lv_tabview_set_active	72	static
../Libs/lvgl/src/widgets/tabview/lv_tabview.c:195:6:lv_tabview_set_tab_bar_position	40	static
../Libs/lvgl/src/widgets/tabview/lv_tabview.c:266:6:lv_tabview_set_tab_bar_size	24	static
../Libs/lvgl/src/widgets/tabview/lv_tabview.c:281:10:lv_tabview_get_tab_active	24	static
../Libs/lvgl/src/widgets/tabview/lv_tabview.c:288:12:lv_tabview_get_tab_button	16	static
../Libs/lvgl/src/widgets/tabview/lv_tabview.c:295:10:lv_tabview_get_tab_count	24	static
../Libs/lvgl/src/widgets/tabview/lv_tabview.c:302:12:lv_tabview_get_content	16	static
../Libs/lvgl/src/widgets/tabview/lv_tabview.c:309:12:lv_tabview_get_tab_bar	16	static
../Libs/lvgl/src/widgets/tabview/lv_tabview.c:315:10:lv_tabview_get_tab_bar_position	24	static
../Libs/lvgl/src/widgets/tabview/lv_tabview.c:326:13:lv_tabview_constructor	32	static
../Libs/lvgl/src/widgets/tabview/lv_tabview.c:358:13:lv_tabview_event	32	static
../Libs/lvgl/src/widgets/tabview/lv_tabview.c:372:13:button_clicked_event_cb	32	static
../Libs/lvgl/src/widgets/tabview/lv_tabview.c:396:13:cont_scroll_end_event_cb	64	static
