../Core/Src/main.c:133:5:main	3
../Core/Src/main.c:198:6:SystemClock_Config	4
../Core/Src/main.c:245:13:MX_ADC1_Init	8
../Core/Src/main.c:337:13:MX_TIM3_Init	4
../Core/Src/main.c:380:13:MX_DMA_Init	1
../Core/Src/main.c:398:13:MX_GPIO_Init	1
../Core/Src/main.c:440:6:HAL_ADC_ConvCpltCallback	1
../Core/Src/main.c:446:6:HAL_ADC_ConvHalfCpltCallback	1
../Core/Src/main.c:451:6:ProcessADCBuffer	2
../Core/Src/main.c:466:6:ProcessMeasurements	4
../Core/Src/main.c:496:7:CalculateRMS	2
../Core/Src/main.c:508:7:CalculateMean	2
../Core/Src/main.c:521:6:CalibrateOffset	1
../Core/Src/main.c:533:6:ApplyCalibration	2
../Core/Src/main.c:563:6:Error_Handler	1
