../Core/Src/main.c:126:6:GenerateSineTable	32	static
../Core/Src/main.c:148:5:main	8	static
../Core/Src/main.c:223:6:SystemClock_Config	88	static
../Core/Src/main.c:270:13:MX_ADC1_Init	24	static
../Core/Src/main.c:362:13:MX_TIM1_Init	80	static
../Core/Src/main.c:427:13:MX_TIM3_Init	32	static
../Core/Src/main.c:470:13:MX_DMA_Init	16	static
../Core/Src/main.c:488:13:MX_GPIO_Init	40	static
../Core/Src/main.c:526:6:HAL_TIM_PeriodElapsedCallback	16	static
../Core/Src/main.c:547:6:HAL_ADC_ConvCpltCallback	16	static
../Core/Src/main.c:553:6:HAL_ADC_ConvHalfCpltCallback	16	static
../Core/Src/main.c:558:6:ProcessADCBuffer	32	static
../Core/Src/main.c:573:6:ProcessMeasurements	8	static
../Core/Src/main.c:604:7:CalculateRMS	24	static
../Core/Src/main.c:616:7:CalculateMean	24	static
../Core/Src/main.c:629:6:CalibrateOffset	8	static
../Core/Src/main.c:641:6:ApplyCalibration	24	static
../Core/Src/main.c:671:6:Error_Handler	4	static,ignoring_inline_asm
