../Core/Src/main.c:178:5:main	8	static
../Core/Src/main.c:243:6:SystemClock_Config	88	static
../Core/Src/main.c:290:13:MX_ADC1_Init	24	static
../Core/Src/main.c:382:13:MX_TIM3_Init	32	static
../Core/Src/main.c:425:13:MX_DMA_Init	16	static
../Core/Src/main.c:443:13:MX_GPIO_Init	40	static
../Core/Src/main.c:485:6:HAL_ADC_ConvCpltCallback	16	static
../Core/Src/main.c:491:6:HAL_ADC_ConvHalfCpltCallback	16	static
../Core/Src/main.c:496:6:ProcessADCBuffer	32	static
../Core/Src/main.c:511:6:ProcessMeasurements	8	static
../Core/Src/main.c:570:6:CalibrateOffset	8	static
../Core/Src/main.c:582:6:ApplyCalibration	24	static
../Core/Src/main.c:607:7:CalculateRMS	24	static
../Core/Src/main.c:619:7:CalculateMean	24	static
../Core/Src/main.c:631:7:MeasureLineFrequency	40	static
../Core/Src/main.c:674:6:CalculatePower	48	static
../Core/Src/main.c:694:7:GoertzelMagnitude	56	static
../Core/Src/main.c:716:6:CalculateHarmonics	40	static
../Core/Src/main.c:735:6:DetectVoltageEvents	16	static
../Core/Src/main.c:794:6:Error_Handler	4	static,ignoring_inline_asm
