../Core/Src/main.c:126:5:main	3
../Core/Src/main.c:197:6:SystemClock_Config	4
../Core/Src/main.c:244:13:MX_ADC1_Init	8
../Core/Src/main.c:336:13:MX_TIM3_Init	4
../Core/Src/main.c:379:13:MX_DMA_Init	1
../Core/Src/main.c:397:13:MX_GPIO_Init	1
../Core/Src/main.c:438:6:HAL_ADC_ConvCpltCallback	1
../Core/Src/main.c:444:6:HAL_ADC_ConvHalfCpltCallback	1
../Core/Src/main.c:449:6:ProcessADCBuffer	2
../Core/Src/main.c:464:6:ProcessMeasurements	2
../Core/Src/main.c:490:7:CalculateRMS	2
../Core/Src/main.c:502:7:CalculateMean	2
../Core/Src/main.c:515:6:CalibrateOffset	1
../Core/Src/main.c:527:6:ApplyCalibration	2
../Core/Src/main.c:557:6:Error_Handler	1
