../Libs/lvgl/src/misc/lv_circle_buf.c:296:13:circle_buf_prepare_empty.constprop	16	static
../Libs/lvgl/src/misc/lv_circle_buf.c:51:19:lv_circle_buf_create	16	static
../Libs/lvgl/src/misc/lv_circle_buf.c:70:19:lv_circle_buf_create_from_buf	24	static
../Libs/lvgl/src/misc/lv_circle_buf.c:91:19:lv_circle_buf_create_from_array	16	static
../Libs/lvgl/src/misc/lv_circle_buf.c:115:13:lv_circle_buf_resize	8	static
../Libs/lvgl/src/misc/lv_circle_buf.c:131:6:lv_circle_buf_destroy	8	static
../Libs/lvgl/src/misc/lv_circle_buf.c:140:10:lv_circle_buf_size	0	static
../Libs/lvgl/src/misc/lv_circle_buf.c:147:10:lv_circle_buf_capacity	0	static
../Libs/lvgl/src/misc/lv_circle_buf.c:154:10:lv_circle_buf_remain	0	static
../Libs/lvgl/src/misc/lv_circle_buf.c:161:6:lv_circle_buf_is_empty	0	static
../Libs/lvgl/src/misc/lv_circle_buf.c:168:6:lv_circle_buf_is_full	8	static
../Libs/lvgl/src/misc/lv_circle_buf.c:175:6:lv_circle_buf_reset	0	static
../Libs/lvgl/src/misc/lv_circle_buf.c:183:8:lv_circle_buf_head	0	static
../Libs/lvgl/src/misc/lv_circle_buf.c:194:8:lv_circle_buf_tail	0	static
../Libs/lvgl/src/misc/lv_circle_buf.c:221:13:lv_circle_buf_write	16	static
../Libs/lvgl/src/misc/lv_circle_buf.c:235:10:lv_circle_buf_fill	24	static
../Libs/lvgl/src/misc/lv_circle_buf.c:256:13:lv_circle_buf_skip	0	static
../Libs/lvgl/src/misc/lv_circle_buf.c:279:13:lv_circle_buf_peek_at	16	static
../Libs/lvgl/src/misc/lv_circle_buf.c:205:13:lv_circle_buf_read	8	static
../Libs/lvgl/src/misc/lv_circle_buf.c:271:13:lv_circle_buf_peek	8	static
