../Libs/lvgl/src/misc/lv_style.c:184:6:lv_style_init	0	static
../Libs/lvgl/src/misc/lv_style.c:199:6:lv_style_reset	8	static
../Libs/lvgl/src/misc/lv_style.c:261:17:lv_style_register_prop	16	static
../Libs/lvgl/src/misc/lv_style.c:292:17:lv_style_get_num_custom_props	0	static
../Libs/lvgl/src/misc/lv_style.c:297:6:lv_style_remove_prop	24	static
../Libs/lvgl/src/misc/lv_style.c:350:6:lv_style_set_prop	24	static
../Libs/lvgl/src/misc/lv_style.c:225:6:lv_style_merge	24	static
../Libs/lvgl/src/misc/lv_style.c:211:6:lv_style_copy	16	static
../Libs/lvgl/src/misc/lv_style.c:405:16:lv_style_get_prop	16	static
../Libs/lvgl/src/misc/lv_style.c:412:6:lv_style_transition_dsc_init	24	static
../Libs/lvgl/src/misc/lv_style.c:425:18:lv_style_prop_get_default	8	static
../Libs/lvgl/src/misc/lv_style.c:508:6:lv_style_is_empty	0	static
../Libs/lvgl/src/misc/lv_style.c:515:6:lv_style_is_const	0	static
../Libs/lvgl/src/misc/lv_style.c:521:9:lv_style_prop_lookup_flags	0	static
../Libs/lvgl/src/misc/lv_style.c:534:6:lv_style_set_size	16	static
../Libs/lvgl/src/misc/lv_style.c:541:6:lv_style_set_pad_all	16	static
../Libs/lvgl/src/misc/lv_style.c:550:6:lv_style_set_pad_hor	16	static
../Libs/lvgl/src/misc/lv_style.c:557:6:lv_style_set_pad_ver	16	static
../Libs/lvgl/src/misc/lv_style.c:564:6:lv_style_set_pad_gap	16	static
../Libs/lvgl/src/misc/lv_style.c:571:6:lv_style_set_margin_hor	16	static
../Libs/lvgl/src/misc/lv_style.c:578:6:lv_style_set_margin_ver	16	static
../Libs/lvgl/src/misc/lv_style.c:585:6:lv_style_set_margin_all	16	static
../Libs/lvgl/src/misc/lv_style.c:594:6:lv_style_set_transform_scale	16	static
