../Libs/lvgl/src/misc/lv_timer.c:403:13:lv_timer_handler_resume	0	static
../Libs/lvgl/src/misc/lv_timer.c:50:6:lv_timer_core_init	8	static
../Libs/lvgl/src/misc/lv_timer.c:135:37:lv_timer_get_time_to_next	16	static
../Libs/lvgl/src/misc/lv_timer.c:168:14:lv_timer_create	24	static
../Libs/lvgl/src/misc/lv_timer.c:163:14:lv_timer_create_basic	0	static
../Libs/lvgl/src/misc/lv_timer.c:195:6:lv_timer_set_cb	0	static
../Libs/lvgl/src/misc/lv_timer.c:201:6:lv_timer_delete	8	static
../Libs/lvgl/src/misc/lv_timer.c:217:6:lv_timer_pause	0	static
../Libs/lvgl/src/misc/lv_timer.c:58:37:lv_timer_handler	32	static
../Libs/lvgl/src/misc/lv_timer.c:153:33:lv_timer_periodic_handler	8	static
../Libs/lvgl/src/misc/lv_timer.c:223:6:lv_timer_resume	0	static
../Libs/lvgl/src/misc/lv_timer.c:230:6:lv_timer_set_period	0	static
../Libs/lvgl/src/misc/lv_timer.c:237:6:lv_timer_ready	8	static
../Libs/lvgl/src/misc/lv_timer.c:244:6:lv_timer_set_repeat_count	0	static
../Libs/lvgl/src/misc/lv_timer.c:250:6:lv_timer_set_auto_delete	0	static
../Libs/lvgl/src/misc/lv_timer.c:256:6:lv_timer_set_user_data	0	static
../Libs/lvgl/src/misc/lv_timer.c:262:6:lv_timer_reset	8	static
../Libs/lvgl/src/misc/lv_timer.c:269:6:lv_timer_enable	0	static
../Libs/lvgl/src/misc/lv_timer.c:275:6:lv_timer_core_deinit	0	static
../Libs/lvgl/src/misc/lv_timer.c:282:10:lv_timer_get_idle	0	static
../Libs/lvgl/src/misc/lv_timer.c:287:10:lv_timer_get_time_until_next	0	static
../Libs/lvgl/src/misc/lv_timer.c:292:14:lv_timer_get_next	0	static
../Libs/lvgl/src/misc/lv_timer.c:298:37:lv_timer_handler_run_in_period	16	static
../Libs/lvgl/src/misc/lv_timer.c:309:8:lv_timer_get_user_data	0	static
../Libs/lvgl/src/misc/lv_timer.c:315:6:lv_timer_get_paused	0	static
../Libs/lvgl/src/misc/lv_timer.c:412:6:lv_timer_handler_set_resume_cb	0	static
