../Libs/lvgl/src/widgets/scale/../../misc/lv_style_private.h:36:30:lv_style_get_prop_internal	16	static
../Libs/lvgl/src/widgets/scale/lv_scale.c:1931:13:scale_store_main_line_tick_width_compensation	12	static
../Libs/lvgl/src/widgets/scale/lv_scale.c:2091:13:scale_is_major_tick	0	static
../Libs/lvgl/src/widgets/scale/lv_scale.c:1876:13:scale_find_section_tick_idx	56	static
../Libs/lvgl/src/widgets/scale/../../core/lv_obj_style_internal_gen.h:112:23:lv_obj_get_style_length_internal	16	static
../Libs/lvgl/src/widgets/scale/../../core/lv_obj_style_internal_gen.h:353:23:lv_obj_get_style_pad_bottom_internal	16	static
../Libs/lvgl/src/widgets/scale/../../core/lv_obj_style_internal_gen.h:340:23:lv_obj_get_style_pad_top_internal	16	static
../Libs/lvgl/src/widgets/scale/../../core/lv_obj_style_internal_gen.h:366:23:lv_obj_get_style_pad_left_internal	16	static
../Libs/lvgl/src/widgets/scale/../../core/lv_obj_style_internal_gen.h:379:23:lv_obj_get_style_pad_right_internal	16	static
../Libs/lvgl/src/widgets/scale/lv_scale.c:1368:13:scale_get_center	40	static
../Libs/lvgl/src/widgets/scale/lv_scale.c:1567:13:scale_get_label_coords	48	static
../Libs/lvgl/src/widgets/scale/lv_scale.c:727:13:lv_scale_destructor	16	static
../Libs/lvgl/src/widgets/scale/lv_scale.c:2084:13:scale_free_line_needle_points_cb	8	static
../Libs/lvgl/src/widgets/scale/lv_scale.c:2124:13:needle_deleted_cb	24	static
../Libs/lvgl/src/widgets/scale/lv_scale.c:696:13:lv_scale_constructor	16	static
../Libs/lvgl/src/widgets/scale/lv_scale.c:2097:20:update_needle.isra	48	static
../Libs/lvgl/src/widgets/scale/lv_scale.c:1397:13:scale_get_tick_points	192	static
../Libs/lvgl/src/widgets/scale/lv_scale.c:1639:13:scale_set_line_properties	32	static
../Libs/lvgl/src/widgets/scale/lv_scale.c:1114:13:scale_calculate_main_compensation	240	static
../Libs/lvgl/src/widgets/scale/lv_scale.c:875:13:scale_draw_indicator	656	static
../Libs/lvgl/src/widgets/scale/lv_scale.c:1182:13:scale_draw_main	272	static
../Libs/lvgl/src/widgets/scale/lv_scale.c:158:12:lv_scale_create	8	static
../Libs/lvgl/src/widgets/scale/lv_scale.c:178:6:lv_scale_set_mode	8	static
../Libs/lvgl/src/widgets/scale/lv_scale.c:189:6:lv_scale_set_total_tick_count	8	static
../Libs/lvgl/src/widgets/scale/lv_scale.c:200:6:lv_scale_set_major_tick_every	8	static
../Libs/lvgl/src/widgets/scale/lv_scale.c:211:6:lv_scale_set_label_show	8	static
../Libs/lvgl/src/widgets/scale/lv_scale.c:222:6:lv_scale_set_range	8	static
../Libs/lvgl/src/widgets/scale/lv_scale.c:234:6:lv_scale_set_min_value	8	static
../Libs/lvgl/src/widgets/scale/lv_scale.c:245:6:lv_scale_set_max_value	8	static
../Libs/lvgl/src/widgets/scale/lv_scale.c:256:6:lv_scale_set_angle_range	0	static
../Libs/lvgl/src/widgets/scale/lv_scale.c:266:6:lv_scale_set_rotation	0	static
../Libs/lvgl/src/widgets/scale/lv_scale.c:284:6:lv_scale_set_line_needle_value	64	static
../Libs/lvgl/src/widgets/scale/lv_scale.c:2167:13:scale_line_needle_value_observer_cb	16	static
../Libs/lvgl/src/widgets/scale/lv_scale.c:368:6:lv_scale_set_image_needle_value	24	static
../Libs/lvgl/src/widgets/scale/lv_scale.c:752:13:lv_scale_event	224	static
../Libs/lvgl/src/widgets/scale/lv_scale.c:2179:13:scale_image_needle_value_observer_cb	16	static
../Libs/lvgl/src/widgets/scale/lv_scale.c:391:6:lv_scale_set_text_src	8	static
../Libs/lvgl/src/widgets/scale/lv_scale.c:409:6:lv_scale_set_post_draw	0	static
../Libs/lvgl/src/widgets/scale/lv_scale.c:419:6:lv_scale_set_draw_ticks_on_top	0	static
../Libs/lvgl/src/widgets/scale/lv_scale.c:429:22:lv_scale_add_section	8	static
../Libs/lvgl/src/widgets/scale/lv_scale.c:459:6:lv_scale_set_section_min_value	0	static
../Libs/lvgl/src/widgets/scale/lv_scale.c:2144:13:scale_section_min_value_observer_cb	16	static
../Libs/lvgl/src/widgets/scale/lv_scale.c:469:6:lv_scale_set_section_max_value	0	static
../Libs/lvgl/src/widgets/scale/lv_scale.c:450:6:lv_scale_set_section_range	16	static
../Libs/lvgl/src/widgets/scale/lv_scale.c:2156:13:scale_section_max_value_observer_cb	16	static
../Libs/lvgl/src/widgets/scale/lv_scale.c:479:6:lv_scale_section_set_range	0	static
../Libs/lvgl/src/widgets/scale/lv_scale.c:488:6:lv_scale_set_section_style_main	0	static
../Libs/lvgl/src/widgets/scale/lv_scale.c:497:6:lv_scale_set_section_style_indicator	0	static
../Libs/lvgl/src/widgets/scale/lv_scale.c:506:6:lv_scale_set_section_style_items	0	static
../Libs/lvgl/src/widgets/scale/lv_scale.c:515:6:lv_scale_section_set_style	0	static
../Libs/lvgl/src/widgets/scale/lv_scale.c:542:17:lv_scale_get_mode	0	static
../Libs/lvgl/src/widgets/scale/lv_scale.c:550:9:lv_scale_get_total_tick_count	0	static
../Libs/lvgl/src/widgets/scale/lv_scale.c:558:9:lv_scale_get_major_tick_every	0	static
../Libs/lvgl/src/widgets/scale/lv_scale.c:566:9:lv_scale_get_rotation	0	static
../Libs/lvgl/src/widgets/scale/lv_scale.c:574:6:lv_scale_get_label_show	0	static
../Libs/lvgl/src/widgets/scale/lv_scale.c:582:10:lv_scale_get_angle_range	0	static
../Libs/lvgl/src/widgets/scale/lv_scale.c:590:9:lv_scale_get_range_min_value	0	static
../Libs/lvgl/src/widgets/scale/lv_scale.c:598:9:lv_scale_get_range_max_value	0	static
../Libs/lvgl/src/widgets/scale/lv_scale.c:612:17:lv_scale_bind_section_min_value	4	static
../Libs/lvgl/src/widgets/scale/lv_scale.c:627:17:lv_scale_bind_section_max_value	4	static
../Libs/lvgl/src/widgets/scale/lv_scale.c:642:17:lv_scale_bind_line_needle_value	24	static
../Libs/lvgl/src/widgets/scale/lv_scale.c:674:17:lv_scale_bind_image_needle_value	4	static
