../Middlewares/lvgl/src/draw/sw/../../../include/lvgl/core/../font/../draw/lv_color.h:456:46:lv_color_swap_16	16	static
../Middlewares/lvgl/src/draw/sw/blend/lv_draw_sw_blend_private.h:214:50:lv_color_mix32_inlined	24	static
../Middlewares/lvgl/src/draw/sw/lv_draw_sw_transform.c:61:21:unpremultiply	24	static
../Middlewares/lvgl/src/draw/sw/lv_draw_sw_transform.c:134:6:lv_draw_sw_transform	496	static
../Middlewares/lvgl/src/draw/sw/lv_draw_sw_transform.c:369:46:transform_alpha_weights	88	static
../Middlewares/lvgl/src/draw/sw/lv_draw_sw_transform.c:430:46:argb8888_premul	32	static
../Middlewares/lvgl/src/draw/sw/lv_draw_sw_transform.c:450:46:argb8888_bilinear_premul	80	static
../Middlewares/lvgl/src/draw/sw/lv_draw_sw_transform.c:478:13:rgb888_row_checked	96	static
../Middlewares/lvgl/src/draw/sw/lv_draw_sw_transform.c:573:13:rgb888_row_bilinear	128	static
../Middlewares/lvgl/src/draw/sw/lv_draw_sw_transform.c:622:13:transform_rgb888	112	static
../Middlewares/lvgl/src/draw/sw/lv_draw_sw_transform.c:670:13:argb8888_row_checked	128	static
../Middlewares/lvgl/src/draw/sw/lv_draw_sw_transform.c:718:13:argb8888_row_fast	144	static
../Middlewares/lvgl/src/draw/sw/lv_draw_sw_transform.c:772:13:transform_argb8888	104	static
../Middlewares/lvgl/src/draw/sw/lv_draw_sw_transform.c:825:13:transform_argb8888_premultiplied	104	static
../Middlewares/lvgl/src/draw/sw/lv_draw_sw_transform.c:946:13:rgb565a8_row_fast	224	static
../Middlewares/lvgl/src/draw/sw/lv_draw_sw_transform.c:1033:13:rgb565a8_row_checked	176	static
../Middlewares/lvgl/src/draw/sw/lv_draw_sw_transform.c:1097:13:transform_rgb565a8	120	static
../Middlewares/lvgl/src/draw/sw/lv_draw_sw_transform.c:1146:13:rgb565a8_swapped_row_fast	224	static
../Middlewares/lvgl/src/draw/sw/lv_draw_sw_transform.c:1233:13:rgb565a8_swapped_row_checked	176	static
../Middlewares/lvgl/src/draw/sw/lv_draw_sw_transform.c:1297:13:transform_rgb565a8_swapped	128	static
../Middlewares/lvgl/src/draw/sw/lv_draw_sw_transform.c:1344:13:transform_a8	120	static
../Middlewares/lvgl/src/draw/sw/lv_draw_sw_transform.c:1400:13:al88_row_fast	144	static
../Middlewares/lvgl/src/draw/sw/lv_draw_sw_transform.c:1461:13:al88_row_checked	168	static
../Middlewares/lvgl/src/draw/sw/lv_draw_sw_transform.c:1548:13:transform_al88	112	static
../Middlewares/lvgl/src/draw/sw/lv_draw_sw_transform.c:1588:13:transform_safe_interval	352	static
../Middlewares/lvgl/src/draw/sw/lv_draw_sw_transform.c:1629:13:transform_safe_range	72	static
