../Libs/lvgl/src/draw/sw/blend/lv_draw_sw_blend_private.h:214:50:lv_color_mix32_inlined	40	static
../Libs/lvgl/src/draw/sw/lv_draw_sw_transform.c:61:21:unpremultiply	24	static
../Libs/lvgl/src/draw/sw/lv_draw_sw_transform.c:450:46:argb8888_bilinear_premul	24	static
../Libs/lvgl/src/draw/sw/lv_draw_sw_transform.c:670:13:argb8888_row_checked	80	static
../Libs/lvgl/src/draw/sw/lv_draw_sw_transform.c:1588:13:transform_safe_interval	48	static
../Libs/lvgl/src/draw/sw/lv_draw_sw_transform.c:1629:13:transform_safe_range	64	static
../Libs/lvgl/src/draw/sw/lv_draw_sw_transform.c:478:13:rgb888_row_checked	72	static
../Libs/lvgl/src/draw/sw/lv_draw_sw_transform.c:622:13:transform_rgb888	128	static
../Libs/lvgl/src/draw/sw/lv_draw_sw_transform.c:369:46:transform_alpha_weights	24	static
../Libs/lvgl/src/draw/sw/lv_draw_sw_transform.c:1033:13:rgb565a8_row_checked	136	static
../Libs/lvgl/src/draw/sw/lv_draw_sw_transform.c:1097:13:transform_rgb565a8	160	static
../Libs/lvgl/src/draw/sw/lv_draw_sw_transform.c:1461:13:al88_row_checked	112	static
../Libs/lvgl/src/draw/sw/lv_draw_sw_transform.c:1548:13:transform_al88	152	static
../Libs/lvgl/src/draw/sw/lv_draw_sw_transform.c:1233:13:rgb565a8_swapped_row_checked.constprop	136	static
../Libs/lvgl/src/draw/sw/lv_draw_sw_transform.c:134:6:lv_draw_sw_transform	240	static
