../Libs/lvgl/src/draw/sw/../../../include/lvgl/core/../font/../draw/../stdlib/lv_string.h:73:20:lv_memzero	16	static
../Libs/lvgl/src/draw/sw/../../osal/lv_os_private.h:206:27:lv_mutex_init	16	static
../Libs/lvgl/src/draw/sw/../../osal/lv_os_private.h:212:27:lv_mutex_lock	16	static
../Libs/lvgl/src/draw/sw/../../osal/lv_os_private.h:224:27:lv_mutex_unlock	16	static
../Libs/lvgl/src/draw/sw/../../osal/lv_os_private.h:230:27:lv_mutex_delete	16	static
../Libs/lvgl/src/draw/sw/lv_draw_sw_mask.c:79:6:lv_draw_sw_mask_init	8	static
../Libs/lvgl/src/draw/sw/lv_draw_sw_mask.c:84:6:lv_draw_sw_mask_deinit	8	static
../Libs/lvgl/src/draw/sw/lv_draw_sw_mask.c:89:45:lv_draw_sw_mask_apply	56	static
../Libs/lvgl/src/draw/sw/lv_draw_sw_mask.c:108:6:lv_draw_sw_mask_free_param	24	static
../Libs/lvgl/src/draw/sw/lv_draw_sw_mask.c:116:6:lv_draw_sw_mask_cleanup	16	static
../Libs/lvgl/src/draw/sw/lv_draw_sw_mask.c:127:6:lv_draw_sw_mask_line_points_init	48	static
../Libs/lvgl/src/draw/sw/lv_draw_sw_mask.c:209:6:lv_draw_sw_mask_line_angle_init	40	static
../Libs/lvgl/src/draw/sw/lv_draw_sw_mask.c:227:6:lv_draw_sw_mask_angle_init	40	static
../Libs/lvgl/src/draw/sw/lv_draw_sw_mask.c:280:13:lv_draw_sw_mask_radius_init	56	static
../Libs/lvgl/src/draw/sw/lv_draw_sw_mask.c:315:6:lv_draw_sw_mask_fade_init	24	static
../Libs/lvgl/src/draw/sw/lv_draw_sw_mask.c:328:6:lv_draw_sw_mask_map_init	24	static
../Libs/lvgl/src/draw/sw/lv_draw_sw_mask.c:340:52:lv_draw_mask_line	48	static
../Libs/lvgl/src/draw/sw/lv_draw_sw_mask.c:401:52:line_mask_flat	64	static
../Libs/lvgl/src/draw/sw/lv_draw_sw_mask.c:518:52:line_mask_steep	80	static
../Libs/lvgl/src/draw/sw/lv_draw_sw_mask.c:661:52:lv_draw_mask_angle	96	static
../Libs/lvgl/src/draw/sw/lv_draw_sw_mask.c:800:52:lv_draw_mask_radius	128	static
../Libs/lvgl/src/draw/sw/lv_draw_sw_mask.c:911:52:lv_draw_mask_fade	56	static
../Libs/lvgl/src/draw/sw/lv_draw_sw_mask.c:958:52:lv_draw_mask_map	48	static
../Libs/lvgl/src/draw/sw/lv_draw_sw_mask.c:999:13:circ_init	24	static
../Libs/lvgl/src/draw/sw/lv_draw_sw_mask.c:1011:13:circ_cont	16	static
../Libs/lvgl/src/draw/sw/lv_draw_sw_mask.c:1021:13:circ_next	16	static
../Libs/lvgl/src/draw/sw/lv_draw_sw_mask.c:1034:20:circ_calc_aa4	104	static
../Libs/lvgl/src/draw/sw/lv_draw_sw_mask.c:1194:19:get_next_line	24	static
../Libs/lvgl/src/draw/sw/lv_draw_sw_mask.c:1202:46:mask_mix	16	static
../Libs/lvgl/src/draw/sw/lv_draw_sw_mask.c:1211:46:create_non_cached_mask_radius	24	static
../Libs/lvgl/src/draw/sw/lv_draw_sw_mask.c:1227:46:acquire_mask_radius_from_cache	32	static
../Libs/lvgl/src/draw/sw/lv_draw_sw_mask.c:1281:13:release_mask_radius	16	static
../Libs/lvgl/src/draw/sw/lv_draw_sw_mask.c:1300:20:init_mask_radius_cache	16	static
