../Middlewares/lvgl/src/widgets/imagebutton/../../core/../../include/lvgl/core/../font/../draw/../stdlib/lv_string.h:73:20:lv_memzero	16	static
../Middlewares/lvgl/src/widgets/imagebutton/../../core/lv_obj_style_internal_gen.h:174:23:lv_obj_get_style_transform_width_internal	24	static
../Middlewares/lvgl/src/widgets/imagebutton/../../core/lv_obj_style_internal_gen.h:188:23:lv_obj_get_style_transform_height_internal	24	static
../Middlewares/lvgl/src/widgets/imagebutton/lv_imagebutton.c:62:12:lv_imagebutton_create	24	static
../Middlewares/lvgl/src/widgets/imagebutton/lv_imagebutton.c:74:6:lv_imagebutton_set_src	32	static
../Middlewares/lvgl/src/widgets/imagebutton/lv_imagebutton.c:92:6:lv_imagebutton_set_src_left	32	static
../Middlewares/lvgl/src/widgets/imagebutton/lv_imagebutton.c:101:6:lv_imagebutton_set_src_right	32	static
../Middlewares/lvgl/src/widgets/imagebutton/lv_imagebutton.c:110:6:lv_imagebutton_set_src_mid	32	static
../Middlewares/lvgl/src/widgets/imagebutton/lv_imagebutton.c:119:6:lv_imagebutton_set_state	24	static
../Middlewares/lvgl/src/widgets/imagebutton/lv_imagebutton.c:143:14:lv_imagebutton_get_src_left	24	static
../Middlewares/lvgl/src/widgets/imagebutton/lv_imagebutton.c:152:14:lv_imagebutton_get_src_middle	24	static
../Middlewares/lvgl/src/widgets/imagebutton/lv_imagebutton.c:160:14:lv_imagebutton_get_src_right	24	static
../Middlewares/lvgl/src/widgets/imagebutton/lv_imagebutton.c:172:13:lv_imagebutton_constructor	24	static
../Middlewares/lvgl/src/widgets/imagebutton/lv_imagebutton.c:184:13:lv_imagebutton_event	48	static
../Middlewares/lvgl/src/widgets/imagebutton/lv_imagebutton.c:216:13:draw_main	248	static
../Middlewares/lvgl/src/widgets/imagebutton/lv_imagebutton.c:285:13:refr_image	32	static
../Middlewares/lvgl/src/widgets/imagebutton/lv_imagebutton.c:307:31:suggest_state	24	static
../Middlewares/lvgl/src/widgets/imagebutton/lv_imagebutton.c:339:31:get_state	24	static
../Middlewares/lvgl/src/widgets/imagebutton/lv_imagebutton.c:360:13:update_src_info	24	static
