../Libs/lvgl/src/font/binfont_loader/../fmt_txt/../../osal/lv_os_private.h:206:27:lv_mutex_init	16	static
../Libs/lvgl/src/font/binfont_loader/../fmt_txt/../../osal/lv_os_private.h:230:27:lv_mutex_delete	16	static
../Libs/lvgl/src/font/binfont_loader/lv_binfont_loader.c:114:13:lv_binfont_create	32	static
../Libs/lvgl/src/font/binfont_loader/lv_binfont_loader.c:125:13:lv_binfont_create_ex	120	static
../Libs/lvgl/src/font/binfont_loader/lv_binfont_loader.c:185:6:lv_binfont_destroy	40	static
../Libs/lvgl/src/font/binfont_loader/lv_binfont_loader.c:235:23:init_bit_iterator	24	static
../Libs/lvgl/src/font/binfont_loader/lv_binfont_loader.c:245:21:read_bits	32	static
../Libs/lvgl/src/font/binfont_loader/lv_binfont_loader.c:269:12:read_bits_signed	32	static
../Libs/lvgl/src/font/binfont_loader/lv_binfont_loader.c:280:12:read_label	32	static
../Libs/lvgl/src/font/binfont_loader/lv_binfont_loader.c:299:13:load_cmaps_tables	56	static
../Libs/lvgl/src/font/binfont_loader/lv_binfont_loader.c:381:16:load_cmaps	48	static
../Libs/lvgl/src/font/binfont_loader/lv_binfont_loader.c:418:13:read_glyph_bitmap	40	static
../Libs/lvgl/src/font/binfont_loader/lv_binfont_loader.c:452:24:load_glyph_bitmap_cb	56	static
../Libs/lvgl/src/font/binfont_loader/lv_binfont_loader.c:485:13:glyph_loader_delete	16	static
../Libs/lvgl/src/font/binfont_loader/lv_binfont_loader.c:498:36:glyph_loader_create	32	static
../Libs/lvgl/src/font/binfont_loader/lv_binfont_loader.c:546:16:load_glyph	96	static
../Libs/lvgl/src/font/binfont_loader/lv_binfont_loader.c:675:13:release_glyph_cb	16	static
../Libs/lvgl/src/font/binfont_loader/lv_binfont_loader.c:694:13:load_font	152	static
../Libs/lvgl/src/font/binfont_loader/lv_binfont_loader.c:827:9:load_kern	80	static
../Libs/lvgl/src/font/binfont_loader/lv_binfont_loader.c:946:20:binfont_font_create_cb	40	static
../Libs/lvgl/src/font/binfont_loader/lv_binfont_loader.c:964:13:binfont_font_delete_cb	16	static
../Libs/lvgl/src/font/binfont_loader/lv_binfont_loader.c:969:15:binfont_font_dup_src_cb	32	static
../Libs/lvgl/src/font/binfont_loader/lv_binfont_loader.c:988:13:binfont_font_free_src_cb	24	static
