../Middlewares/lvgl/src/widgets/dropdown/../../core/../../include/lvgl/core/../font/../draw/../stdlib/lv_string.h:146:20:lv_streq	16	static
../Middlewares/lvgl/src/widgets/dropdown/../../core/lv_obj_style_internal_gen.h:273:23:lv_obj_get_style_transform_rotation_internal	24	static
../Middlewares/lvgl/src/widgets/dropdown/../../core/lv_obj_style_internal_gen.h:340:23:lv_obj_get_style_pad_top_internal	24	static
../Middlewares/lvgl/src/widgets/dropdown/../../core/lv_obj_style_internal_gen.h:353:23:lv_obj_get_style_pad_bottom_internal	24	static
../Middlewares/lvgl/src/widgets/dropdown/../../core/lv_obj_style_internal_gen.h:366:23:lv_obj_get_style_pad_left_internal	24	static
../Middlewares/lvgl/src/widgets/dropdown/../../core/lv_obj_style_internal_gen.h:379:23:lv_obj_get_style_pad_right_internal	24	static
../Middlewares/lvgl/src/widgets/dropdown/../../core/lv_obj_style_internal_gen.h:405:23:lv_obj_get_style_pad_column_internal	24	static
../Middlewares/lvgl/src/widgets/dropdown/../../core/lv_obj_style_internal_gen.h:759:23:lv_obj_get_style_border_width_internal	24	static
../Middlewares/lvgl/src/widgets/dropdown/../../core/lv_obj_style_internal_gen.h:1245:33:lv_obj_get_style_text_font_internal	24	static
../Middlewares/lvgl/src/widgets/dropdown/../../core/lv_obj_style_internal_gen.h:1271:23:lv_obj_get_style_text_line_space_internal	24	static
../Middlewares/lvgl/src/widgets/dropdown/../../core/lv_obj_style_internal_gen.h:1720:29:lv_obj_get_style_base_dir_internal	24	static
../Middlewares/lvgl/src/widgets/dropdown/../../font/lv_font_private.h:61:23:lv_font_get_line_height_internal	16	static
../Middlewares/lvgl/src/widgets/dropdown/lv_dropdown.c:155:12:lv_dropdown_create	24	static
../Middlewares/lvgl/src/widgets/dropdown/lv_dropdown.c:167:6:lv_dropdown_set_text	24	static
../Middlewares/lvgl/src/widgets/dropdown/lv_dropdown.c:181:6:lv_dropdown_set_text_static	24	static
../Middlewares/lvgl/src/widgets/dropdown/lv_dropdown.c:224:6:lv_dropdown_set_options	24	static
../Middlewares/lvgl/src/widgets/dropdown/lv_dropdown.c:242:6:lv_dropdown_set_options_static	24	static
../Middlewares/lvgl/src/widgets/dropdown/lv_dropdown.c:267:6:lv_dropdown_add_option	64	static
../Middlewares/lvgl/src/widgets/dropdown/lv_dropdown.c:395:6:lv_dropdown_clear_options	24	static
../Middlewares/lvgl/src/widgets/dropdown/lv_dropdown.c:415:6:lv_dropdown_set_selected	24	static
../Middlewares/lvgl/src/widgets/dropdown/lv_dropdown.c:432:6:lv_dropdown_set_dir	24	static
../Middlewares/lvgl/src/widgets/dropdown/lv_dropdown.c:444:6:lv_dropdown_set_symbol	24	static
../Middlewares/lvgl/src/widgets/dropdown/lv_dropdown.c:453:6:lv_dropdown_set_selected_highlight	24	static
../Middlewares/lvgl/src/widgets/dropdown/lv_dropdown.c:466:12:lv_dropdown_get_list	24	static
../Middlewares/lvgl/src/widgets/dropdown/lv_dropdown.c:474:14:lv_dropdown_get_text	24	static
../Middlewares/lvgl/src/widgets/dropdown/lv_dropdown.c:482:14:lv_dropdown_get_options	24	static
../Middlewares/lvgl/src/widgets/dropdown/lv_dropdown.c:490:10:lv_dropdown_get_selected	24	static
../Middlewares/lvgl/src/widgets/dropdown/lv_dropdown.c:499:10:lv_dropdown_get_option_count	24	static
../Middlewares/lvgl/src/widgets/dropdown/lv_dropdown.c:508:6:lv_dropdown_get_selected_str	48	static
../Middlewares/lvgl/src/widgets/dropdown/lv_dropdown.c:543:9:lv_dropdown_get_option_index	40	static
../Middlewares/lvgl/src/widgets/dropdown/lv_dropdown.c:570:14:lv_dropdown_get_symbol	24	static
../Middlewares/lvgl/src/widgets/dropdown/lv_dropdown.c:577:6:lv_dropdown_get_selected_highlight	24	static
../Middlewares/lvgl/src/widgets/dropdown/lv_dropdown.c:584:10:lv_dropdown_get_dir	24	static
../Middlewares/lvgl/src/widgets/dropdown/lv_dropdown.c:595:6:lv_dropdown_open	80	static
../Middlewares/lvgl/src/widgets/dropdown/lv_dropdown.c:697:6:lv_dropdown_close	24	static
../Middlewares/lvgl/src/widgets/dropdown/lv_dropdown.c:710:6:lv_dropdown_is_open	24	static
../Middlewares/lvgl/src/widgets/dropdown/lv_dropdown.c:720:17:lv_dropdown_bind_value	24	static
../Middlewares/lvgl/src/widgets/dropdown/lv_dropdown.c:740:19:lv_dropdown_list_create	24	static
../Middlewares/lvgl/src/widgets/dropdown/lv_dropdown.c:748:13:lv_dropdown_constructor	24	static
../Middlewares/lvgl/src/widgets/dropdown/lv_dropdown.c:782:13:lv_dropdown_destructor	24	static
../Middlewares/lvgl/src/widgets/dropdown/lv_dropdown.c:807:13:lv_dropdownlist_constructor	16	static
../Middlewares/lvgl/src/widgets/dropdown/lv_dropdown.c:823:13:lv_dropdownlist_destructor	32	static
../Middlewares/lvgl/src/widgets/dropdown/lv_dropdown.c:833:13:lv_dropdown_event	400	static
../Middlewares/lvgl/src/widgets/dropdown/lv_dropdown.c:1036:13:lv_dropdown_list_event	40	static
../Middlewares/lvgl/src/widgets/dropdown/lv_dropdown.c:1073:13:draw_main	640	static
../Middlewares/lvgl/src/widgets/dropdown/lv_dropdown.c:1210:13:refresh_size	16	static
../Middlewares/lvgl/src/widgets/dropdown/lv_dropdown.c:1218:13:draw_list	80	static
../Middlewares/lvgl/src/widgets/dropdown/lv_dropdown.c:1255:13:draw_box	232	static
../Middlewares/lvgl/src/widgets/dropdown/lv_dropdown.c:1297:13:draw_box_label	224	static
../Middlewares/lvgl/src/widgets/dropdown/lv_dropdown.c:1347:20:btn_release_handler	32	static
../Middlewares/lvgl/src/widgets/dropdown/lv_dropdown.c:1384:20:list_release_handler	56	static
../Middlewares/lvgl/src/widgets/dropdown/lv_dropdown.c:1421:13:list_press_handler	40	static
../Middlewares/lvgl/src/widgets/dropdown/lv_dropdown.c:1437:17:get_id_on_point	48	static
../Middlewares/lvgl/src/widgets/dropdown/lv_dropdown.c:1463:13:position_to_selected	56	static
../Middlewares/lvgl/src/widgets/dropdown/lv_dropdown.c:1484:19:get_label	24	static
../Middlewares/lvgl/src/widgets/dropdown/lv_dropdown.c:1493:13:dropdown_list_align_bidi	56	static
../Middlewares/lvgl/src/widgets/dropdown/lv_dropdown.c:1521:20:update_text	24	static
../Middlewares/lvgl/src/widgets/dropdown/lv_dropdown.c:1552:20:update_options	32	static
../Middlewares/lvgl/src/widgets/dropdown/lv_dropdown.c:1606:17:count_options_in_str	24	static
../Middlewares/lvgl/src/widgets/dropdown/lv_dropdown.c:1617:13:remove_options_translation_tag	16	static
../Middlewares/lvgl/src/widgets/dropdown/lv_dropdown.c:1632:13:remove_text_translation_tag	16	static
../Middlewares/lvgl/src/widgets/dropdown/lv_dropdown.c:1649:13:dropdown_value_changed_event_cb	24	static
../Middlewares/lvgl/src/widgets/dropdown/lv_dropdown.c:1658:13:dropdown_value_observer_cb	16	static
