../Libs/lvgl/src/widgets/imagebutton/lv_imagebutton.c:339:31:get_state	8	static
../Libs/lvgl/src/widgets/imagebutton/lv_imagebutton.c:307:31:suggest_state	0	static
../Libs/lvgl/src/widgets/imagebutton/lv_imagebutton.c:285:13:refr_image	16	static
../Libs/lvgl/src/widgets/imagebutton/lv_imagebutton.c:184:13:lv_imagebutton_event	216	static
../Libs/lvgl/src/widgets/imagebutton/lv_imagebutton.c:360:13:update_src_info	16	static
../Libs/lvgl/src/widgets/imagebutton/lv_imagebutton.c:172:13:lv_imagebutton_constructor	8	static
../Libs/lvgl/src/widgets/imagebutton/lv_imagebutton.c:62:12:lv_imagebutton_create	8	static
../Libs/lvgl/src/widgets/imagebutton/lv_imagebutton.c:74:6:lv_imagebutton_set_src	24	static
../Libs/lvgl/src/widgets/imagebutton/lv_imagebutton.c:92:6:lv_imagebutton_set_src_left	8	static
../Libs/lvgl/src/widgets/imagebutton/lv_imagebutton.c:101:6:lv_imagebutton_set_src_right	8	static
../Libs/lvgl/src/widgets/imagebutton/lv_imagebutton.c:110:6:lv_imagebutton_set_src_mid	8	static
../Libs/lvgl/src/widgets/imagebutton/lv_imagebutton.c:119:6:lv_imagebutton_set_state	16	static
../Libs/lvgl/src/widgets/imagebutton/lv_imagebutton.c:143:14:lv_imagebutton_get_src_left	0	static
../Libs/lvgl/src/widgets/imagebutton/lv_imagebutton.c:152:14:lv_imagebutton_get_src_middle	0	static
../Libs/lvgl/src/widgets/imagebutton/lv_imagebutton.c:160:14:lv_imagebutton_get_src_right	0	static
