../Libs/lvgl/src/widgets/arclabel/../../core/lv_obj_style_internal_gen.h:1204:26:lv_obj_get_style_text_color_internal	24	static
../Libs/lvgl/src/widgets/arclabel/../../core/lv_obj_style_internal_gen.h:1232:24:lv_obj_get_style_text_opa_internal	24	static
../Libs/lvgl/src/widgets/arclabel/../../core/lv_obj_style_internal_gen.h:1245:33:lv_obj_get_style_text_font_internal	24	static
../Libs/lvgl/src/widgets/arclabel/../../core/lv_obj_style_internal_gen.h:1258:23:lv_obj_get_style_text_letter_space_internal	24	static
../Libs/lvgl/src/widgets/arclabel/lv_arclabel.c:83:12:lv_arclabel_create	24	static
../Libs/lvgl/src/widgets/arclabel/lv_arclabel.c:103:6:lv_arclabel_set_text	24	static
../Libs/lvgl/src/widgets/arclabel/lv_arclabel.c:143:6:lv_arclabel_set_text_fmt	28	static
../Libs/lvgl/src/widgets/arclabel/lv_arclabel.c:169:6:lv_arclabel_set_text_static	24	static
../Libs/lvgl/src/widgets/arclabel/lv_arclabel.c:187:6:lv_arclabel_set_angle_start	24	static
../Libs/lvgl/src/widgets/arclabel/lv_arclabel.c:196:6:lv_arclabel_set_angle_size	24	static
../Libs/lvgl/src/widgets/arclabel/lv_arclabel.c:205:6:lv_arclabel_set_offset	24	static
../Libs/lvgl/src/widgets/arclabel/lv_arclabel.c:214:6:lv_arclabel_set_dir	24	static
../Libs/lvgl/src/widgets/arclabel/lv_arclabel.c:223:6:lv_arclabel_set_recolor	24	static
../Libs/lvgl/src/widgets/arclabel/lv_arclabel.c:231:6:lv_arclabel_set_radius	24	static
../Libs/lvgl/src/widgets/arclabel/lv_arclabel.c:240:6:lv_arclabel_set_center_offset_x	24	static
../Libs/lvgl/src/widgets/arclabel/lv_arclabel.c:249:6:lv_arclabel_set_center_offset_y	24	static
../Libs/lvgl/src/widgets/arclabel/lv_arclabel.c:258:6:lv_arclabel_set_text_vertical_align	24	static
../Libs/lvgl/src/widgets/arclabel/lv_arclabel.c:267:6:lv_arclabel_set_text_horizontal_align	24	static
../Libs/lvgl/src/widgets/arclabel/lv_arclabel.c:276:6:lv_arclabel_set_overflow	24	static
../Libs/lvgl/src/widgets/arclabel/lv_arclabel.c:285:6:lv_arclabel_set_end_overlap	24	static
../Libs/lvgl/src/widgets/arclabel/lv_arclabel.c:298:20:lv_arclabel_get_angle_start	16	static
../Libs/lvgl/src/widgets/arclabel/lv_arclabel.c:304:20:lv_arclabel_get_angle_size	24	static
../Libs/lvgl/src/widgets/arclabel/lv_arclabel.c:311:19:lv_arclabel_get_dir	16	static
../Libs/lvgl/src/widgets/arclabel/lv_arclabel.c:317:6:lv_arclabel_get_recolor	16	static
../Libs/lvgl/src/widgets/arclabel/lv_arclabel.c:323:10:lv_arclabel_get_radius	16	static
../Libs/lvgl/src/widgets/arclabel/lv_arclabel.c:329:10:lv_arclabel_get_center_offset_x	16	static
../Libs/lvgl/src/widgets/arclabel/lv_arclabel.c:335:10:lv_arclabel_get_center_offset_y	16	static
../Libs/lvgl/src/widgets/arclabel/lv_arclabel.c:341:26:lv_arclabel_get_text_vertical_align	16	static
../Libs/lvgl/src/widgets/arclabel/lv_arclabel.c:347:26:lv_arclabel_get_text_horizontal_align	16	static
../Libs/lvgl/src/widgets/arclabel/lv_arclabel.c:353:24:lv_arclabel_get_overflow	16	static
../Libs/lvgl/src/widgets/arclabel/lv_arclabel.c:359:6:lv_arclabel_get_end_overlap	16	static
../Libs/lvgl/src/widgets/arclabel/lv_arclabel.c:365:20:lv_arclabel_get_text_angle	16	static
../Libs/lvgl/src/widgets/arclabel/lv_arclabel.c:380:13:lv_arclabel_constructor	24	static
../Libs/lvgl/src/widgets/arclabel/lv_arclabel.c:404:13:lv_arclabel_event	24	static
../Libs/lvgl/src/widgets/arclabel/lv_arclabel.c:420:13:arclabel_draw_main	280	static
../Libs/lvgl/src/widgets/arclabel/lv_arclabel.c:562:27:arclabel_calc_arc_text_total_angle	120	static
../Libs/lvgl/src/widgets/arclabel/lv_arclabel.c:610:27:calc_arc_text_total_angle	112	static
../Libs/lvgl/src/widgets/arclabel/lv_arclabel.c:683:21:recolor_cmd_get_next	56	static
../Libs/lvgl/src/widgets/arclabel/lv_arclabel.c:744:27:deg_to_rad	16	static
../Libs/lvgl/src/widgets/arclabel/lv_arclabel.c:753:27:rad_to_deg	16	static
