../Libs/lvgl/src/widgets/chart/lv_chart.c:1955:16:value_to_y	16	static
../Libs/lvgl/src/widgets/chart/../../core/lv_obj_style_internal_gen.h:28:23:lv_obj_get_style_width_internal	16	static
../Libs/lvgl/src/widgets/chart/../../core/lv_obj_style_internal_gen.h:405:23:lv_obj_get_style_pad_column_internal	16	static
../Libs/lvgl/src/widgets/chart/lv_chart.c:889:13:lv_chart_destructor	16	static
../Libs/lvgl/src/widgets/chart/lv_chart.c:859:13:lv_chart_constructor	8	static
../Libs/lvgl/src/widgets/chart/lv_chart.c:1898:13:new_points_alloc	32	static
../Libs/lvgl/src/widgets/chart/../../core/lv_obj_style_internal_gen.h:759:23:lv_obj_get_style_border_width_internal.constprop	16	static
../Libs/lvgl/src/widgets/chart/../../core/lv_obj_style_internal_gen.h:366:23:lv_obj_get_style_pad_left_internal.constprop	16	static
../Libs/lvgl/src/widgets/chart/lv_chart.c:1832:13:invalidate_point	48	static
../Libs/lvgl/src/widgets/chart/../../core/lv_obj_style_internal_gen.h:340:23:lv_obj_get_style_pad_top_internal.constprop	16	static
../Libs/lvgl/src/widgets/chart/lv_chart.c:1053:13:draw_series_line	384	static
../Libs/lvgl/src/widgets/chart/lv_chart.c:110:12:lv_chart_create	8	static
../Libs/lvgl/src/widgets/chart/lv_chart.c:240:6:lv_chart_set_update_mode	4	static
../Libs/lvgl/src/widgets/chart/lv_chart.c:251:6:lv_chart_set_div_line_count	0	static
../Libs/lvgl/src/widgets/chart/lv_chart.c:264:6:lv_chart_set_hor_div_line_count	0	static
../Libs/lvgl/src/widgets/chart/lv_chart.c:274:6:lv_chart_set_ver_div_line_count	0	static
../Libs/lvgl/src/widgets/chart/lv_chart.c:284:17:lv_chart_get_type	0	static
../Libs/lvgl/src/widgets/chart/lv_chart.c:292:10:lv_chart_get_point_count	0	static
../Libs/lvgl/src/widgets/chart/lv_chart.c:300:24:lv_chart_get_update_mode	0	static
../Libs/lvgl/src/widgets/chart/lv_chart.c:308:10:lv_chart_get_hor_div_line_count	0	static
../Libs/lvgl/src/widgets/chart/lv_chart.c:316:10:lv_chart_get_ver_div_line_count	0	static
../Libs/lvgl/src/widgets/chart/lv_chart.c:324:10:lv_chart_get_x_start_point	0	static
../Libs/lvgl/src/widgets/chart/lv_chart.c:333:6:lv_chart_get_point_pos_by_id	64	static
../Libs/lvgl/src/widgets/chart/lv_chart.c:456:6:lv_chart_refresh	0	static
../Libs/lvgl/src/widgets/chart/lv_chart.c:118:6:lv_chart_set_type	24	static
../Libs/lvgl/src/widgets/chart/lv_chart.c:147:6:lv_chart_set_point_count	24	static
../Libs/lvgl/src/widgets/chart/lv_chart.c:171:6:lv_chart_set_axis_min_value	0	static
../Libs/lvgl/src/widgets/chart/lv_chart.c:202:6:lv_chart_set_axis_max_value	0	static
../Libs/lvgl/src/widgets/chart/lv_chart.c:232:6:lv_chart_set_axis_range	16	static
../Libs/lvgl/src/widgets/chart/lv_chart.c:467:21:lv_chart_add_series	32	static
../Libs/lvgl/src/widgets/chart/lv_chart.c:529:6:lv_chart_remove_series	16	static
../Libs/lvgl/src/widgets/chart/lv_chart.c:544:6:lv_chart_hide_series	0	static
../Libs/lvgl/src/widgets/chart/lv_chart.c:553:6:lv_chart_set_series_color	8	static
../Libs/lvgl/src/widgets/chart/lv_chart.c:562:12:lv_chart_get_series_color	8	static
../Libs/lvgl/src/widgets/chart/lv_chart.c:575:6:lv_chart_set_x_start_point	0	static
../Libs/lvgl/src/widgets/chart/lv_chart.c:585:21:lv_chart_get_series_next	0	static
../Libs/lvgl/src/widgets/chart/lv_chart.c:920:13:lv_chart_event	640	static
../Libs/lvgl/src/widgets/chart/lv_chart.c:598:22:lv_chart_add_cursor	24	static
../Libs/lvgl/src/widgets/chart/lv_chart.c:616:6:lv_chart_remove_cursor	8	static
../Libs/lvgl/src/widgets/chart/lv_chart.c:626:6:lv_chart_set_cursor_pos	4	static
../Libs/lvgl/src/widgets/chart/lv_chart.c:637:6:lv_chart_set_cursor_pos_x	0	static
../Libs/lvgl/src/widgets/chart/lv_chart.c:647:6:lv_chart_set_cursor_pos_y	0	static
../Libs/lvgl/src/widgets/chart/lv_chart.c:657:6:lv_chart_set_cursor_point	16	static
../Libs/lvgl/src/widgets/chart/lv_chart.c:669:12:lv_chart_get_cursor_point	0	static
../Libs/lvgl/src/widgets/chart/lv_chart.c:686:6:lv_chart_set_all_values	4	static
../Libs/lvgl/src/widgets/chart/lv_chart.c:701:6:lv_chart_set_next_value	16	static
../Libs/lvgl/src/widgets/chart/lv_chart.c:713:6:lv_chart_set_next_value2	12	static
../Libs/lvgl/src/widgets/chart/lv_chart.c:731:6:lv_chart_set_series_values	24	static
../Libs/lvgl/src/widgets/chart/lv_chart.c:743:6:lv_chart_set_series_values2	24	static
../Libs/lvgl/src/widgets/chart/lv_chart.c:758:6:lv_chart_set_series_value_by_id	4	static
../Libs/lvgl/src/widgets/chart/lv_chart.c:769:6:lv_chart_set_series_value_by_id2	12	static
../Libs/lvgl/src/widgets/chart/lv_chart.c:787:6:lv_chart_set_series_ext_y_array	16	static
../Libs/lvgl/src/widgets/chart/lv_chart.c:799:6:lv_chart_set_series_ext_x_array	16	static
../Libs/lvgl/src/widgets/chart/lv_chart.c:811:11:lv_chart_get_series_y_array	0	static
../Libs/lvgl/src/widgets/chart/lv_chart.c:819:11:lv_chart_get_series_x_array	0	static
../Libs/lvgl/src/widgets/chart/lv_chart.c:827:10:lv_chart_get_pressed_point	0	static
../Libs/lvgl/src/widgets/chart/lv_chart.c:835:9:lv_chart_get_first_point_center_offset	16	static
