../Libs/lvgl/src/widgets/msgbox/lv_msgbox.c:324:13:msgbox_size_changed_event_cb	16	static
../Libs/lvgl/src/widgets/msgbox/lv_msgbox.c:104:12:lv_msgbox_create	16	static
../Libs/lvgl/src/widgets/msgbox/lv_msgbox.c:140:12:lv_msgbox_add_title	24	static
../Libs/lvgl/src/widgets/msgbox/lv_msgbox.c:168:12:lv_msgbox_add_header_button	16	static
../Libs/lvgl/src/widgets/msgbox/lv_msgbox.c:192:12:lv_msgbox_add_text	16	static
../Libs/lvgl/src/widgets/msgbox/lv_msgbox.c:206:12:lv_msgbox_add_text_fmt	20	static
../Libs/lvgl/src/widgets/msgbox/lv_msgbox.c:223:12:lv_msgbox_add_footer_button	16	static
../Libs/lvgl/src/widgets/msgbox/lv_msgbox.c:254:12:lv_msgbox_add_close_button	8	static
../Libs/lvgl/src/widgets/msgbox/lv_msgbox.c:263:12:lv_msgbox_get_header	0	static
../Libs/lvgl/src/widgets/msgbox/lv_msgbox.c:270:12:lv_msgbox_get_footer	0	static
../Libs/lvgl/src/widgets/msgbox/lv_msgbox.c:277:12:lv_msgbox_get_content	0	static
../Libs/lvgl/src/widgets/msgbox/lv_msgbox.c:284:12:lv_msgbox_get_title	0	static
../Libs/lvgl/src/widgets/msgbox/lv_msgbox.c:291:6:lv_msgbox_close	8	static
../Libs/lvgl/src/widgets/msgbox/lv_msgbox.c:311:13:msgbox_close_click_event_cb	8	static
../Libs/lvgl/src/widgets/msgbox/lv_msgbox.c:299:6:lv_msgbox_close_async	8	static
