../Libs/lvgl/src/widgets/msgbox/../../core/lv_obj_style_internal_gen.h:70:23:lv_obj_get_style_height_internal	24	static
../Libs/lvgl/src/widgets/msgbox/lv_msgbox.c:104:12:lv_msgbox_create	32	static
../Libs/lvgl/src/widgets/msgbox/lv_msgbox.c:140:12:lv_msgbox_add_title	32	static
../Libs/lvgl/src/widgets/msgbox/lv_msgbox.c:168:12:lv_msgbox_add_header_button	32	static
../Libs/lvgl/src/widgets/msgbox/lv_msgbox.c:192:12:lv_msgbox_add_text	24	static
../Libs/lvgl/src/widgets/msgbox/lv_msgbox.c:206:12:lv_msgbox_add_text_fmt	36	static
../Libs/lvgl/src/widgets/msgbox/lv_msgbox.c:223:12:lv_msgbox_add_footer_button	32	static
../Libs/lvgl/src/widgets/msgbox/lv_msgbox.c:254:12:lv_msgbox_add_close_button	24	static
../Libs/lvgl/src/widgets/msgbox/lv_msgbox.c:263:12:lv_msgbox_get_header	24	static
../Libs/lvgl/src/widgets/msgbox/lv_msgbox.c:270:12:lv_msgbox_get_footer	24	static
../Libs/lvgl/src/widgets/msgbox/lv_msgbox.c:277:12:lv_msgbox_get_content	24	static
../Libs/lvgl/src/widgets/msgbox/lv_msgbox.c:284:12:lv_msgbox_get_title	24	static
../Libs/lvgl/src/widgets/msgbox/lv_msgbox.c:291:6:lv_msgbox_close	24	static
../Libs/lvgl/src/widgets/msgbox/lv_msgbox.c:299:6:lv_msgbox_close_async	24	static
../Libs/lvgl/src/widgets/msgbox/lv_msgbox.c:311:13:msgbox_close_click_event_cb	32	static
../Libs/lvgl/src/widgets/msgbox/lv_msgbox.c:324:13:msgbox_size_changed_event_cb	32	static
